09-29 02:46:23.310 17355  7630 I Ads     : Ad failed to load : 3
09-29 02:46:23.379  2363  6917 W ResourceType: ResTable_typeSpec entry count inconsistent: given 1833, previously 1920
09-29 02:46:23.379  2363  6917 W ResourceType: ResTable_typeSpec entry count inconsistent: given 697, previously 751
09-29 02:46:23.379  2363  6917 W ResourceType: ResTable_typeSpec entry count inconsistent: given 998, previously 1083
09-29 02:46:23.379  2363  6917 W ResourceType: ResTable_typeSpec entry count inconsistent: given 183, previously 916
09-29 02:46:23.381  2363  6917 I Icing   : Usage reports ok 2, Failed Usage reports 0, indexed 0, rejected 0
09-29 02:46:23.383  2363  6917 I GmsCoreXrpcWrapper: Returning a channel provider with trafficStatsTag=12803
09-29 02:46:23.385  3638  3652 D SamsungAlarmManager: Cancel Alarm calling from uid:10014 pid :2363 / op:PendingIntent{5dc7f25: PendingIntentRecord{e5ff496 com.google.android.gms broadcastIntent}}
09-29 02:46:23.389  3638  3655 D CompatibilityInfo: mCompatibilityFlags - 0
09-29 02:46:23.389  3638  3655 D CompatibilityInfo: applicationDensity - 640
09-29 02:46:23.389  3638  3655 D CompatibilityInfo: applicationScale - 1.0
09-29 02:46:23.392  3638  8724 D CompatibilityInfo: mCompatibilityFlags - 0
09-29 02:46:23.392  3638  8724 D CompatibilityInfo: applicationDensity - 640
09-29 02:46:23.392  3638  8724 D CompatibilityInfo: applicationScale - 1.0
09-29 02:46:23.397  2363  6917 I Icing   : Usage reports ok 0, Failed Usage reports 0, indexed 0, rejected 0
09-29 02:46:23.399  8726   500 W NetworkScheduler: Error inserting service_kind=0 source=16 tag=Measurement.PackageMeasurementTaskService.UPLOAD_TASK_TAG target_package=com.google.android.gms requires_charging=0 source_version=203315000 required_network_type=0 flex_time=3342000 persistence_level=1 target_class=com.google.android.gms.measurement.PackageMeasurementTaskService runtime=1601327783396 retry_strategy={"maximum_backoff_seconds":{"3600":0},"initial_backoff_seconds":{"30":0},"retry_policy":{"0":0}} preferred_network_type=1 required_idleness_state=0 preferred_charging_state=1 period=6686000 last_runtime=0 task_type=0 job_id=-1 user_id=0, error message: UNIQUE constraint failed: pending_ops.tag, pending_ops.target_class, pending_ops.target_package, pending_ops.user_id (code 2067)
09-29 02:46:23.399  8726   500 W NetworkScheduler: #################################################################
09-29 02:46:23.399  8726   500 W NetworkScheduler: Error Code : 2067 (SQLITE_CONSTRAINT_UNIQUE)
09-29 02:46:23.399  8726   500 W NetworkScheduler: Caused By : Abort due to constraint violation.
09-29 02:46:23.399  8726   500 W NetworkScheduler: 	(UNIQUE constraint failed: pending_ops.tag, pending_ops.target_class, pending_ops.target_package, pending_ops.user_id (code 2067))
09-29 02:46:23.399  8726   500 W NetworkScheduler: #################################################################
09-29 02:46:23.399  8726   500 W NetworkScheduler: [CONTEXT service_id=218 ]
09-29 02:46:23.710 17355  7040 I System.out: (HTTPLog)-Static: isSBSettingEnabled false
09-29 02:46:23.710 17355  7040 I System.out: (HTTPLog)-Static: isSBSettingEnabled false
09-29 02:46:23.761  3638  3744 D SamsungAlarmManager: Expired : 8
09-29 02:46:23.761  3638  3744 E AlarmManager: No more alarm at this time. nowELAPSED=188678197 batch.start=188707609 mNextWakeup=188707609 mNextNonWakeup=188678197 mAlarmBatches.size=46
09-29 02:46:23.761  3638  3744 E AlarmManager: Batch 1 size = 1 : 188707609, Batch 2 size = 1 : 188714436, Batch 3 size = 1 : 188746833
09-29 02:46:23.761  3638  3744 I SamsungAlarmManager: setLocked to kernel - T:2 / 20200929T024653, SetElapsed=188707609, nowELAPSED=188678197
09-29 02:46:23.815  3638  3870 D BatteryService: !@BatteryListener : batteryPropertiesChanged!
09-29 02:46:23.815  3638  3870 D BatteryService: level:91, scale:100, status:2, health:2, present:true, voltage: 4197, temperature: 294, technology: Li-ion, AC powered:false, USB powered:true, POGO powered:false, Wireless powered:false, icon:17303690, invalid charger:0, maxChargingCurrent:0, maxChargingVoltage:0, chargeCounter:0
09-29 02:46:23.815  3638  3870 D BatteryService: online:4, current avg:-155, charge type:1, power sharing:false, high voltage charger:false, capacity:280000, batterySWSelfDischarging:false, misc_event:0, current_now:185
09-29 02:46:23.816  3638  3638 D BatteryService: Sending ACTION_BATTERY_CHANGED.
09-29 02:46:23.820  3638  3638 V UiModeManager: updateLocked: null action, mDockState=0, category=null
09-29 02:46:23.820  3638  3638 D UiModeManager: updateConfigurationLocked: mDockState=0; mCarMode=false; mNightMode=1; uiMode=17
09-29 02:46:23.821  3638  3638 D GameManagerService: new battery level: 91
09-29 02:46:23.824  3966  3966 D KeyguardUpdateMonitor: received broadcast android.intent.action.BATTERY_CHANGED
09-29 02:46:23.824  3966  3966 D KeyguardUpdateMonitor: handleBatteryUpdate
09-29 02:46:23.826  3966  3966 D PowerUI : priorPlugType = 2 mPlugType =  2
09-29 02:46:23.829  3966  3966 D PowerUI.Notification: showChargingNotice oldChargingType : 1 currentChargingType : 1 oldChargingTime : 1743000 mChargingTime : 1765000
09-29 02:46:23.829  3966  3966 D PowerUI.Notification: showChargingNotification()
09-29 02:46:23.834  3954  3954 V HeadsetService: HeadsetService - Received Intent.ACTION_BATTERY_CHANGED
09-29 02:46:23.834  3954 10630 D HeadsetStateMachine: Disconnected process message: 10, size: 0
09-29 02:46:23.841  3638 12006 D ApplicationPolicy: isStatusBarNotificationAllowedAsUser: packageName = com.android.systemui,userId = -1
09-29 02:46:23.843  3966  3966 D BatteryMeterDrawable: isSomethingChanged - false
09-29 02:46:23.843  3966  3966 D BatteryMeterDrawable: isSomethingChanged - false
09-29 02:46:23.846  3966  3966 D Tile.FlashlightTile: ACTION_BATTERY_CHANGED - Level :: 91, emEnabled :: false
09-29 02:46:23.849  4896  4896 D CatchNotificationsService: onNotificationPosted
09-29 02:46:23.857  3208  3223 D BadgeProvider: query, [selection] : null
09-29 02:46:23.864  4896  4896 E CatchNotificationsService: Invalid notification data
09-29 02:46:23.887 17355  7550 I AppsFlyer_5.0.0: response code: 200
09-29 02:46:23.890 17355  7550 D AppsFlyer_5.0.0: Uninstall Token exists: dG-CD5U4RlCt4Vr9vZPx3z:APA91bGB-6EURDDHmoPrZpw0xENZWe0vYouweiT3qsszBkzl4WOeD9HcrVjwpkkYl5o4coa1fWut34IYL518DWK0tyoct10v5yDvcj1X5gJB3eQSydjU9mD9g0TEypesbMmNcu861ezz
09-29 02:46:23.892 17355  7550 D AppsFlyer_5.0.0: Calling onInstallConversionDataLoaded with:
09-29 02:46:23.892 17355  7550 D AppsFlyer_5.0.0: {install_time=2020-09-28 12:29:44.212, af_message=organic install, af_status=Organic, is_first_launch=false}
09-29 02:46:23.962  3638  3827 D CompatibilityInfo: mCompatibilityFlags - 0
09-29 02:46:23.962  3638  3827 D CompatibilityInfo: applicationDensity - 640
09-29 02:46:23.962  3638  3827 D CompatibilityInfo: applicationScale - 1.0
09-29 02:46:23.982  7534  7534 I ARCore-InstallService: Install service connected
09-29 02:46:23.983  3638  3638 D WifiDefaultApController: checkDefaultAptoCopy: mNeedtoAddVendorAp( REQUEST_FROM_REBOOT ) general info file exists? ( false )
09-29 02:46:23.993  3638  3655 D CompatibilityInfo: mCompatibilityFlags - 0
09-29 02:46:23.993  3638  3655 D CompatibilityInfo: applicationDensity - 640
09-29 02:46:23.993  3638  3655 D CompatibilityInfo: applicationScale - 1.0
09-29 02:46:23.996  2363  6917 W DatabaseProcessor: processLocalDevices: failed to get the network info with non-null bssid.
09-29 02:46:24.015 17923  7663 E Finsky  : [1388] osm.a(20): com.google.ar.core not available.
09-29 02:46:24.021  7534  7546 E ARCore-InstallService: The device is not supported.
09-29 02:46:24.026  3638  4385 D CompatibilityInfo: mCompatibilityFlags - 0
09-29 02:46:24.026  3638  4385 D CompatibilityInfo: applicationDensity - 640
09-29 02:46:24.026  3638  4385 D CompatibilityInfo: applicationScale - 1.0
09-29 02:46:24.112  3638  3834 D WifiStateMachine: Current network is: "GNXS-2611F8" , ID is: 46
09-29 02:46:24.985  3638  3780 D UcmService: onReceive android.intent.action.PACKAGE_CHANGED
09-29 02:46:24.986  3638  3780 D UcmService: Package update in userId-0 and uid-10432
09-29 02:46:24.986  3638  3780 D UcmService: isUCMPlugin pkgName-com.amazon.mShop.android.shopping
09-29 02:46:24.986  3638  3780 D UcmService: enforcePermission : com.amazon.mShop.android.shopping
09-29 02:46:24.986  3638  3780 D UcmService: isPCSCService pkgName-com.amazon.mShop.android.shopping
09-29 02:46:24.986  3638  3780 D UcmService: Updated app is not valid UCM plugin so ignoring refresh agent list....
09-29 02:46:25.005  3966  3966 D ShortcutManager: onReceive : android.intent.action.PACKAGE_CHANGED
09-29 02:46:25.010  3966  3966 D LauncherApps: getActivityList callingUid: 0 user: 0
09-29 02:46:25.031  4896  4896 I CatchNotificationsService: mPackageChangedReceiver : onReceive action = android.intent.action.PACKAGE_CHANGED
09-29 02:46:25.032  3638  3783 I InputReader: Reconfiguring input devices.  changes=0x00000010
09-29 02:46:25.033  4913  4913 I PeoplePackageManager: onReceive:android.intent.action.PACKAGE_CHANGED
09-29 02:46:25.046  3638 12048 W ActivityManager: Permission Denial: Accessing service ComponentInfo{com.google.android.music/com.google.android.music.dial.DialMediaRouteProviderService} from pid=17355, uid=10431 that is not exported from uid 10148
09-29 02:46:25.047  4777  4777 D RegisteredServicesCache: invalidateCache
09-29 02:46:25.053  3638  5110 D CompatibilityInfo: mCompatibilityFlags - 0
09-29 02:46:25.053  3638  5110 D CompatibilityInfo: applicationDensity - 640
09-29 02:46:25.053  3966  3966 D RecentsAppListLoader: getFrequentlyUsedAppCount - count=0
09-29 02:46:25.054  3638  5110 D CompatibilityInfo: applicationScale - 1.0
09-29 02:46:25.056  4358  4358 D CarrierSvcBindHelper: No carrier app for: 0
09-29 02:46:25.061  4777  4777 D ApduServiceInfo: seId: 0
09-29 02:46:25.067  3966  3966 D RecentsAppListLoader: getFrequentlyUsedAppCount - count=0
09-29 02:46:25.070  4777  4777 D ApduServiceInfo: seId: 0
09-29 02:46:25.070  4777  4777 D RegisteredOthersCache: start invalidate
09-29 02:46:25.070  4777  4777 D RegisteredOthersCache: update valid otherService: ComponentInfo{com.google.android.gms/com.google.android.gms.nearby.mediums.nearfieldcommunication.NfcAdvertisingService} AIDs: [F00000FE2C]
09-29 02:46:25.070  4777  4777 D RegisteredOthersCache: Existed other serivcee
09-29 02:46:25.071  4777  4777 D RegisteredPoliciesCache: invalidate
09-29 02:46:25.071  4777  4777 D RegisteredAidCache: onServicePolicyUpdated
09-29 02:46:25.071  4777  4777 D RegisteredAidCache: generateAidPolicyMapLocked
09-29 02:46:25.071  4777  4777 D AidPolicyManager: print policy
09-29 02:46:25.071  4777  4777 D AidPolicyManager: table size : 0
09-29 02:46:25.079  4777  4777 D RegisteredNfcFServicesCache: Service unchanged, not updating
09-29 02:46:25.085  4777  4777 D RegisteredComponentCache: Collect Tech packages for Knox
09-29 02:46:25.135  3638  3638 W PackageManager: STAHP USING HIDDEN APIS KTHX
09-29 02:46:25.136  3638  3638 D CocktailBarManagerServiceContainer: onReceive : android.intent.action.PACKAGE_CHANGED
09-29 02:46:25.137  3638  3638 D BackupManagerService: Received broadcast Intent { act=android.intent.action.PACKAGE_CHANGED dat=package:com.amazon.mShop.android.shopping flg=0x44000010 launchParam=MultiScreenLaunchParams { mDisplayId=0 mFlags=0 } bqHint=1 (has extras) }
09-29 02:46:25.137  3638  3638 I BackupManagerService: Package com.amazon.mShop.android.shopping changed; rechecking
09-29 02:46:25.137  3638  3638 I BackupManagerService:    * com.amazon.mShop.httpUrlDeepLink.HttpUrlDeepLinkingActivity
09-29 02:46:25.137  3638  3638 I BackupManagerService: Yes, need to recheck binding
09-29 02:46:25.209  3638  3654 W SearchableInfo: Invalid searchable metadata for com.samsung.android.themestore/.activity.bixby.SearchActivityForBixby: Search label must be a resource reference.
09-29 02:46:25.245  3638  3654 I PrintManagerService: onPackageModified com.amazon.mShop.android.shopping
09-29 02:46:25.245  3638  3654 I PrintManagerService:  - hadPrintService false
09-29 02:46:25.245  3638  3654 I PrintManagerService:  - hasPrintService false
09-29 02:46:25.245  3638  3654 I RemotePrintSpooler: pruneApprovedPrintServices
09-29 02:46:25.245  3638  3654 I RemotePrintSpooler: [user: 0] bindLocked() 
09-29 02:46:25.245  3638  3654 I RemotePrintSpooler: bindLocked binding service java.lang.Object@270ef89
09-29 02:46:25.248  3638  3654 D CompatibilityInfo: mCompatibilityFlags - 0
09-29 02:46:25.248  3638  3654 D CompatibilityInfo: applicationDensity - 640
09-29 02:46:25.248  3638  3654 D CompatibilityInfo: applicationScale - 1.0
09-29 02:46:25.248  3638  3654 I RemotePrintSpooler: bindLocked waiting. remainingMillis: 8000
09-29 02:46:25.250 28882 28882 D PrintSpoolerService: No existing print spooler state.
09-29 02:46:25.252  3638  3638 I RemotePrintSpooler: onServiceConnected
09-29 02:46:25.252  3638  3654 I RemotePrintSpooler: [user: 0] pruneApprovedPrintServices()
09-29 02:46:25.256  4875  4875 D Launcher.Model: onPackageChanged:com.amazon.mShop.android.shopping user:UserHandle{0}
09-29 02:46:25.256  4875  4875 D Launcher.Model: isValidStateInKnoxMode:false user:UserHandle{0}
09-29 02:46:25.256  4875  4875 E Launcher.Model: onPackageChanged :com.amazon.mShop.android.shopping
09-29 02:46:25.257  4875  4987 D LauncherApps: getActivityList callingUid: 0 user: 0
09-29 02:46:25.264  3638  8725 D PackageManager: getComponentMetadataForIconTray : com.amazon.mShop.home.HomeActivity does not exist in mServices
09-29 02:46:25.264  3638  8725 D PackageManager: getComponentMetadataForIconTray : com.amazon.mShop.home.HomeActivity does not exist in mProviders
09-29 02:46:25.264  3638  8725 D PackageManager: getComponentMetadataForIconTray : com.amazon.mShop.home.HomeActivity does not exist in mReceivers
09-29 02:46:25.265  4875  4987 E ApplicationPackageManager: checkSettingsForIconTray value : 0
09-29 02:46:25.265  4875  4987 I ApplicationPackageManager: load=NULL, bg=192-192, dr=192-192, forDefault=true
09-29 02:46:25.265  4875  4987 I ApplicationPackageManager: reset dr=192,192, bg=192,192
09-29 02:46:25.266  4875  4987 E ApplicationPackageManager: checkSettingsForIconTray value : 0
09-29 02:46:25.267  4875  4987 I ApplicationPackageManager: scaled rate=0.87999994, size=192, alpha=0, hold=26, target=192
09-29 02:46:25.270  4875  4987 D LauncherActivityInfo: packageName: com.amazon.mShop.android.shopping, needTray: true, height: 192, width: 192
09-29 02:46:25.277  4875  4987 D LauncherApps: getActivityList callingUid: 0 user: 0
09-29 02:46:25.277  4875  4987 D Launcher.MenuWidgetsLoader: packageChanged : com.amazon.mShop.android.shopping
09-29 02:46:25.278  4875  4875 D Launcher.MenuWidgetsLoader: MenuWidgetLoade-loadMenuWidgets : false
09-29 02:46:25.278  4875  4875 D MenuView: packageChanged:changed
09-29 02:46:25.278  4875  4875 D MenuView: packagesChanged:2
09-29 02:46:25.278  4875  4875 D MenuView: frag:null
09-29 02:46:25.278  4875  4875 D MenuView: frag:MenuAppsGridFragment{46e4e9e #0 id=0x1020011 APPS}
09-29 02:46:25.278  4875  4875 D MenuAppsGridFragment: appModelUpdated onStop:MenuAppsGridFragment{46e4e9e #0 id=0x1020011 APPS}
09-29 02:46:25.278  4875  7685 D Launcher.MenuWidgetsLoader: MenuWidgetLoader-start : com.android.launcher2.MenuWidgetsLoader$LoadMenuWidgetsTask@ae17a34 , false
09-29 02:46:25.306  4875  4875 D Launcher.MenuWidgetsLoader: MenuWidgetLoader-done : com.android.launcher2.MenuWidgetsLoader$LoadMenuWidgetsTask@ae17a34 , update : false , size : 57
09-29 02:46:25.478  4588  4588 D io_stats: !@   8,0 r 1705841 58739072 w 387475 9784756 d 47767 8571428 f 154118 154077 iot 801690 553650 th 61440 0 0 pt 0 inp 0 0 47152.208
09-29 02:46:26.069  2363 12329 W AdaptiveDiscoveryWorker: Exiting Adaptive Discovery. Current NetworkInfo is NULL.
09-29 02:46:26.568  3638  6261 D SSRM:t  : SIOP:: AP = 400, PST = 339 (W:10), CP = 320, CUR = -93, LCD = 6
09-29 02:46:27.132  3638  3834 D WifiStateMachine: Current network is: "GNXS-2611F8" , ID is: 46
09-29 02:46:27.132  3638  3834 D WifiStateMachine: 24GHz mQnsLowerRssiThreshold is recovered, currentRssi = -56
09-29 02:46:29.028 17355 17355 W ResourceType: For resource 0x7f08040b, entry index(1035) is beyond type entryCount(998)
09-29 02:46:29.028 17355 17355 W ResourceType: For resource 0x7f08040b, entry index(1035) is beyond type entryCount(998)
09-29 02:46:29.028 17355 17355 W ResourceType: For resource 0x7f08040b, entry index(1035) is beyond type entryCount(998)
09-29 02:46:29.036 17355 17355 D TextView: setTypeface with style : 0
09-29 02:46:29.044 17355 17355 D TextView: setTypeface with style : 0
09-29 02:46:29.054 17355 17355 D Picasso : Main        created      [R396] Request{https://img.wynk.in/unsafe/960x335/filters:no_upscale():format(webp)/http://s3.ap-south-1.amazonaws.com/discovery-prod-arsenal/arsenal/artworks/5f6ded4052e461196a23a917/BANNER_68105407852450.png}
09-29 02:46:29.055 17355 17355 D Picasso : Main        completed    [R396] from MEMORY
09-29 02:46:29.736  3638  3901 D WifiWatchdogStateMachine:  [|1]
09-29 02:46:29.992  3638  3900 D WifiWatchdogStateMachine.QualitySocketHandler: response code: 204
09-29 02:46:29.994  3638  3900 W ContextImpl: Calling a method in the system process without a qualified user: android.app.ContextImpl.sendBroadcast:906 com.android.server.wifi.WifiWatchdogStateMachine$QualitySocketHandler.handleMessage:4828 android.os.Handler.dispatchMessage:102 android.os.Looper.loop:154 android.os.HandlerThread.run:61 
09-29 02:46:30.148  3638  3834 D WifiStateMachine: Current network is: "GNXS-2611F8" , ID is: 46
09-29 02:46:30.149  3638  3834 D WifiStateMachine: 24GHz mQnsLowerRssiThreshold is recovered, currentRssi = -59
09-29 02:46:30.267  3638  5114 I RemotePrintSpooler: [user: 0] unbindLocked()
09-29 02:46:30.481  4588  4588 D io_stats: !@   8,0 r 1705857 58739268 w 387527 9785148 d 47771 8571444 f 154122 154081 iot 801700 553663 th 61440 0 0 pt 0 inp 0 0 47157.211
09-29 02:46:30.930  7710  7710 D SecurityManagerNative: SecurityManagerNative v2.7.2.6 On 64bit PLATFORM With BORINGSSL
09-29 02:46:30.934  7710  7710 I appproc : Enhanced Zygote ASLR: ENABLED! nice_name = zygote64
09-29 02:46:30.934  7710  7710 D AndroidRuntime: >>>>>> START com.android.internal.os.RuntimeInit uid 2000 <<<<<<
09-29 02:46:30.937  7710  7710 D AndroidRuntime: CheckJNI is OFF
09-29 02:46:30.938  7710  7710 D AndroidRuntime: addProductProperty: start
09-29 02:46:30.989  7710  7710 I [saiv 1.1]: saiv_OnLoadJNI.cpp(38): _init: Version 1.1 Build # 3532
09-29 02:46:30.989  7710  7710 I [saiv 1.1]: saiv_OnLoadJNI.cpp(43): _init: _init() was called
09-29 02:46:31.010  7710  7710 I MLDAP   : ================================================
09-29 02:46:31.010  7710  7710 I MLDAP   :  MLDAP_LIB v1.1.16
09-29 02:46:31.010  7710  7710 I MLDAP   : ================================================
09-29 02:46:31.059  7710  7710 I TMSDISP : AcsAndroidVirtualDisplayIntfImpl
09-29 02:46:31.087  7710  7710 D ICU     : No timezone override file found: /data/misc/zoneinfo/current/icu/icu_tzdata.dat
09-29 02:46:31.108  7710  7710 I Radio-JNI: register_android_hardware_Radio DONE
09-29 02:46:31.112  7710  7710 D ReflectionHelper: loadKlass() : caller=android.app.Activity.<clinit>:7555 <bottom of call stack> 
09-29 02:46:31.112  7710  7710 D ReflectionHelper: Reflecting method.....  class <onScreenChanged>
09-29 02:46:31.113  7710  7710 E SemAffinityControl: SemAffinityControl: registerfunction enter
09-29 02:46:31.123  7710  7710 D AndroidRuntime: Calling main entry com.android.commands.pm.Pm
09-29 02:46:31.127  7710  7710 I art     : System.exit called, status: 0
09-29 02:46:31.127  7710  7710 I AndroidRuntime: VM exiting with result code 0.
09-29 02:46:31.127  7710  7718 W MessageQueue: Handler (android.os.Handler) {358f498} sending message to a Handler on a dead thread
09-29 02:46:31.127  7710  7718 W MessageQueue: java.lang.IllegalStateException: Handler (android.os.Handler) {358f498} sending message to a Handler on a dead thread
09-29 02:46:31.127  7710  7718 W MessageQueue: 	at android.os.MessageQueue.enqueueMessage(MessageQueue.java:543)
09-29 02:46:31.127  7710  7718 W MessageQueue: 	at android.os.Handler.enqueueMessage(Handler.java:643)
09-29 02:46:31.127  7710  7718 W MessageQueue: 	at android.os.Handler.sendMessageAtTime(Handler.java:612)
09-29 02:46:31.127  7710  7718 W MessageQueue: 	at android.os.Handler.sendMessageDelayed(Handler.java:582)
09-29 02:46:31.127  7710  7718 W MessageQueue: 	at android.os.Handler.post(Handler.java:338)
09-29 02:46:31.127  7710  7718 W MessageQueue: 	at android.os.ResultReceiver$MyResultReceiver.send(ResultReceiver.java:57)
09-29 02:46:31.127  7710  7718 W MessageQueue: 	at com.android.internal.os.IResultReceiver$Stub.onTransact(IResultReceiver.java:58)
09-29 02:46:31.127  7710  7718 W MessageQueue: 	at android.os.Binder.execTransact(Binder.java:573)
09-29 02:46:31.127  7710  7710 I TMSDISP : AcsAndroidVirtualDisplayIntfImpl::~AcsAndroidVirtualDisplayIntfImpl - Enter
09-29 02:46:31.127  7710  7710 I TMSDISP : AcsAndroidVirtualDisplayIntfImpl::~AcsAndroidVirtualDisplayIntfImpl - Enter2
09-29 02:46:31.127  7710  7710 I TMSDISP : AcsAndroidVirtualDisplayIntfImpl::~AcsAndroidVirtualDisplayIntfImpl - mSource2
09-29 02:46:31.127  7710  7710 I TMSDISP : AcsAndroidVirtualDisplayIntfImpl::~AcsAndroidVirtualDisplayIntfImpl - Exit
09-29 02:46:33.161  3638  3834 D WifiStateMachine: Current network is: "GNXS-2611F8" , ID is: 46
09-29 02:46:33.162  3638  3834 D WifiStateMachine: 24GHz mQnsLowerRssiThreshold is recovered, currentRssi = -57
09-29 02:46:33.878  3638 12043 D BatteryService: !@BatteryListener : batteryPropertiesChanged!
09-29 02:46:33.880  3638 12043 D BatteryService: level:91, scale:100, status:2, health:2, present:true, voltage: 4221, temperature: 294, technology: Li-ion, AC powered:false, USB powered:true, POGO powered:false, Wireless powered:false, icon:17303690, invalid charger:0, maxChargingCurrent:0, maxChargingVoltage:0, chargeCounter:0
09-29 02:46:33.880  3638 12043 D BatteryService: online:4, current avg:37, charge type:1, power sharing:false, high voltage charger:false, capacity:280000, batterySWSelfDischarging:false, misc_event:0, current_now:251
09-29 02:46:33.880  3638  3638 D BatteryService: Sending ACTION_BATTERY_CHANGED.
09-29 02:46:33.891  3638  3638 V UiModeManager: updateLocked: null action, mDockState=0, category=null
09-29 02:46:33.891  3638  3638 D UiModeManager: updateConfigurationLocked: mDockState=0; mCarMode=false; mNightMode=1; uiMode=17
09-29 02:46:33.894  3638  3638 D GameManagerService: new battery level: 91
09-29 02:46:33.897  3966  3966 D KeyguardUpdateMonitor: received broadcast android.intent.action.BATTERY_CHANGED
09-29 02:46:33.901  3966  3966 D PowerUI : priorPlugType = 2 mPlugType =  2
09-29 02:46:33.903  3966  3966 D PowerUI.Notification: showChargingNotice oldChargingType : 1 currentChargingType : 1 oldChargingTime : 1765000 mChargingTime : 1765000
09-29 02:46:33.903  3966  3966 D PowerUI.Notification: There is no change about charging status, so return!
09-29 02:46:33.904  3966  3966 D KeyguardUpdateMonitor: handleBatteryUpdate
09-29 02:46:33.906  3966  3966 D BatteryMeterDrawable: isSomethingChanged - false
09-29 02:46:33.907  3966  3966 D BatteryMeterDrawable: isSomethingChanged - false
09-29 02:46:33.911  3966  3966 D Tile.FlashlightTile: ACTION_BATTERY_CHANGED - Level :: 91, emEnabled :: false
09-29 02:46:33.914  3954  3954 V HeadsetService: HeadsetService - Received Intent.ACTION_BATTERY_CHANGED
09-29 02:46:33.915  3954 10630 D HeadsetStateMachine: Disconnected process message: 10, size: 0
09-29 02:46:35.299 17355 17355 W ResourceType: For resource 0x7f08040b, entry index(1035) is beyond type entryCount(998)
09-29 02:46:35.300 17355 17355 W ResourceType: For resource 0x7f08040b, entry index(1035) is beyond type entryCount(998)
09-29 02:46:35.300 17355 17355 W ResourceType: For resource 0x7f08040b, entry index(1035) is beyond type entryCount(998)
09-29 02:46:35.306 17355 17355 D TextView: setTypeface with style : 0
09-29 02:46:35.311 17355 17355 D TextView: setTypeface with style : 0
09-29 02:46:35.316 17355 17355 D Picasso : Main        created      [R397] Request{https://img.wynk.in/unsafe/960x335/filters:no_upscale():format(webp)/http://s3.ap-south-1.amazonaws.com/discovery-prod-arsenal/arsenal/artworks/5f66543f8ff6b86cc57a9475/BANNER_3205593411413555.png}
09-29 02:46:35.317 17355 17355 D Picasso : Main        completed    [R397] from MEMORY
09-29 02:46:35.484  4588  4588 D io_stats: !@   8,0 r 1705857 58739268 w 387545 9785460 d 47772 8571448 f 154153 154112 iot 801700 553671 th 61440 0 0 pt 0 inp 0 0 47162.214
09-29 02:46:35.837  3638  3638 V DeviceStorageMonitorService: restatDataDir : /data= 785904/844560
09-29 02:46:35.837  3638  3638 V DeviceStorageMonitorService: freeMemory=15802167296
09-29 02:46:35.837  3638  3638 I DeviceStorageMonitorService: Posting Message again
09-29 02:46:36.184  3638  3834 D WifiStateMachine: Current network is: "GNXS-2611F8" , ID is: 46
09-29 02:46:36.185  3638  3834 D WifiStateMachine: 24GHz mQnsLowerRssiThreshold is recovered, currentRssi = -57
09-29 02:46:36.597  3638  6261 D SSRM:t  : SIOP:: AP = 360, PST = 343 (W:10), CP = 318, CUR = 89, LCD = 6
09-29 02:46:36.956 17355  7040 I System.out: (HTTPLog)-Static: isSBSettingEnabled false
09-29 02:46:36.957 17355  7040 I System.out: (HTTPLog)-Static: isSBSettingEnabled false
09-29 02:46:37.362  3638 12145 D SamsungAlarmManager: setInexact Listener (T:2/F:0/AC:false) 20200929T031307 - CU:1000/CP:3638
09-29 02:46:37.368  3638 12145 D SamsungAlarmManager: setInexact Listener (T:2/F:0/AC:false) 20200929T041307 - CU:1000/CP:3638
09-29 02:46:39.203  3638  3834 D WifiStateMachine: Current network is: "GNXS-2611F8" , ID is: 46
09-29 02:46:39.203  3638  3834 D WifiStateMachine: 24GHz mQnsLowerRssiThreshold is recovered, currentRssi = -59
09-29 02:46:40.486  4588  4588 D io_stats: !@   8,0 r 1705857 58739268 w 387567 9785672 d 47774 8571632 f 154159 154118 iot 801710 553677 th 61440 0 0 pt 0 inp 0 0 47167.216
09-29 02:46:40.887  7730  7730 D SecurityManagerNative: SecurityManagerNative v2.7.2.6 On 64bit PLATFORM With BORINGSSL
09-29 02:46:40.891  7730  7730 I appproc : Enhanced Zygote ASLR: ENABLED! nice_name = zygote64
09-29 02:46:40.891  7730  7730 D AndroidRuntime: >>>>>> START com.android.internal.os.RuntimeInit uid 2000 <<<<<<
09-29 02:46:40.894  7730  7730 D AndroidRuntime: CheckJNI is OFF
09-29 02:46:40.894  7730  7730 D AndroidRuntime: addProductProperty: start
09-29 02:46:40.941  7730  7730 I [saiv 1.1]: saiv_OnLoadJNI.cpp(38): _init: Version 1.1 Build # 3532
09-29 02:46:40.941  7730  7730 I [saiv 1.1]: saiv_OnLoadJNI.cpp(43): _init: _init() was called
09-29 02:46:40.961  7730  7730 I MLDAP   : ================================================
09-29 02:46:40.961  7730  7730 I MLDAP   :  MLDAP_LIB v1.1.16
09-29 02:46:40.961  7730  7730 I MLDAP   : ================================================
09-29 02:46:41.012  7730  7730 I TMSDISP : AcsAndroidVirtualDisplayIntfImpl
09-29 02:46:41.042  7730  7730 D ICU     : No timezone override file found: /data/misc/zoneinfo/current/icu/icu_tzdata.dat
09-29 02:46:41.061  7730  7730 I Radio-JNI: register_android_hardware_Radio DONE
09-29 02:46:41.066  7730  7730 D ReflectionHelper: loadKlass() : caller=android.app.Activity.<clinit>:7555 <bottom of call stack> 
09-29 02:46:41.066  7730  7730 D ReflectionHelper: Reflecting method.....  class <onScreenChanged>
09-29 02:46:41.067  7730  7730 E SemAffinityControl: SemAffinityControl: registerfunction enter
09-29 02:46:41.076  7730  7730 D AndroidRuntime: Calling main entry com.android.commands.am.Am
09-29 02:46:41.078  3638  3831 I ActivityManager: Force stopping io.appium.uiautomator2.server.test appid=10199 user=0: from pid 7730
09-29 02:46:41.080  7730  7730 D AndroidRuntime: Shutting down VM
09-29 02:46:41.082  3638  3638 D SamsungAlarmManager: Remove alarm for next reason : android.intent.action.PACKAGE_RESTARTED : package: io.appium.uiautomator2.server.test
09-29 02:46:41.085  4358  4358 D CarrierSvcBindHelper: No carrier app for: 0
09-29 02:46:41.090  3638  3655 D CompatibilityInfo: mCompatibilityFlags - 0
09-29 02:46:41.090  3638  3655 D CompatibilityInfo: applicationDensity - 640
09-29 02:46:41.090  3638  3655 D CompatibilityInfo: applicationScale - 1.0
09-29 02:46:41.090  3638  8724 W ActivityManager: Permission Denial: Accessing service ComponentInfo{com.google.android.music/com.google.android.music.dial.DialMediaRouteProviderService} from pid=17355, uid=10431 that is not exported from uid 10148
09-29 02:46:41.090  4777  4777 D RegisteredServicesCache: invalidateCache
09-29 02:46:41.093  3638  3638 D CompatibilityInfo: mCompatibilityFlags - 0
09-29 02:46:41.093  3638  3638 D CompatibilityInfo: applicationDensity - 640
09-29 02:46:41.093  3638  3638 D CompatibilityInfo: applicationScale - 1.0
09-29 02:46:41.095  4777  4777 D ApduServiceInfo: seId: 0
09-29 02:46:41.096 18317 18317 D [WeatherWidget(15331)]  ClearDataReceiver: {[2B4A2AC40B5A9FD87A06E8EADDAC90149450B281952438798C09FE26B63B4828D5F14E5258F3A650127AC845F4C1177503CEA9BBF2A83714FBBE78987D5FB70604019314A9E6FB475D592C1F768929366ECC8291CE939A28E62FFAFC70B7ABDB1677E675FE07A9D5322B46552E7BA16EDD1EC8176CE282A44E92DB3FF38740B9]}
09-29 02:46:41.098  7730  7730 I TMSDISP : AcsAndroidVirtualDisplayIntfImpl::~AcsAndroidVirtualDisplayIntfImpl - Enter
09-29 02:46:41.098  7730  7730 I TMSDISP : AcsAndroidVirtualDisplayIntfImpl::~AcsAndroidVirtualDisplayIntfImpl - Enter2
09-29 02:46:41.098  7730  7730 I TMSDISP : AcsAndroidVirtualDisplayIntfImpl::~AcsAndroidVirtualDisplayIntfImpl - mSource2
09-29 02:46:41.098  7730  7730 I TMSDISP : AcsAndroidVirtualDisplayIntfImpl::~AcsAndroidVirtualDisplayIntfImpl - Exit
09-29 02:46:41.098  4777  4777 D ApduServiceInfo: seId: 0
09-29 02:46:41.099  4777  4777 D RegisteredOthersCache: start invalidate
09-29 02:46:41.099  4777  4777 D RegisteredOthersCache: update valid otherService: ComponentInfo{com.google.android.gms/com.google.android.gms.nearby.mediums.nearfieldcommunication.NfcAdvertisingService} AIDs: [F00000FE2C]
09-29 02:46:41.099  4777  4777 D RegisteredOthersCache: Existed other serivcee
09-29 02:46:41.099  4777  4777 D RegisteredPoliciesCache: invalidate
09-29 02:46:41.099  4777  4777 D RegisteredAidCache: onServicePolicyUpdated
09-29 02:46:41.099  4777  4777 D RegisteredAidCache: generateAidPolicyMapLocked
09-29 02:46:41.099  4777  4777 D AidPolicyManager: print policy
09-29 02:46:41.099  4777  4777 D AidPolicyManager: table size : 0
09-29 02:46:41.109  4777  4777 D RegisteredNfcFServicesCache: Service unchanged, not updating
09-29 02:46:41.527  7740  7740 D SecurityManagerNative: SecurityManagerNative v2.7.2.6 On 64bit PLATFORM With BORINGSSL
09-29 02:46:41.532  7740  7740 I appproc : Enhanced Zygote ASLR: ENABLED! nice_name = zygote64
09-29 02:46:41.532  7740  7740 D AndroidRuntime: >>>>>> START com.android.internal.os.RuntimeInit uid 2000 <<<<<<
09-29 02:46:41.534  7740  7740 D AndroidRuntime: CheckJNI is OFF
09-29 02:46:41.535  7740  7740 D AndroidRuntime: addProductProperty: start
09-29 02:46:41.558 17355 17355 W ResourceType: For resource 0x7f08040b, entry index(1035) is beyond type entryCount(998)
09-29 02:46:41.558 17355 17355 W ResourceType: For resource 0x7f08040b, entry index(1035) is beyond type entryCount(998)
09-29 02:46:41.558 17355 17355 W ResourceType: For resource 0x7f08040b, entry index(1035) is beyond type entryCount(998)
09-29 02:46:41.559 17355 17355 D TextView: setTypeface with style : 0
09-29 02:46:41.560 17355 17355 D TextView: setTypeface with style : 0
09-29 02:46:41.561 17355 17355 D Picasso : Main        created      [R398] Request{https://img.wynk.in/unsafe/960x335/filters:no_upscale():format(webp)/http://s3.ap-south-1.amazonaws.com/discovery-prod-arsenal/arsenal/artworks/5f6b6568e7a8995d7b142f58/BANNER_3537716009884872.png}
09-29 02:46:41.561 17355 17355 D Picasso : Main        completed    [R398] from MEMORY
09-29 02:46:41.582  7740  7740 I [saiv 1.1]: saiv_OnLoadJNI.cpp(38): _init: Version 1.1 Build # 3532
09-29 02:46:41.582  7740  7740 I [saiv 1.1]: saiv_OnLoadJNI.cpp(43): _init: _init() was called
09-29 02:46:41.602  7740  7740 I MLDAP   : ================================================
09-29 02:46:41.602  7740  7740 I MLDAP   :  MLDAP_LIB v1.1.16
09-29 02:46:41.602  7740  7740 I MLDAP   : ================================================
09-29 02:46:41.652  7740  7740 I TMSDISP : AcsAndroidVirtualDisplayIntfImpl
09-29 02:46:41.679  7740  7740 D ICU     : No timezone override file found: /data/misc/zoneinfo/current/icu/icu_tzdata.dat
09-29 02:46:41.699  7740  7740 I Radio-JNI: register_android_hardware_Radio DONE
09-29 02:46:41.703  7740  7740 D ReflectionHelper: loadKlass() : caller=android.app.Activity.<clinit>:7555 <bottom of call stack> 
09-29 02:46:41.703  7740  7740 D ReflectionHelper: Reflecting method.....  class <onScreenChanged>
09-29 02:46:41.704  7740  7740 E SemAffinityControl: SemAffinityControl: registerfunction enter
09-29 02:46:41.714  7740  7740 D AndroidRuntime: Calling main entry com.android.commands.am.Am
09-29 02:46:41.717  3638  3836 I ActivityManager: Force stopping io.appium.uiautomator2.server appid=10198 user=0: start instr
09-29 02:46:41.719  3638  3836 D MountService: getExternalStorageMountMode : 1
09-29 02:46:41.719  3638  3836 D MountService: getExternalStorageMountMode : 3
09-29 02:46:41.719  3638  3836 D MountService: getExternalStorageMountMode : final mountMode=1, uid : 10198, packageName : io.appium.uiautomator2.server
09-29 02:46:41.729  7750  7750 E Zygote  : v2
09-29 02:46:41.729  7750  7750 I libpersona: KNOX_SDCARD checking this for 10198
09-29 02:46:41.729  7750  7750 I libpersona: KNOX_SDCARD not a persona
09-29 02:46:41.730  3638  3836 I ActivityManager: Start proc 7750:io.appium.uiautomator2.server/u0a198 for added application io.appium.uiautomator2.server
09-29 02:46:41.730  7750  7750 E Zygote  : accessInfo : 0
09-29 02:46:41.731  7750  7750 W SELinux : SELinux selinux_android_compute_policy_index : Policy Index[2],  Con:u:r:zygote:s0 RAM:SEPF_SECMOBILE_7.0_0010, [-1 -1 -1 -1 0 1]
09-29 02:46:41.732  7750  7750 I SELinux : SELinux: seapp_context_lookup: seinfo=untrusted, level=s0:c512,c768, pkgname=io.appium.uiautomator2.server 
09-29 02:46:41.734  7750  7750 I art     : Late-enabling -Xcheck:jni
09-29 02:46:41.748  7750  7750 D TimaKeyStoreProvider: TimaKeyStore is not enabled: cannot add TimaSignature Service and generateKeyPair Service
09-29 02:46:41.750  3638 12043 D CompatibilityInfo: mCompatibilityFlags - 0
09-29 02:46:41.750  3638 12043 D CompatibilityInfo: applicationDensity - 640
09-29 02:46:41.750  3638 12043 D CompatibilityInfo: applicationScale - 1.0
09-29 02:46:41.750  3638 12043 I ActivityManager: DSS on for io.appium.uiautomator2.server and scale is 1.0
09-29 02:46:41.750  3638 12043 D CompatibilityInfo: mCompatibilityFlags - 0
09-29 02:46:41.750  3638 12043 D CompatibilityInfo: applicationDensity - 640
09-29 02:46:41.751  3638 12043 D CompatibilityInfo: applicationScale - 1.0
09-29 02:46:41.768  7750  7750 I art     : Starting a blocking GC AddRemoveAppImageSpace
09-29 02:46:41.770  7750  7750 W System  : ClassLoader referenced unknown path: /data/app/io.appium.uiautomator2.server.test-1/lib/arm64
09-29 02:46:41.770  7750  7750 W System  : ClassLoader referenced unknown path: /data/app/io.appium.uiautomator2.server-1/lib/arm64
09-29 02:46:41.776  7750  7750 W System  : ClassLoader referenced unknown path: 
09-29 02:46:41.793  7750  7750 I MonitoringInstr: Instrumentation started!
09-29 02:46:41.794  7750  7750 I MonitoringInstr: Setting context classloader to 'dalvik.system.PathClassLoader[DexPathList[[zip file "/system/framework/android.test.runner.jar", zip file "/data/app/io.appium.uiautomator2.server.test-1/base.apk", zip file "/data/app/io.appium.uiautomator2.server-1/base.apk"],nativeLibraryDirectories=[/data/app/io.appium.uiautomator2.server.test-1/lib/arm64, /data/app/io.appium.uiautomator2.server-1/lib/arm64, /system/lib64, /vendor/lib64]]]', Original: 'dalvik.system.PathClassLoader[DexPathList[[zip file "/system/framework/android.test.runner.jar", zip file "/data/app/io.appium.uiautomator2.server.test-1/base.apk", zip file "/data/app/io.appium.uiautomator2.server-1/base.apk"],nativeLibraryDirectories=[/data/app/io.appium.uiautomator2.server.test-1/lib/arm64, /data/app/io.appium.uiautomator2.server-1/lib/arm64, /system/lib64, /vendor/lib64]]]'
09-29 02:46:41.795  7750  7750 I MonitoringInstr: No JSBridge.
09-29 02:46:41.796  7750  7765 I MonitoringInstr: Setting context classloader to 'dalvik.system.PathClassLoader[DexPathList[[zip file "/system/framework/android.test.runner.jar", zip file "/data/app/io.appium.uiautomator2.server.test-1/base.apk", zip file "/data/app/io.appium.uiautomator2.server-1/base.apk"],nativeLibraryDirectories=[/data/app/io.appium.uiautomator2.server.test-1/lib/arm64, /data/app/io.appium.uiautomator2.server-1/lib/arm64, /system/lib64, /vendor/lib64]]]', Original: 'dalvik.system.PathClassLoader[DexPathList[[zip file "/system/framework/android.test.runner.jar", zip file "/data/app/io.appium.uiautomator2.server.test-1/base.apk", zip file "/data/app/io.appium.uiautomator2.server-1/base.apk"],nativeLibraryDirectories=[/data/app/io.appium.uiautomator2.server.test-1/lib/arm64, /data/app/io.appium.uiautomator2.server-1/lib/arm64, /system/lib64, /vendor/lib64]]]'
09-29 02:46:41.801  7750  7765 I UsageTrackerFacilitator: Usage tracking enabled
09-29 02:46:41.801  7750  7765 I TestRequestBuilder: Scanning classpath to find tests in paths [/data/app/io.appium.uiautomator2.server.test-1/base.apk]
09-29 02:46:41.940  7750  7765 D TestExecutor: Adding listener androidx.test.internal.runner.listener.LogRunListener
09-29 02:46:41.940  7750  7765 D TestExecutor: Adding listener androidx.test.internal.runner.listener.InstrumentationResultPrinter
09-29 02:46:41.940  7750  7765 D TestExecutor: Adding listener androidx.test.internal.runner.listener.ActivityFinisherRunListener
09-29 02:46:41.941  7750  7765 I TestRunner: run started: 1 tests
09-29 02:46:41.943  7750  7765 I TestRunner: started: startServer(io.appium.uiautomator2.server.test.AppiumUiAutomator2Server)
09-29 02:46:41.945  7750  7750 I MonitoringInstr: Activities that are still in CREATED to STOPPED: 0
09-29 02:46:41.946  7750  7765 I appium  : [AppiumUiAutomator2Server] Starting Server
09-29 02:46:42.215  3638  3834 D WifiStateMachine: Current network is: "GNXS-2611F8" , ID is: 46
09-29 02:46:42.216  3638  3834 D WifiStateMachine: 24GHz mQnsLowerRssiThreshold is recovered, currentRssi = -57
09-29 02:46:42.643  3638  4294 E Watchdog: !@Sync 1570 [2020-09-29 02:46:42.642]
09-29 02:46:42.957  7750  7765 I appium  : AndroidServer created on port 6790
09-29 02:46:42.958  7750  7765 I appium  : io.appium.uiautomator2.server started:
09-29 02:46:42.968  3638  5108 D PowerManagerService: [api] acquire WakeLock flags=0x6 tag=UiAutomator2:ScreenKeeper uid=10198 pid=7750 ws=null pkg=io.appium.uiautomator2.server
09-29 02:46:42.991  3638  5335 I AccessibilityManagerService: semIsAccessibilityServiceEnabled()
09-29 02:46:42.991  3638  5335 I AccessibilityManagerService: accesibilityService is null
09-29 02:46:42.998  3638  3638 I AccessibilityManagerService: semIsAccessibilityServiceEnabled()
09-29 02:46:42.998  3638  3638 I AccessibilityManagerService: accesibilityService is null
09-29 02:46:43.004  3638  3656 D SamsungPhoneWindowManager: updateSettings(). settings changed. doubleTapLaunchBehavior : 0. mDoubleTapLaunchBehavior : 0. mDoubleTapLaunchUser 0
09-29 02:46:43.005  3638  3638 D AccessibilityManagerService: checkUniversalSwitchState start:
09-29 02:46:43.007  3638  3638 D AccessibilityManagerService: checkUniversalSwitchState universalSwitchEnabled:false
09-29 02:46:43.007  3638  3638 D AccessibilityManagerService: updateInputFilter universalSwitchState:false
09-29 02:46:43.007  3638  3638 D AccessibilityManagerService: updateInputFilter userState.mIsUniversalSwitchEnabled:false
09-29 02:46:43.013  3638  3638 D AccessibilityManagerService: checkUniversalSwitchState start:
09-29 02:46:43.013  3638  3638 D AccessibilityManagerService: checkUniversalSwitchState universalSwitchEnabled:false
09-29 02:46:43.013  3638  3638 D AccessibilityManagerService: updateInputFilter universalSwitchState:false
09-29 02:46:43.013  3638  3638 D AccessibilityManagerService: updateInputFilter userState.mIsUniversalSwitchEnabled:false
09-29 02:46:43.043 17355 17355 E ClipboardServiceEx: clipEx is com.samsung.android.content.clipboard.SemClipboardManager@7c774df
09-29 02:46:43.048  3638  4853 I AccessibilityManagerService: semIsAccessibilityServiceEnabled()
09-29 02:46:43.048  3638  4853 I AccessibilityManagerService: accesibilityService is null
09-29 02:46:43.052  3638  3638 D AccessibilityManagerService: checkUniversalSwitchState start:
09-29 02:46:43.052  3638  3638 D AccessibilityManagerService: checkUniversalSwitchState universalSwitchEnabled:false
09-29 02:46:43.052  3638  3638 D AccessibilityManagerService: updateInputFilter universalSwitchState:false
09-29 02:46:43.052  3638  3638 D AccessibilityManagerService: updateInputFilter userState.mIsUniversalSwitchEnabled:false
09-29 02:46:43.055  7750  7767 I appium  : Started UiAutomator2 io.appium.uiautomator2.http io.appium.uiautomator2.server on port 6790
09-29 02:46:43.918  3638 12005 D BatteryService: !@BatteryListener : batteryPropertiesChanged!
09-29 02:46:43.919  3638 12005 D BatteryService: level:91, scale:100, status:2, health:2, present:true, voltage: 4221, temperature: 294, technology: Li-ion, AC powered:false, USB powered:true, POGO powered:false, Wireless powered:false, icon:17303690, invalid charger:0, maxChargingCurrent:0, maxChargingVoltage:0, chargeCounter:0
09-29 02:46:43.919  3638 12005 D BatteryService: online:4, current avg:91, charge type:1, power sharing:false, high voltage charger:false, capacity:280000, batterySWSelfDischarging:false, misc_event:0, current_now:247
09-29 02:46:43.919  3638  3638 D BatteryService: Sending ACTION_BATTERY_CHANGED.
09-29 02:46:43.926  3638  3638 V UiModeManager: updateLocked: null action, mDockState=0, category=null
09-29 02:46:43.926  3638  3638 D UiModeManager: updateConfigurationLocked: mDockState=0; mCarMode=false; mNightMode=1; uiMode=17
09-29 02:46:43.928  3638  3638 D GameManagerService: new battery level: 91
09-29 02:46:43.931  3966  3966 D KeyguardUpdateMonitor: received broadcast android.intent.action.BATTERY_CHANGED
09-29 02:46:43.931  3966  3966 D KeyguardUpdateMonitor: handleBatteryUpdate
09-29 02:46:43.935  3966  3966 D PowerUI : priorPlugType = 2 mPlugType =  2
09-29 02:46:43.937  3966  3966 D PowerUI.Notification: showChargingNotice oldChargingType : 1 currentChargingType : 1 oldChargingTime : 1765000 mChargingTime : 1765000
09-29 02:46:43.937  3966  3966 D PowerUI.Notification: There is no change about charging status, so return!
09-29 02:46:43.948  3966  3966 D BatteryMeterDrawable: isSomethingChanged - false
09-29 02:46:43.948  3966  3966 D BatteryMeterDrawable: isSomethingChanged - false
09-29 02:46:43.952  3954  3954 V HeadsetService: HeadsetService - Received Intent.ACTION_BATTERY_CHANGED
09-29 02:46:43.952  3954 10630 D HeadsetStateMachine: Disconnected process message: 10, size: 0
09-29 02:46:43.955  3966  3966 D Tile.FlashlightTile: ACTION_BATTERY_CHANGED - Level :: 91, emEnabled :: false
09-29 02:46:44.243  7750  7772 I appium  : channel read invoked!
09-29 02:46:44.244  7750  7772 I appium  : channel read: GET /wd/hub/status
09-29 02:46:44.249  7750  7772 I appium  : AppiumResponse: {"sessionId":"None","value":{"ready":true,"message":"UiAutomator2 Server is ready to accept commands"}}
09-29 02:46:44.266  7750  7772 I appium  : channel read invoked!
09-29 02:46:44.266  7750  7772 I appium  : channel read: POST /wd/hub/session
09-29 02:46:44.272  7750  7772 I appium  : Created the new session with SessionID: fd93296d-e304-4757-a0a5-c096a8b9bd2b
09-29 02:46:44.272  7750  7772 I appium  : AppiumResponse: {"sessionId":"fd93296d-e304-4757-a0a5-c096a8b9bd2b","value":{"sessionId":"fd93296d-e304-4757-a0a5-c096a8b9bd2b","capabilities":{"firstMatch":[{"platform":"LINUX","webStorageEnabled":false,"takesScreenshot":true,"javascriptEnabled":true,"databaseEnabled":false,"networkConnectionEnabled":true,"loca...
09-29 02:46:44.291  7750  7772 I appium  : channel read invoked!
09-29 02:46:44.291  7750  7772 I appium  : channel read: GET /wd/hub/session/fd93296d-e304-4757-a0a5-c096a8b9bd2b/appium/device/info
09-29 02:46:44.292  7750  7772 I appium  : Get Device Info command
09-29 02:46:44.315  7750  7772 E appium  : error while getting field mSSID from object [ Transports: WIFI Capabilities: WIFI_P2P&NOT_RESTRICTED&TRUSTED&NOT_VPN LinkUpBandwidth>=1048576Kbps LinkDnBandwidth>=1048576Kbps] No field mSSID in class Landroid/net/NetworkCapabilities; (declaration of 'android.net.NetworkCapabilities' appears in /system/framework/framework.jar)
09-29 02:46:44.319  7750  7772 E appium  : error while getting field mSSID from object [ Transports: WIFI Capabilities: NOT_METERED&INTERNET&NOT_RESTRICTED&TRUSTED&NOT_VPN&VALIDATED LinkUpBandwidth>=1048576Kbps LinkDnBandwidth>=1048576Kbps SignalStrength: -60] No field mSSID in class Landroid/net/NetworkCapabilities; (declaration of 'android.net.NetworkCapabilities' appears in /system/framework/framework.jar)
09-29 02:46:44.332  7750  7772 I appium  : AppiumResponse: {"sessionId":"fd93296d-e304-4757-a0a5-c096a8b9bd2b","value":{"androidId":"8c01622029d94a78","manufacturer":"samsung","model":"SM-G925I","brand":"samsung","apiVersion":"24","platformVersion":"7.0","carrierName":"","realDisplaySize":"1440x2560","displayDensity":640,"networks":[{"type":13,"typeName"...
09-29 02:46:44.981  7776  7776 D SecurityManagerNative: SecurityManagerNative v2.7.2.6 On 64bit PLATFORM With BORINGSSL
09-29 02:46:44.985  7776  7776 I appproc : Enhanced Zygote ASLR: ENABLED! nice_name = zygote64
09-29 02:46:44.985  7776  7776 D AndroidRuntime: >>>>>> START com.android.internal.os.RuntimeInit uid 2000 <<<<<<
09-29 02:46:44.988  7776  7776 D AndroidRuntime: CheckJNI is OFF
09-29 02:46:44.989  7776  7776 D AndroidRuntime: addProductProperty: start
09-29 02:46:45.047  7776  7776 I [saiv 1.1]: saiv_OnLoadJNI.cpp(38): _init: Version 1.1 Build # 3532
09-29 02:46:45.047  7776  7776 I [saiv 1.1]: saiv_OnLoadJNI.cpp(43): _init: _init() was called
09-29 02:46:45.067  7776  7776 I MLDAP   : ================================================
09-29 02:46:45.067  7776  7776 I MLDAP   :  MLDAP_LIB v1.1.16
09-29 02:46:45.067  7776  7776 I MLDAP   : ================================================
09-29 02:46:45.117  7776  7776 I TMSDISP : AcsAndroidVirtualDisplayIntfImpl
09-29 02:46:45.145  7776  7776 D ICU     : No timezone override file found: /data/misc/zoneinfo/current/icu/icu_tzdata.dat
09-29 02:46:45.166  7776  7776 I Radio-JNI: register_android_hardware_Radio DONE
09-29 02:46:45.170  7776  7776 D ReflectionHelper: loadKlass() : caller=android.app.Activity.<clinit>:7555 <bottom of call stack> 
09-29 02:46:45.170  7776  7776 D ReflectionHelper: Reflecting method.....  class <onScreenChanged>
09-29 02:46:45.172  7776  7776 E SemAffinityControl: SemAffinityControl: registerfunction enter
09-29 02:46:45.181  7776  7776 D AndroidRuntime: Calling main entry com.android.commands.am.Am
09-29 02:46:45.184  3638  4855 I ActivityManager: Force stopping com.amazon.mShop.android.shopping appid=10432 user=0: from pid 7776
09-29 02:46:45.185  3638  4855 I ActivityManager: Killing 7534:com.amazon.mShop.android.shopping/u0a432 (adj 900): stop com.amazon.mShop.android.shopping cause from pid 7776
09-29 02:46:45.185  3638  4855 D ActivityManager: cleanUpApplicationRecord -- 7534
09-29 02:46:45.195  3638  3638 D SamsungAlarmManager: Remove alarm for next reason : android.intent.action.PACKAGE_RESTARTED : package: com.amazon.mShop.android.shopping
09-29 02:46:45.200  4358  4358 D CarrierSvcBindHelper: No carrier app for: 0
09-29 02:46:45.204  3638  3655 D CompatibilityInfo: mCompatibilityFlags - 0
09-29 02:46:45.204  3638  3655 D CompatibilityInfo: applicationDensity - 640
09-29 02:46:45.204  3638  3655 D CompatibilityInfo: applicationScale - 1.0
09-29 02:46:45.205  4777  4806 D ForegroundUtils: could not check pending caller
09-29 02:46:45.205  4777  4777 D RegisteredServicesCache: invalidateCache
09-29 02:46:45.205  3638  3836 W ActivityManager: Permission Denial: Accessing service ComponentInfo{com.google.android.music/com.google.android.music.dial.DialMediaRouteProviderService} from pid=17355, uid=10431 that is not exported from uid 10148
09-29 02:46:45.207  3638  3638 D CompatibilityInfo: mCompatibilityFlags - 0
09-29 02:46:45.207  3638  3638 D CompatibilityInfo: applicationDensity - 640
09-29 02:46:45.207  3638  3638 D CompatibilityInfo: applicationScale - 1.0
09-29 02:46:45.208 18317 18317 D [WeatherWidget(15331)]  ClearDataReceiver: {[2B4A2AC40B5A9FD87A06E8EADDAC90149450B281952438798C09FE26B63B4828D5F14E5258F3A650127AC845F4C1177503CEA9BBF2A83714FBBE78987D5FB70604019314A9E6FB475D592C1F768929365F9282DDDF99A459CFD84623E57515CD70FBADAB626F916A79ED5014E2007C6F65AC0E65D150CBC80333211D5B8709C0]}
09-29 02:46:45.217  3638  3834 D WifiStateMachine: Current network is: "GNXS-2611F8" , ID is: 46
09-29 02:46:45.220  4777  4777 D ApduServiceInfo: seId: 0
09-29 02:46:45.222  4777  4777 D ApduServiceInfo: seId: 0
09-29 02:46:45.222  4777  4777 D RegisteredOthersCache: start invalidate
09-29 02:46:45.222  4777  4777 D RegisteredOthersCache: update valid otherService: ComponentInfo{com.google.android.gms/com.google.android.gms.nearby.mediums.nearfieldcommunication.NfcAdvertisingService} AIDs: [F00000FE2C]
09-29 02:46:45.222  4777  4777 D RegisteredOthersCache: Existed other serivcee
09-29 02:46:45.222  4777  4777 D RegisteredPoliciesCache: invalidate
