09-29 02:46:46.140  3638  3855 D ConnectivityService:   checking if request is satisfied: NetworkRequest [ id=110, legacyType=-1, [ Capabilities: NOT_RESTRICTED] ]
09-29 02:46:46.140  3638  3855 D ConnectivityService:   checking if request is satisfied: NetworkRequest [ id=6, legacyType=-1, [ Transports: WIFI Capabilities: INTERNET&NOT_RESTRICTED&TRUSTED&NOT_VPN] ]
09-29 02:46:46.140  3638  3855 D ConnectivityService:   checking if request is satisfied: NetworkRequest [ id=161, legacyType=-1, [ Capabilities: INTERNET&NOT_RESTRICTED&TRUSTED&NOT_VPN] ]
09-29 02:46:46.140  3638  3855 D ConnectivityService:   checking if request is satisfied: NetworkRequest [ id=456, legacyType=-1, [ Transports: CELLULAR|WIFI Capabilities: NOT_RESTRICTED&TRUSTED&NOT_VPN] ]
09-29 02:46:46.140  3638  3855 D ConnectivityService: Network NetworkAgentInfo [WIFI () - 502] was already satisfying request 443. No change.
09-29 02:46:46.141  3638  3855 D ConnectivityService:   checking if request is satisfied: NetworkRequest [ id=449, legacyType=-1, [ Capabilities: INTERNET&NOT_RESTRICTED&TRUSTED] ]
09-29 02:46:46.141  3638  3855 D ConnectivityService: sending notification AVAILABLE for NetworkRequest [ id=486, legacyType=-1, [ Capabilities: INTERNET&NOT_RESTRICTED&TRUSTED] ]
09-29 02:46:46.141  7787  7879 V ApplicationStateListener: ApplicationCreateTime:1601327805616 IsApplicationCreatedInForeground:true ActivityCreateTime:1601327806047
09-29 02:46:46.141  7787  7879 V ApplicationStateListener: getAppStartTime:1601327805616
09-29 02:46:46.141  7787  7875 E ...ntity.auth.device.aa: No account mapping found for any account, returning null
09-29 02:46:46.142  7787  7900 I System.out: (HTTPLog)-Static: isSBSettingEnabled false
09-29 02:46:46.148  7787  7875 I RedstoneWeblabController: Initialized 378 weblabs
09-29 02:46:46.152  7787  7902 I System.out: (HTTPLog)-Static: isSBSettingEnabled false
09-29 02:46:46.152  7787  7902 I System.out: (HTTPLog)-Static: isSBSettingEnabled false
09-29 02:46:46.152  3638  4855 E Parcel  : Class not found when unmarshalling: com.amazon.mobile.mash.api.JumpStartNavigationParameters
09-29 02:46:46.152  3638  4855 E Parcel  : java.lang.ClassNotFoundException: com.amazon.mobile.mash.api.JumpStartNavigationParameters
09-29 02:46:46.152  3638  4855 E Parcel  : 	at java.lang.Class.classForName(Native Method)
09-29 02:46:46.152  3638  4855 E Parcel  : 	at java.lang.Class.forName(Class.java:400)
09-29 02:46:46.152  3638  4855 E Parcel  : 	at android.os.Parcel.readParcelableCreator(Parcel.java:2517)
09-29 02:46:46.152  3638  4855 E Parcel  : 	at android.os.Parcel.readParcelable(Parcel.java:2471)
09-29 02:46:46.152  3638  4855 E Parcel  : 	at android.os.Parcel.readValue(Parcel.java:2374)
09-29 02:46:46.152  3638  4855 E Parcel  : 	at android.os.Parcel.readArrayMapInternal(Parcel.java:2727)
09-29 02:46:46.152  3638  4855 E Parcel  : 	at android.os.BaseBundle.unparcel(BaseBundle.java:269)
09-29 02:46:46.152  3638  4855 E Parcel  : 	at android.os.BaseBundle.getString(BaseBundle.java:992)
09-29 02:46:46.152  3638  4855 E Parcel  : 	at android.content.Intent.getStringExtra(Intent.java:6743)
09-29 02:46:46.152  3638  4855 E Parcel  : 	at com.android.server.am.ActivityStarter.startActivityLocked(ActivityStarter.java:340)
09-29 02:46:46.152  3638  4855 E Parcel  : 	at com.android.server.am.ActivityStarter.startActivityMayWait(ActivityStarter.java:1095)
09-29 02:46:46.152  3638  4855 E Parcel  : 	at com.android.server.am.ActivityManagerService.startActivityAsUser(ActivityManagerService.java:5822)
09-29 02:46:46.152  3638  4855 E Parcel  : 	at com.android.server.am.ActivityManagerService.startActivity(ActivityManagerService.java:5627)
09-29 02:46:46.152  3638  4855 E Parcel  : 	at android.app.ActivityManagerNative.onTransact(ActivityManagerNative.java:176)
09-29 02:46:46.152  3638  4855 E Parcel  : 	at com.android.server.am.ActivityManagerService.onTransact(ActivityManagerService.java:3613)
09-29 02:46:46.152  3638  4855 E Parcel  : 	at android.os.Binder.execTransact(Binder.java:573)
09-29 02:46:46.152  3638  4855 E Parcel  : Caused by: java.lang.ClassNotFoundException: com.amazon.mobile.mash.api.JumpStartNavigationParameters
09-29 02:46:46.152  3638  4855 E Parcel  : 	at java.lang.Class.classForName(Native Method)
09-29 02:46:46.152  3638  4855 E Parcel  : 	at java.lang.BootClassLoader.findClass(ClassLoader.java:1346)
09-29 02:46:46.152  3638  4855 E Parcel  : 	at java.lang.BootClassLoader.loadClass(ClassLoader.java:1406)
09-29 02:46:46.152  3638  4855 E Parcel  : 	at java.lang.ClassLoader.loadClass(ClassLoader.java:312)
09-29 02:46:46.152  3638  4855 E Parcel  : 	... 16 more
09-29 02:46:46.152  3638  4855 E Parcel  : Caused by: java.lang.NoClassDefFoundError: Class not found using the boot class loader; no stack trace available
09-29 02:46:46.154  3638  4855 W Bundle  : Failed to parse Bundle, but defusing quietly
09-29 02:46:46.154  3638  4855 W Bundle  : android.os.BadParcelableException: ClassNotFoundException when unmarshalling: com.amazon.mobile.mash.api.JumpStartNavigationParameters
09-29 02:46:46.154  3638  4855 W Bundle  : 	at android.os.Parcel.readParcelableCreator(Parcel.java:2545)
09-29 02:46:46.154  3638  4855 W Bundle  : 	at android.os.Parcel.readParcelable(Parcel.java:2471)
09-29 02:46:46.154  3638  4855 W Bundle  : 	at android.os.Parcel.readValue(Parcel.java:2374)
09-29 02:46:46.154  3638  4855 W Bundle  : 	at android.os.Parcel.readArrayMapInternal(Parcel.java:2727)
09-29 02:46:46.154  3638  4855 W Bundle  : 	at android.os.BaseBundle.unparcel(BaseBundle.java:269)
09-29 02:46:46.154  3638  4855 W Bundle  : 	at android.os.BaseBundle.getString(BaseBundle.java:992)
09-29 02:46:46.154  3638  4855 W Bundle  : 	at android.content.Intent.getStringExtra(Intent.java:6743)
09-29 02:46:46.154  3638  4855 W Bundle  : 	at com.android.server.am.ActivityStarter.startActivityLocked(ActivityStarter.java:340)
09-29 02:46:46.154  3638  4855 W Bundle  : 	at com.android.server.am.ActivityStarter.startActivityMayWait(ActivityStarter.java:1095)
09-29 02:46:46.154  3638  4855 W Bundle  : 	at com.android.server.am.ActivityManagerService.startActivityAsUser(ActivityManagerService.java:5822)
09-29 02:46:46.154  3638  4855 W Bundle  : 	at com.android.server.am.ActivityManagerService.startActivity(ActivityManagerService.java:5627)
09-29 02:46:46.154  3638  4855 W Bundle  : 	at android.app.ActivityManagerNative.onTransact(ActivityManagerNative.java:176)
09-29 02:46:46.154  3638  4855 W Bundle  : 	at com.android.server.am.ActivityManagerService.onTransact(ActivityManagerService.java:3613)
09-29 02:46:46.154  3638  4855 W Bundle  : 	at android.os.Binder.execTransact(Binder.java:573)
09-29 02:46:46.154  3119  3627 D EnterpriseController: netId is 0
09-29 02:46:46.154  3119  3627 D Netd    : getNetworkForDns: using netid 502 for uid 10432
09-29 02:46:46.154  3119  3627 D DnsProxyListener: DNSDBG::dns addrinfo af 2
09-29 02:46:46.155  3638  4855 I ActivityManager: START u0 {act=intentActionStartActivity typ=null flg=0x4000000 cmp=ComponentInfo{com.amazon.mShop.android.shopping/com.amazon.mShop.home.web.MShopWebGatewayActivity}} from uid 10432 on display 0
09-29 02:46:46.156  3638  4855 D ActivityManager: ActivityRecord() Constructor : multiScreenAttrs=MultiScreenAttrs{mDisplayId=0, mBaseDisplayId=0, mBaseActivity=false}
09-29 02:46:46.156  3638  4855 D ActivityManager: moveToFront() : reason=sourceStackToFront isAttached=true null
09-29 02:46:46.158  3638  4855 D ActivityTrigger: Activity is Triggerred in full screen 
09-29 02:46:46.158  3638  4855 D CompatibilityInfo: mCompatibilityFlags - 0
09-29 02:46:46.158  3638  4855 D CompatibilityInfo: applicationDensity - 640
09-29 02:46:46.158  3638  4855 D CompatibilityInfo: applicationScale - 1.0
09-29 02:46:46.158  3638  4855 D ActivityManager: moveToFront() : reason=startedActivity setFocusedActivity isAttached=true TaskRecord{58d752cd0 #2566 A=com.amazon.mShop.android.shopping U=0 StackId=1 sz=2}
09-29 02:46:46.159  3638  4855 D InputDispatcher: Focused application set to: xxxx
09-29 02:46:46.160  3638  4855 D ActivityManager: resumeTopActivityInnerLocked() : #1 prevTask=TaskRecord{58d752cd0 #2566 A=com.amazon.mShop.android.shopping U=0 StackId=1 sz=2} next=ActivityRecord{887b5afd0 u0 com.amazon.mShop.android.shopping/com.amazon.mShop.home.web.MShopWebGatewayActivity t2566} mFocusedStack=ActivityStack{13cd44fd0 stackId=1, 9 tasks}
09-29 02:46:46.160  3638  4855 D ActivityTrigger: ActivityTrigger activityPauseTrigger 
09-29 02:46:46.161  3638  4855 D GameManagerService: sem_perfomance_mode: 3
09-29 02:46:46.164  3638  3656 D WindowManager: set systemUiVisibility of statusbar : vis= 0x408
09-29 02:46:46.173  7787  7872 E ...ntity.auth.device.aa: No account mapping found for any account, returning null
09-29 02:46:46.173  7787  7872 E ...ntity.auth.device.aa: No account mapping found for any account, returning null
09-29 02:46:46.174  7787  7879 E ...ntity.auth.device.aa: No account mapping found for any account, returning null
09-29 02:46:46.177  7787  7879 E ...ntity.auth.device.aa: No account mapping found for any account, returning null
09-29 02:46:46.199  7787  7875 D MobileWeblabAndroidClient: Loaded 398 assignments from the disk.
09-29 02:46:46.220  7787  7792 I art     : Do partial code cache collection, code=50KB, data=62KB
09-29 02:46:46.222  7787  7787 D ViewRootImpl@5c755ad[StartupActivity]: ThreadedRenderer.create() translucent=false
09-29 02:46:46.223  3638  5110 D WindowManager: addWindow: android.view.IWindow$Stub$Proxy@92919a8 displayId=0
09-29 02:46:46.224  3638  5110 D InputTransport: Input channel constructed: fd=494
09-29 02:46:46.224  3638  5110 D InputTransport: Input channel constructed: fd=497
09-29 02:46:46.224  3638  5110 D WindowManager: openInputChannel mInputChannel: b76ac66 com.amazon.mShop.android.shopping/com.amazon.mShop.splashscreen.StartupActivity (server)
09-29 02:46:46.225  3638  5110 D InputTransport: Input channel destroyed: fd=497
09-29 02:46:46.225  7787  7787 D InputTransport: Input channel constructed: fd=95
09-29 02:46:46.226  7787  7787 D ViewRootImpl@5c755ad[StartupActivity]: setView = DecorView@82a265c[StartupActivity] touchMode=false
09-29 02:46:46.227  3638 12146 D ActivityManager: post active user change for 0 fullscreen true isHomeActivity() false
09-29 02:46:46.227  3638 12146 D KnoxTimeoutHandler: postActiveUserChange [MsgParam] userId: 0 fullscreen is true showWhenlocked is false isMutiwindowRecord is false multiwindowstyle is 0
09-29 02:46:46.227  3638  3638 D KnoxTimeoutHandler: handleActiveUserChange [MsgParam] userId: 0 fullscreen is true showWhenlocked is false isMutiwindowRecord is false multiwindowstyle is 0
09-29 02:46:46.228  3638  3638 I KnoxTimeoutHandler: Shared devices show user statefalse
09-29 02:46:46.231  7787  7787 W Settings: Setting airplane_mode_on has moved from android.provider.Settings.System to android.provider.Settings.Global, returning read-only value.
09-29 02:46:46.232  7787  7792 I art     : After code cache collection, code=48KB, data=61KB
09-29 02:46:46.232  7787  7792 I art     : Increasing code cache capacity to 256KB
09-29 02:46:46.249  7787  7910 I System.out: (HTTPLog)-Static: isSBSettingEnabled false
09-29 02:46:46.249  7787  7910 I System.out: (HTTPLog)-Static: isSBSettingEnabled false
09-29 02:46:46.257  7787  7787 V ApplicationStateListener: Is Application.onCreate() for foreground: true
09-29 02:46:46.265  7787  7787 D ConnectivityManager: requestNetwork; CallingUid : 10432, CallingPid : 7787
09-29 02:46:46.266  3638 11962 D ConnectivityService: listenForNetwork for Listen from uid/pid:10432/7787 for NetworkRequest [ id=487, legacyType=-1, [ Capabilities: INTERNET&NOT_RESTRICTED&TRUSTED] ]
09-29 02:46:46.267  3638  3855 D ConnectivityService: rematching NetworkAgentInfo [WIFI () - 502]
09-29 02:46:46.267  3638  3855 D ConnectivityService:  network has: [ Transports: WIFI Capabilities: NOT_METERED&INTERNET&NOT_RESTRICTED&TRUSTED&NOT_VPN&VALIDATED LinkUpBandwidth>=1048576Kbps LinkDnBandwidth>=1048576Kbps SignalStrength: -60]
09-29 02:46:46.268  3638  3855 D ConnectivityService: Network NetworkAgentInfo [WIFI () - 502] was already satisfying request 445. No change.
09-29 02:46:46.268  3638  3855 D ConnectivityService:   checking if request is satisfied: NetworkRequest [ id=487, legacyType=-1, [ Capabilities: INTERNET&NOT_RESTRICTED&TRUSTED] ]
09-29 02:46:46.268  3638  3855 D ConnectivityService:   checking if request is satisfied: NetworkRequest [ id=447, legacyType=-1, [ Capabilities: INTERNET&NOT_RESTRICTED&TRUSTED] ]
09-29 02:46:46.268  3638  3855 D ConnectivityService:   checking if request is satisfied: NetworkRequest [ id=8, legacyType=-1, [ Transports: WIFI Capabilities: INTERNET&NOT_RESTRICTED&TRUSTED&NOT_VPN] ]
09-29 02:46:46.268  3638  3855 D ConnectivityService:   checking if request is satisfied: NetworkRequest [ id=220, legacyType=-1, [ Capabilities: INTERNET&NOT_RESTRICTED&TRUSTED] ]
09-29 02:46:46.268  3638  3855 D ConnectivityService: Network NetworkAgentInfo [WIFI () - 502] was already satisfying request 444. No change.
09-29 02:46:46.268  3638  3855 D ConnectivityService:   checking if request is satisfied: NetworkRequest [ id=143, legacyType=-1, [ Capabilities: INTERNET&NOT_RESTRICTED&TRUSTED] ]
09-29 02:46:46.268  3638  3855 D ConnectivityService: Network NetworkAgentInfo [WIFI () - 502] was already satisfying request 1. No change.
09-29 02:46:46.268  3638  3855 D ConnectivityService:   checking if request is satisfied: NetworkRequest [ id=477, legacyType=-1, [ Capabilities: INTERNET&NOT_RESTRICTED&TRUSTED] ]
09-29 02:46:46.268  3638  3855 D ConnectivityService:   checking if request is satisfied: NetworkRequest [ id=120, legacyType=-1, [ Capabilities: INTERNET&NOT_RESTRICTED&TRUSTED] ]
09-29 02:46:46.268  3638  3855 D ConnectivityService:   checking if request is satisfied: NetworkRequest [ id=50, legacyType=-1, [ Capabilities: INTERNET&NOT_RESTRICTED&TRUSTED] ]
09-29 02:46:46.269  3638  3855 D ConnectivityService:   checking if request is satisfied: NetworkRequest [ id=3, legacyType=-1, [] ]
09-29 02:46:46.269  3638  3855 D ConnectivityService:   checking if request is satisfied: NetworkRequest [ id=7, legacyType=-1, [ Transports: CELLULAR|WIFI Capabilities: NOT_RESTRICTED&TRUSTED&NOT_VPN] ]
09-29 02:46:46.269  3638  3855 D ConnectivityService:   checking if request is satisfied: NetworkRequest [ id=448, legacyType=-1, [ Capabilities: INTERNET&NOT_RESTRICTED&TRUSTED] ]
09-29 02:46:46.269  3638  3855 D ConnectivityService:   checking if request is satisfied: NetworkRequest [ id=446, legacyType=-1, [ Capabilities: INTERNET&NOT_RESTRICTED&TRUSTED] ]
09-29 02:46:46.269  3638  3855 D ConnectivityService:   checking if request is satisfied: NetworkRequest [ id=5, legacyType=-1, [ Transports: CELLULAR Capabilities: INTERNET&NOT_RESTRICTED&TRUSTED&NOT_VPN] ]
09-29 02:46:46.269  3638  3855 D ConnectivityService:   checking if request is satisfied: NetworkRequest [ id=139, legacyType=-1, [ Capabilities: INTERNET&NOT_RESTRICTED&TRUSTED] ]
09-29 02:46:46.269  3638  3855 D ConnectivityService:   checking if request is satisfied: NetworkRequest [ id=486, legacyType=-1, [ Capabilities: INTERNET&NOT_RESTRICTED&TRUSTED] ]
09-29 02:46:46.269  3638  3855 D ConnectivityService:   checking if request is satisfied: NetworkRequest [ id=9, legacyType=-1, [ Transports: WIFI Capabilities: INTERNET&NOT_RESTRICTED&TRUSTED&NOT_VPN] ]
09-29 02:46:46.269  3638  3855 D ConnectivityService:   checking if request is satisfied: NetworkRequest [ id=4, legacyType=-1, [] ]
09-29 02:46:46.269  3638  3855 D ConnectivityService:   checking if request is satisfied: NetworkRequest [ id=110, legacyType=-1, [ Capabilities: NOT_RESTRICTED] ]
09-29 02:46:46.269  3638  3855 D ConnectivityService:   checking if request is satisfied: NetworkRequest [ id=6, legacyType=-1, [ Transports: WIFI Capabilities: INTERNET&NOT_RESTRICTED&TRUSTED&NOT_VPN] ]
09-29 02:46:46.269  3638  3855 D ConnectivityService:   checking if request is satisfied: NetworkRequest [ id=161, legacyType=-1, [ Capabilities: INTERNET&NOT_RESTRICTED&TRUSTED&NOT_VPN] ]
09-29 02:46:46.269  3638  3855 D ConnectivityService:   checking if request is satisfied: NetworkRequest [ id=456, legacyType=-1, [ Transports: CELLULAR|WIFI Capabilities: NOT_RESTRICTED&TRUSTED&NOT_VPN] ]
09-29 02:46:46.270  3638  3855 D ConnectivityService: Network NetworkAgentInfo [WIFI () - 502] was already satisfying request 443. No change.
09-29 02:46:46.270  3638  3855 D ConnectivityService:   checking if request is satisfied: NetworkRequest [ id=449, legacyType=-1, [ Capabilities: INTERNET&NOT_RESTRICTED&TRUSTED] ]
09-29 02:46:46.270  3638  3855 D ConnectivityService: sending notification AVAILABLE for NetworkRequest [ id=487, legacyType=-1, [ Capabilities: INTERNET&NOT_RESTRICTED&TRUSTED] ]
09-29 02:46:46.278  3638 12146 D ActivityManager: setAppIconInfo(), x : 0, y : 0, width : 0, height : 0, isHomeItem : false
09-29 02:46:46.278  3638 12146 D ActivityManager: resumeTopActivityInnerLocked() : #1 prevTask=TaskRecord{58d752cd0 #2566 A=com.amazon.mShop.android.shopping U=0 StackId=1 sz=2} next=ActivityRecord{887b5afd0 u0 com.amazon.mShop.android.shopping/com.amazon.mShop.home.web.MShopWebGatewayActivity t2566} mFocusedStack=ActivityStack{13cd44fd0 stackId=1, 9 tasks}
09-29 02:46:46.278  3638 12146 D ActivityManager: applyOptionsLocked(), pendingOptions : null
09-29 02:46:46.282  3638 12146 D CompatibilityInfo: mCompatibilityFlags - 0
09-29 02:46:46.282  3638 12146 D CompatibilityInfo: applicationDensity - 640
09-29 02:46:46.282  3638 12146 D CompatibilityInfo: applicationScale - 1.0
09-29 02:46:46.283  3638 12146 D GameManagerService: sem_perfomance_mode: 3
09-29 02:46:46.283  3638  3638 D GameManagerService: NotifyRunnable. pkg: com.amazon.mShop.android.shopping, type: 4, isMinimized: false, isTunableApp: false
09-29 02:46:46.283  3638  3638 D GameManagerService: unexpected mPrevNotiType: -1
09-29 02:46:46.284  3638 12146 D MARsPolicyManager: handlePackageResumedFG pkgName = com.amazon.mShop.android.shopping, userId = 0
09-29 02:46:46.291  7787  7787 D ViewRootImpl@5c755ad[StartupActivity]: dispatchAttachedToWindow
09-29 02:46:46.293  3638  4853 V WindowManager: Relayout Window{b76ac66d0 u0 com.amazon.mShop.android.shopping/com.amazon.mShop.splashscreen.StartupActivity}: viewVisibility=0 req=1440x2464 WM.LayoutParams{(0,0)(fillxfill) sim=#120 ty=1 fl=#1810100 pfl=0x20000 wanim=0x7f0b00b0 vsysui=0x400 needsMenuKey=2 naviIconColor=0}
09-29 02:46:46.295  7787  7787 D ViewRootImpl@5c755ad[StartupActivity]: Relayout returned: oldFrame=[0,0][0,0] newFrame=[0,0][1440,2560] result=0x0 surface={isValid=false 0} surfaceGenerationChanged=false
09-29 02:46:46.296  7787  7787 E ViewRootImpl@5c755ad[StartupActivity]: ViewRootImpl #2 Surface is not valid.
09-29 02:46:46.306  7787  7787 E ...ntity.auth.device.aa: No account mapping found for any account, returning null
09-29 02:46:46.307  7787  7787 E ...ntity.auth.device.aa: No account mapping found for any account, returning null
09-29 02:46:46.308  7787  7787 D ActiveActivityTracker: onActivityCreated: com.amazon.mShop.home.web.MShopWebGatewayActivity@e970053
09-29 02:46:46.321  7787  7920 D LogMetricsUtil: Metrics recorded for Navigation to both PMET and Clickstream: [ [msp_ap_am_gps_v_20.33.15,1.0,1] ,  [HTTP_USER_AGENT,AMZN(Smartphone/SM-G925I/A1MPSLFC7L5AFK,Android/7.0,Amazon_Android/MShop/18.14.0.100),1] ,  [appVersion,7.0,1] ,  [locale,en_IN,1] ,  [ref-override,msp_ap_am_gps_v_20.33.15,1] ,  [page-type,Navigation-DataOnly,1] ,  [hitType,dataOnly,1] ,  [team-name,Navigation,1] ,  [site_variant,Android App,1] ,  [RequestId,E372D1C65F8D4C3DB398,1] ]
09-29 02:46:46.323  7787  7920 D LogMetricsUtil: Metrics recorded for Navigation to both PMET and Clickstream: [ [msp_ap_am_gps_v_20.33.15_so,1.0,1] ,  [HTTP_USER_AGENT,AMZN(Smartphone/SM-G925I/A1MPSLFC7L5AFK,Android/7.0,Amazon_Android/MShop/18.14.0.100),1] ,  [appVersion,7.0,1] ,  [locale,en_IN,1] ,  [ref-override,msp_ap_am_gps_v_20.33.15_so,1] ,  [page-type,Navigation-DataOnly,1] ,  [hitType,dataOnly,1] ,  [team-name,Navigation,1] ,  [site_variant,Android App,1] ,  [RequestId,174855ED3864CE6974B6,1] ]
09-29 02:46:46.325  7787  7920 D AppChromeNexusMetricsLogger: Appnav Nexus metrics updated weblabs, size=9
09-29 02:46:46.348  7787  7787 D AbsListView: Get MotionRecognitionManager
09-29 02:46:46.349  7787  7787 D MotionRecognitionManager: mSContextService = com.samsung.android.hardware.context.ISemContextService$Stub$Proxy@3fea725
09-29 02:46:46.350  7787  7787 D MotionRecognitionManager: motionService = com.samsung.android.gesture.IMotionRecognitionService$Stub$Proxy@5f8a0fa
09-29 02:46:46.350  7787  7787 D MotionRecognitionManager: motionService = com.samsung.android.gesture.IMotionRecognitionService$Stub$Proxy@5f8a0fa
09-29 02:46:46.356  7787  7787 D AbsListView: Get MotionRecognitionManager
09-29 02:46:46.360  7787  7920 E ...ntity.auth.device.aa: No account mapping found for any account, returning null
09-29 02:46:46.362  7787  7920 E ...ntity.auth.device.aa: No account mapping found for any account, returning null
09-29 02:46:46.367  7787  7787 D com.amazon.mShop.rdc@AppNav_nav_menu: RDC thread started: id = com.amazon.mShop.rdc@AppNav_nav_menu
09-29 02:46:46.369  7787  7787 E ...ntity.auth.device.aa: No account mapping found for any account, returning null
09-29 02:46:46.370  7787  7920 D MobileLoggingSuite: MlsNexusLogger upload priority is: ULTRA
09-29 02:46:46.374  7787  7928 D MobileLoggingSuite: Stopping the flush scheduler with flushCount=0 & flushAttempt=true
09-29 02:46:46.376  7787  7920 D AppChromeNexusMetricsLogger: Nexus metrics v4 recorded for MAIN_MENU::null::UNDEFINED::null::null::null
09-29 02:46:46.377  7787  7929 D MobileLoggingSuite: Executing Sushi InitializationTask...
09-29 02:46:46.378  7787  7929 D MobileLoggingSuite: Created Sushi FileUploader with source group 'com.amazon.eel.mls.nexus.msh.prod.nexus'
09-29 02:46:46.378  7787  7920 D LogMetricsUtil: Metrics recorded for Navigation to both PMET and Clickstream: [ [msp_ap_am_wnd_weblab,1.0,1] ,  [HTTP_USER_AGENT,AMZN(Smartphone/SM-G925I/A1MPSLFC7L5AFK,Android/7.0,Amazon_Android/MShop/18.14.0.100),1] ,  [appVersion,7.0,1] ,  [locale,en_IN,1] ,  [ref-override,msp_ap_am_wnd_weblab,1] ,  [page-type,Navigation-DataOnly,1] ,  [hitType,dataOnly,1] ,  [team-name,Navigation,1] ,  [site_variant,Android App,1] ,  [RequestId,28E9D433D853F1AD0429,1] ]
09-29 02:46:46.378  7787  7929 D MobileLoggingSuite: Created Sushi FileWriteLoader with parentDir '/data/user/0/com.amazon.mShop.android.shopping/files/mls/nexus/sushi_normal
09-29 02:46:46.380  7787  7787 E ...ntity.auth.device.aa: No account mapping found for any account, returning null
09-29 02:46:46.385  7787  7920 D LogMetricsUtil: Metrics recorded for Navigation to both PMET and Clickstream: [ [msp_ap_am_wnd_weblab_so,1.0,1] ,  [HTTP_USER_AGENT,AMZN(Smartphone/SM-G925I/A1MPSLFC7L5AFK,Android/7.0,Amazon_Android/MShop/18.14.0.100),1] ,  [appVersion,7.0,1] ,  [locale,en_IN,1] ,  [ref-override,msp_ap_am_wnd_weblab_so,1] ,  [page-type,Navigation-DataOnly,1] ,  [hitType,dataOnly,1] ,  [team-name,Navigation,1] ,  [site_variant,Android App,1] ,  [RequestId,0469B5C9ED944DDB8AE1,1] ]
09-29 02:46:46.387  7787  7929 D MobileLoggingSuite: Loaded previous Sushi file '/data/user/0/com.amazon.mShop.android.shopping/files/mls/nexus/sushi_normal/writer/v2_1_eu'
09-29 02:46:46.387  7787  7929 D MobileLoggingSuite: Created Sushi FileRingLoader with parentDir '/data/user/0/com.amazon.mShop.android.shopping/files/mls/nexus/sushi_normal' and maxStorageBytes 2097152
09-29 02:46:46.388  7787  7920 D LogMetricsUtil: Metrics recorded for Navigation to both PMET and Clickstream: [ [msp_ap_am_nav_exp_sky_c,1.0,1] ,  [HTTP_USER_AGENT,AMZN(Smartphone/SM-G925I/A1MPSLFC7L5AFK,Android/7.0,Amazon_Android/MShop/18.14.0.100),1] ,  [appVersion,7.0,1] ,  [locale,en_IN,1] ,  [ref-override,msp_ap_am_nav_exp_sky_c,1] ,  [page-type,Navigation-DataOnly,1] ,  [hitType,dataOnly,1] ,  [team-name,Navigation,1] ,  [site_variant,Android App,1] ,  [RequestId,260835074BA3AF4B1E98,1] ]
09-29 02:46:46.390  7787  7920 D LogMetricsUtil: Metrics recorded for Navigation to both PMET and Clickstream: [ [msp_ap_am_nav_exp_sky_c_so,1.0,1] ,  [HTTP_USER_AGENT,AMZN(Smartphone/SM-G925I/A1MPSLFC7L5AFK,Android/7.0,Amazon_Android/MShop/18.14.0.100),1] ,  [appVersion,7.0,1] ,  [locale,en_IN,1] ,  [ref-override,msp_ap_am_nav_exp_sky_c_so,1] ,  [page-type,Navigation-DataOnly,1] ,  [hitType,dataOnly,1] ,  [team-name,Navigation,1] ,  [site_variant,Android App,1] ,  [RequestId,DEE32A4F87AFBB3D5289,1] ]
09-29 02:46:46.391  7787  7920 D LogMetricsUtil: Timer Metrics recorded for Navigation to both PMET and Clickstream: [ [msp_ap_am_anm_fetch_time_so,0.0,1] ,  [appVersion,7.0,1] ,  [locale,en_IN,1] ]
09-29 02:46:46.391  7787  7920 D LogMetricsUtil: Timer Metrics recorded for Navigation to both PMET and Clickstream: [ [msp_ap_am_nav_m_lat_o_so,64.0,1] ,  [appVersion,7.0,1] ,  [locale,en_IN,1] ]
09-29 02:46:46.392  7787  7929 D MobileLoggingSuite: Finished executing Sushi InitializationTask
09-29 02:46:46.394  7787  7932 D MobileLoggingSuite: Unschedule BackupUploader for MLS with jobId: -1056554524
09-29 02:46:46.396  3638  4390 I SamsungAlarmManager: setLocked to kernel - T:2 / 20200929T024653, SetElapsed=188707609, nowELAPSED=188700832
09-29 02:46:46.396  3638  4390 D SamsungAlarmManager: setExact Listener (T:2/F:0/AC:false) 20200929T024647 - CU:1000/CP:3638
09-29 02:46:46.397  3638  4390 I SamsungAlarmManager: setLocked to kernel - T:2 / 20200929T024647, SetElapsed=188702026, nowELAPSED=188700833
09-29 02:46:46.398  7787  7920 D LogMetricsUtil: Metrics recorded for Navigation to both PMET and Clickstream: [ [msp_ap_am_nav_nm_c,1.0,1] ,  [HTTP_USER_AGENT,AMZN(Smartphone/SM-G925I/A1MPSLFC7L5AFK,Android/7.0,Amazon_Android/MShop/18.14.0.100),1] ,  [appVersion,7.0,1] ,  [locale,en_IN,1] ,  [ref-override,msp_ap_am_nav_nm_c,1] ,  [page-type,Navigation-DataOnly,1] ,  [hitType,dataOnly,1] ,  [team-name,Navigation,1] ,  [site_variant,Android App,1] ,  [RequestId,DA5962AE8EE429382477,1] ]
09-29 02:46:46.400  7787  7920 D LogMetricsUtil: Metrics recorded for Navigation to both PMET and Clickstream: [ [msp_ap_am_nav_nm_c_so,1.0,1] ,  [HTTP_USER_AGENT,AMZN(Smartphone/SM-G925I/A1MPSLFC7L5AFK,Android/7.0,Amazon_Android/MShop/18.14.0.100),1] ,  [appVersion,7.0,1] ,  [locale,en_IN,1] ,  [ref-override,msp_ap_am_nav_nm_c_so,1] ,  [page-type,Navigation-DataOnly,1] ,  [hitType,dataOnly,1] ,  [team-name,Navigation,1] ,  [site_variant,Android App,1] ,  [RequestId,2680A2141878FF2BB151,1] ]
09-29 02:46:46.401  3638  4390 D SamsungAlarmManager: setInexact Listener (T:2/F:0/AC:false) 20200929T041307 - CU:1000/CP:3638
09-29 02:46:46.405  7787  7932 D MobileLoggingSuite: Successfully scheduled upload job; sourceGroup: com.amazon.eel.mls.nexus.msh.prod.nexus; sushiDir: /data/user/0/com.amazon.mShop.android.shopping/files/mls/nexus/sushi_normal
09-29 02:46:46.407  3638  3638 D CompatibilityInfo: mCompatibilityFlags - 0
09-29 02:46:46.407  3638  3638 D CompatibilityInfo: applicationDensity - 640
09-29 02:46:46.407  3638  3638 D CompatibilityInfo: applicationScale - 1.0
09-29 02:46:46.423  7787  7787 D com.amazon.mShop.rdc@AppNav_subnav: RDC thread started: id = com.amazon.mShop.rdc@AppNav_subnav
09-29 02:46:46.425  7787  7787 E ...ntity.auth.device.aa: No account mapping found for any account, returning null
09-29 02:46:46.428  7787  7851 E ...ntity.auth.device.aa: No account mapping found for any account, returning null
09-29 02:46:46.430  7787  7787 E ...ntity.auth.device.aa: No account mapping found for any account, returning null
09-29 02:46:46.435  7787  7920 D LogMetricsUtil: Timer Metrics recorded for Navigation to both PMET and Clickstream: [ [msp_ap_am_anm_fetch_time_so,0.0,1] ,  [appVersion,7.0,1] ,  [locale,en_IN,1] ]
09-29 02:46:46.467  7787  7787 D ChromeActionBarView: Action Bar using migrated package
09-29 02:46:46.469  7787  7787 I SmileMarketplaceChecker: Marketplace not supported for smile: A21TJRUUN4KGV
09-29 02:46:46.474  7787  7787 E ...ntity.auth.device.aa: No account mapping found for any account, returning null
09-29 02:46:46.475  7787  7787 E ...ntity.auth.device.aa: No account mapping found for any account, returning null
09-29 02:46:46.523  7787  7792 I art     : Do full code cache collection, code=114KB, data=125KB
09-29 02:46:46.524  7787  7792 I art     : After code cache collection, code=79KB, data=73KB
09-29 02:46:46.542  7787  7927 E ...ntity.auth.device.aa: No account mapping found for any account, returning null
09-29 02:46:46.550  3638 12145 D CompatibilityInfo: mCompatibilityFlags - 0
09-29 02:46:46.550  3638 12145 D CompatibilityInfo: applicationDensity - 640
09-29 02:46:46.550  3638 12145 D CompatibilityInfo: applicationScale - 1.0
09-29 02:46:46.552  7787  7787 I SmileMarketplaceChecker: Marketplace not supported for smile: A21TJRUUN4KGV
09-29 02:46:46.554  7787  7927 E ...ntity.auth.device.aa: No account mapping found for any account, returning null
09-29 02:46:46.556  7787  7927 E ...ntity.auth.device.aa: No account mapping found for any account, returning null
09-29 02:46:46.557  7787  7787 I ....android.shopping/li: Using the ThirdPartyPlatformDCPMetricsCollector
09-29 02:46:46.557  7787  7787 I ...mDCPMetricsCollector: Successfully create ThirdPartyPlatformDCPMetricsCollector
09-29 02:46:46.558  7787  7787 D AbstractMetricsFactoryImpl: record : No valid data points in metrics event
09-29 02:46:46.559  7787  7787 I ....android.shopping/li: Using the ThirdPartyPlatformDCPMetricsCollector
09-29 02:46:46.559  7787  7787 I ...mDCPMetricsCollector: Successfully create ThirdPartyPlatformDCPMetricsCollector
09-29 02:46:46.559  7787  7787 I ...ntity.auth.device.gz: com.amazon.mShop.android.shopping is trying to get device type
09-29 02:46:46.559  7787  7787 I ...onInformationQueryer: Populate change for remote MAP info.
09-29 02:46:46.559  7787  7787 I ...onInformationQueryer: CacheContainsPartialResults? true
09-29 02:46:46.561  7787  7787 I ...ntity.auth.device.cf: Caching feature OverrideDeviceAttributes as true
09-29 02:46:46.563  7787  7787 I ...onInformationQueryer: Get map info for com.amazon.mShop.android.shopping, device type: A1MPSLFC7L5AFK
09-29 02:46:46.563  7787  7787 D AbstractMetricsFactoryImpl: record : No valid data points in metrics event
09-29 02:46:46.575  7787  7787 D InteractionNavigationListener: Received forward navigation
09-29 02:46:46.575  7787  7787 D InteractionMonitor: Creating new interaction for context com.amazon.mShop.web.MShopWebView{f706c4e VFEDH.C.. .F....I. 0,0-0,0}
09-29 02:46:46.589  7787  7806 D RemoteConfigurationManager: Skipping default configuration saving
09-29 02:46:46.591  7787  7806 I System.out: (HTTPLog)-Static: isSBSettingEnabled false
09-29 02:46:46.591  7787  7806 I System.out: (HTTPLog)-Static: isSBSettingEnabled false
09-29 02:46:46.595  7787  7950 I System.out: (HTTPLog)-Static: isSBSettingEnabled false
09-29 02:46:46.595  7787  7950 I System.out: (HTTPLog)-Static: isSBSettingEnabled false
09-29 02:46:46.598  7787  7787 D SmashBootstrapper: Bootstrapping registered with asset cordova-mash-full-1.11.js
09-29 02:46:46.606  7787  7787 D AmazonBooksInStoreHandler: Created bookstore URL handler!
09-29 02:46:46.612  3638  6261 D SSRM:t  : SIOP:: AP = 380, PST = 349 (W:10), CP = 315, CUR = -21, LCD = 6
09-29 02:46:46.613  7787  7787 W Amazon  : missing associate tag : 
09-29 02:46:46.620  7787  7952 E libEGL  : validate_display:99 error 3008 (EGL_BAD_DISPLAY)
09-29 02:46:46.635  7787  7952 D libEGL  : loaded /vendor/lib/egl/libGLES_mali.so
09-29 02:46:46.641  7787  7787 E ...ntity.auth.device.aa: No account mapping found for any account, returning null
09-29 02:46:46.643  7787  7787 E ...ntity.auth.device.aa: No account mapping found for any account, returning null
09-29 02:46:46.647  7787  7890 W chromium: [WARNING:jni_string.cc(29)] ConvertJavaStringToUTF8 called with null string.
09-29 02:46:46.650  7787  7787 E ...ntity.auth.device.aa: No account mapping found for any account, returning null
09-29 02:46:46.652  7787  7787 I CountryDetector: Getting network based country iso: in
09-29 02:46:46.652  7787  7787 D DCMMetricsRecorder: Sending intech.ls.appStarted metrics event.
09-29 02:46:46.654  7787  7920 D LogMetricsUtil: Metrics recorded for Navigation to both PMET and Clickstream: [ [msp_ap_am_nav_session_start,1.0,1] ,  [HTTP_USER_AGENT,AMZN(Smartphone/SM-G925I/A1MPSLFC7L5AFK,Android/7.0,Amazon_Android/MShop/18.14.0.100),1] ,  [appVersion,7.0,1] ,  [locale,en_IN,1] ,  [ref-override,msp_ap_am_nav_session_start,1] ,  [page-type,Navigation-DataOnly,1] ,  [hitType,dataOnly,1] ,  [team-name,Navigation,1] ,  [site_variant,Android App,1] ,  [RequestId,306B4B55934722B0B814,1] ]
09-29 02:46:46.656  7787  7920 D LogMetricsUtil: Metrics recorded for Navigation to both PMET and Clickstream: [ [msp_ap_am_nav_session_start_so,1.0,1] ,  [HTTP_USER_AGENT,AMZN(Smartphone/SM-G925I/A1MPSLFC7L5AFK,Android/7.0,Amazon_Android/MShop/18.14.0.100),1] ,  [appVersion,7.0,1] ,  [locale,en_IN,1] ,  [ref-override,msp_ap_am_nav_session_start_so,1] ,  [page-type,Navigation-DataOnly,1] ,  [hitType,dataOnly,1] ,  [team-name,Navigation,1] ,  [site_variant,Android App,1] ,  [RequestId,7FDA72DC0E14D23B9051,1] ]
09-29 02:46:46.658  7787  7920 D LogMetricsUtil: Metrics recorded for Navigation to both PMET and Clickstream: [ [msp_ap_am_loc_perm_none,1.0,1] ,  [HTTP_USER_AGENT,AMZN(Smartphone/SM-G925I/A1MPSLFC7L5AFK,Android/7.0,Amazon_Android/MShop/18.14.0.100),1] ,  [appVersion,7.0,1] ,  [locale,en_IN,1] ,  [ref-override,msp_ap_am_loc_perm_none,1] ,  [page-type,Navigation-DataOnly,1] ,  [hitType,dataOnly,1] ,  [team-name,Navigation,1] ,  [site_variant,Android App,1] ,  [RequestId,B2F22D43B6AF43A6BC1C,1] ]
09-29 02:46:46.659  7787  7920 D LogMetricsUtil: Metrics recorded for Navigation to both PMET and Clickstream: [ [msp_ap_am_loc_perm_none_so,1.0,1] ,  [HTTP_USER_AGENT,AMZN(Smartphone/SM-G925I/A1MPSLFC7L5AFK,Android/7.0,Amazon_Android/MShop/18.14.0.100),1] ,  [appVersion,7.0,1] ,  [locale,en_IN,1] ,  [ref-override,msp_ap_am_loc_perm_none_so,1] ,  [page-type,Navigation-DataOnly,1] ,  [hitType,dataOnly,1] ,  [team-name,Navigation,1] ,  [site_variant,Android App,1] ,  [RequestId,C491DA55DA19031C11AD,1] ]
09-29 02:46:46.662  7787  7920 D LogMetricsUtil: Metrics recorded for Navigation to both PMET and Clickstream: [ [msp_ap_am_loc_on_net_gps,1.0,1] ,  [HTTP_USER_AGENT,AMZN(Smartphone/SM-G925I/A1MPSLFC7L5AFK,Android/7.0,Amazon_Android/MShop/18.14.0.100),1] ,  [appVersion,7.0,1] ,  [locale,en_IN,1] ,  [ref-override,msp_ap_am_loc_on_net_gps,1] ,  [page-type,Navigation-DataOnly,1] ,  [hitType,dataOnly,1] ,  [team-name,Navigation,1] ,  [site_variant,Android App,1] ,  [RequestId,3FDD4D9EBD8262F65649,1] ]
09-29 02:46:46.663  7787  7805 I ArtifactUploader: ArtifactUploader - Finished uploading artifacts. Uploaded 0 artifacts.;
09-29 02:46:46.664  7787  7787 E ...ntity.auth.device.aa: No account mapping found for any account, returning null
09-29 02:46:46.665  7787  7787 E ...ntity.auth.device.aa: No account mapping found for any account, returning null
09-29 02:46:46.665  7787  7787 I SmileMarketplaceChecker: Marketplace not supported for smile: A21TJRUUN4KGV
09-29 02:46:46.665  7787  7920 D LogMetricsUtil: Metrics recorded for Navigation to both PMET and Clickstream: [ [msp_ap_am_loc_on_net_gps_so,1.0,1] ,  [HTTP_USER_AGENT,AMZN(Smartphone/SM-G925I/A1MPSLFC7L5AFK,Android/7.0,Amazon_Android/MShop/18.14.0.100),1] ,  [appVersion,7.0,1] ,  [locale,en_IN,1] ,  [ref-override,msp_ap_am_loc_on_net_gps_so,1] ,  [page-type,Navigation-DataOnly,1] ,  [hitType,dataOnly,1] ,  [team-name,Navigation,1] ,  [site_variant,Android App,1] ,  [RequestId,B6639164E794D05B9788,1] ]
09-29 02:46:46.668  7787  7787 D ViewRootImpl@e6c5a5e[MShopWebGatewayActivity]: ThreadedRenderer.create() translucent=false
09-29 02:46:46.669  3638  3831 D WindowManager: addWindow: android.view.IWindow$Stub$Proxy@ca00852 displayId=0
09-29 02:46:46.669  3638  3831 D InputTransport: Input channel constructed: fd=497
09-29 02:46:46.669  3638  3831 D InputTransport: Input channel constructed: fd=500
09-29 02:46:46.669  3638  3831 D WindowManager: openInputChannel mInputChannel: e64d420 com.amazon.mShop.android.shopping/com.amazon.mShop.home.web.MShopWebGatewayActivity (server)
09-29 02:46:46.670  3638  3831 D InputTransport: Input channel destroyed: fd=500
09-29 02:46:46.670  7787  7971 E ...ntity.auth.device.aa: No account mapping found for any account, returning null
09-29 02:46:46.670  7787  7787 D InputTransport: Input channel constructed: fd=123
09-29 02:46:46.671  7787  7787 D ViewRootImpl@e6c5a5e[MShopWebGatewayActivity]: setView = DecorView@a5f4e3f[MShopWebGatewayActivity] touchMode=false
09-29 02:46:46.671  3638  8725 D ActivityManager: post active user change for 0 fullscreen true isHomeActivity() false
09-29 02:46:46.671  3638  8725 D KnoxTimeoutHandler: postActiveUserChange [MsgParam] userId: 0 fullscreen is true showWhenlocked is false isMutiwindowRecord is false multiwindowstyle is 0
09-29 02:46:46.671  3638  3638 D KnoxTimeoutHandler: handleActiveUserChange [MsgParam] userId: 0 fullscreen is true showWhenlocked is false isMutiwindowRecord is false multiwindowstyle is 0
09-29 02:46:46.672  3638  3638 I KnoxTimeoutHandler: Shared devices show user statefalse
09-29 02:46:46.680  7787  7920 D LogMetricsUtil: Metrics recorded for Navigation to both PMET and Clickstream: [ [msp_ap_am_anm_remote_s,1.0,1] ,  [HTTP_USER_AGENT,AMZN(Smartphone/SM-G925I/A1MPSLFC7L5AFK,Android/7.0,Amazon_Android/MShop/18.14.0.100),1] ,  [appVersion,7.0,1] ,  [locale,en_IN,1] ,  [ref-override,msp_ap_am_anm_remote_s,1] ,  [page-type,Navigation-DataOnly,1] ,  [hitType,dataOnly,1] ,  [team-name,Navigation,1] ,  [site_variant,Android App,1] ,  [RequestId,CE98EF4B4871985BE863,1] ]
09-29 02:46:46.681  7787  7920 D LogMetricsUtil: Metrics recorded for Navigation to both PMET and Clickstream: [ [msp_ap_am_anm_remote_s_so,1.0,1] ,  [HTTP_USER_AGENT,AMZN(Smartphone/SM-G925I/A1MPSLFC7L5AFK,Android/7.0,Amazon_Android/MShop/18.14.0.100),1] ,  [appVersion,7.0,1] ,  [locale,en_IN,1] ,  [ref-override,msp_ap_am_anm_remote_s_so,1] ,  [page-type,Navigation-DataOnly,1] ,  [hitType,dataOnly,1] ,  [team-name,Navigation,1] ,  [site_variant,Android App,1] ,  [RequestId,6E3EFADD384FEF979021,1] ]
09-29 02:46:46.684  7787  7920 D LogMetricsUtil: Metrics recorded for Navigation to both PMET and Clickstream: [ [msp_ap_am_nav_lt_cps,1.0,1] ,  [HTTP_USER_AGENT,AMZN(Smartphone/SM-G925I/A1MPSLFC7L5AFK,Android/7.0,Amazon_Android/MShop/18.14.0.100),1] ,  [appVersion,7.0,1] ,  [locale,en_IN,1] ,  [ref-override,msp_ap_am_nav_lt_cps,1] ,  [page-type,Navigation-DataOnly,1] ,  [hitType,dataOnly,1] ,  [team-name,Navigation,1] ,  [site_variant,Android App,1] ,  [RequestId,5082F49039610E7EC0AF,1] ]
09-29 02:46:46.685  7787  7920 D LogMetricsUtil: Metrics recorded for Navigation to both PMET and Clickstream: [ [msp_ap_am_nav_lt_cps_so,1.0,1] ,  [HTTP_USER_AGENT,AMZN(Smartphone/SM-G925I/A1MPSLFC7L5AFK,Android/7.0,Amazon_Android/MShop/18.14.0.100),1] ,  [appVersion,7.0,1] ,  [locale,en_IN,1] ,  [ref-override,msp_ap_am_nav_lt_cps_so,1] ,  [page-type,Navigation-DataOnly,1] ,  [hitType,dataOnly,1] ,  [team-name,Navigation,1] ,  [site_variant,Android App,1] ,  [RequestId,A922454E48B8B890AB9A,1] ]
09-29 02:46:46.689  7787  7973 I MShopGCMRegistrationIntentService: Executing GCM registration intent service for Intent { cmp=com.amazon.mShop.android.shopping/com.amazon.mShop.pushnotification.gcm.MShopGCMRegistrationOrchestrator$MShopGCMRegistrationIntentService launchParam=MultiScreenLaunchParams { mDisplayId=0 mFlags=0 } }
09-29 02:46:46.690  7787  7973 I MShopGCMRegistrationOrchestrator: GCM Registration Token: fJuyhHnZdf0:APA91bErm9aHZxrX5vwE5RHwmDnhfGjDb6pzSxgyq2fB3sbFtGs6B0jg0X9nZbIaIb5nV_aGzM22KAZ3atNV9uxit2Hv49bgjkfJjT-7WWSY6SNQHSEAA8kSkxiUE3OerzetMjnZ1O40
09-29 02:46:46.691  7787  7787 D MASHWebView: Clearing timeout
09-29 02:46:46.692  7787  7952 W AudioCapabilities: Unsupported mime audio/mpeg-L1
09-29 02:46:46.692  7787  7952 W AudioCapabilities: Unsupported mime audio/mpeg-L2
09-29 02:46:46.693  7787  7952 W AudioCapabilities: Unsupported mime audio/x-ms-wma
09-29 02:46:46.694  7787  7952 W AudioCapabilities: Unsupported mime audio/x-ima
09-29 02:46:46.695  7787  7952 W VideoCapabilities: Unrecognized profile/level 1/32 for video/mp4v-es
09-29 02:46:46.696  7787  7952 W VideoCapabilities: Unrecognized profile/level 32768/2 for video/mp4v-es
09-29 02:46:46.696  7787  7952 W VideoCapabilities: Unrecognized profile/level 32768/64 for video/mp4v-es
09-29 02:46:46.698  7787  7952 W VideoCapabilities: Unrecognized profile 2130706433 for video/avc
09-29 02:46:46.698  7787  7952 W VideoCapabilities: Unrecognized profile 2130706433 for video/avc
09-29 02:46:46.698  7787  7952 W VideoCapabilities: Unrecognized profile 2130706433 for video/avc
09-29 02:46:46.698  7787  7952 W VideoCapabilities: Unrecognized profile 2130706433 for video/avc
09-29 02:46:46.698  7787  7952 W VideoCapabilities: Unrecognized profile 2130706433 for video/avc
09-29 02:46:46.698  7787  7952 W VideoCapabilities: Unrecognized profile 2130706433 for video/avc
09-29 02:46:46.698  7787  7952 W VideoCapabilities: Unrecognized profile 2130706433 for video/avc
09-29 02:46:46.698  7787  7952 W VideoCapabilities: Unrecognized profile 2130706433 for video/avc
09-29 02:46:46.698  7787  7952 W VideoCapabilities: Unrecognized profile 2130706433 for video/avc
09-29 02:46:46.698  7787  7952 W VideoCapabilities: Unrecognized profile 2130706433 for video/avc
09-29 02:46:46.698  7787  7952 W VideoCapabilities: Unrecognized profile 2130706433 for video/avc
09-29 02:46:46.698  7787  7952 W VideoCapabilities: Unrecognized profile 2130706433 for video/avc
09-29 02:46:46.698  7787  7952 W VideoCapabilities: Unrecognized profile 2130706433 for video/avc
09-29 02:46:46.698  7787  7952 W VideoCapabilities: Unrecognized profile 2130706433 for video/avc
09-29 02:46:46.698  7787  7952 W VideoCapabilities: Unrecognized profile 2130706433 for video/avc
09-29 02:46:46.698  7787  7952 W VideoCapabilities: Unrecognized profile 2130706433 for video/avc
09-29 02:46:46.698  7787  7952 W VideoCapabilities: Unrecognized profile 2130706434 for video/avc
09-29 02:46:46.700  7787  7952 W VideoCapabilities: Unrecognized profile 2130706433 for video/avc
09-29 02:46:46.700  7787  7952 W VideoCapabilities: Unrecognized profile 2130706433 for video/avc
09-29 02:46:46.700  7787  7952 W VideoCapabilities: Unrecognized profile 2130706433 for video/avc
09-29 02:46:46.700  7787  7952 W VideoCapabilities: Unrecognized profile 2130706433 for video/avc
09-29 02:46:46.700  7787  7952 W VideoCapabilities: Unrecognized profile 2130706433 for video/avc
09-29 02:46:46.700  7787  7952 W VideoCapabilities: Unrecognized profile 2130706433 for video/avc
09-29 02:46:46.700  7787  7952 W VideoCapabilities: Unrecognized profile 2130706433 for video/avc
09-29 02:46:46.700  7787  7952 W VideoCapabilities: Unrecognized profile 2130706433 for video/avc
09-29 02:46:46.700  7787  7952 W VideoCapabilities: Unrecognized profile 2130706433 for video/avc
09-29 02:46:46.700  7787  7952 W VideoCapabilities: Unrecognized profile 2130706433 for video/avc
09-29 02:46:46.700  7787  7952 W VideoCapabilities: Unrecognized profile 2130706433 for video/avc
09-29 02:46:46.700  7787  7952 W VideoCapabilities: Unrecognized profile 2130706433 for video/avc
09-29 02:46:46.700  7787  7952 W VideoCapabilities: Unrecognized profile 2130706433 for video/avc
09-29 02:46:46.700  7787  7952 W VideoCapabilities: Unrecognized profile 2130706433 for video/avc
09-29 02:46:46.700  7787  7952 W VideoCapabilities: Unrecognized profile 2130706433 for video/avc
09-29 02:46:46.700  7787  7952 W VideoCapabilities: Unrecognized profile 2130706433 for video/avc
09-29 02:46:46.700  7787  7952 W VideoCapabilities: Unrecognized profile 2130706434 for video/avc
09-29 02:46:46.704  7787  7787 E ...ntity.auth.device.aa: No account mapping found for any account, returning null
09-29 02:46:46.704  7787  7787 W Amazon  : missing associate tag : 
09-29 02:46:46.707  7787  7952 W VideoCapabilities: Unsupported mime video/wvc1
09-29 02:46:46.708  7787  7952 W VideoCapabilities: Unsupported mime video/x-ms-wmv
09-29 02:46:46.712  7787  7952 W VideoCapabilities: Unrecognized profile/level 1/32 for video/mp4v-es
09-29 02:46:46.712  7787  7952 W VideoCapabilities: Unrecognized profile/level 32768/2 for video/mp4v-es
09-29 02:46:46.712  7787  7952 W VideoCapabilities: Unrecognized profile/level 32768/64 for video/mp4v-es
09-29 02:46:46.713  7787  7952 W VideoCapabilities: Unsupported mime video/wvc1
09-29 02:46:46.714  7787  7952 W VideoCapabilities: Unsupported mime video/x-ms-wmv
09-29 02:46:46.715  7787  7952 W VideoCapabilities: Unsupported mime video/x-ms-wmv7
09-29 02:46:46.717  7787  7952 W VideoCapabilities: Unsupported mime video/x-ms-wmv8
09-29 02:46:46.719  7787  7952 W VideoCapabilities: Unsupported mime video/mp43
09-29 02:46:46.722  7787  7952 W AudioCapabilities: Unsupported mime audio/mpeg-L1
09-29 02:46:46.723  7787  7952 W AudioCapabilities: Unsupported mime audio/mpeg-L2
09-29 02:46:46.724  7787  7952 W VideoCapabilities: Unrecognized profile 2130706433 for video/avc
09-29 02:46:46.724  7787  7952 W VideoCapabilities: Unrecognized profile 2130706433 for video/avc
09-29 02:46:46.724  7787  7952 W VideoCapabilities: Unrecognized profile 2130706433 for video/avc
09-29 02:46:46.724  7787  7952 W VideoCapabilities: Unrecognized profile 2130706433 for video/avc
09-29 02:46:46.724  7787  7952 W VideoCapabilities: Unrecognized profile 2130706433 for video/avc
09-29 02:46:46.724  7787  7952 W VideoCapabilities: Unrecognized profile 2130706433 for video/avc
09-29 02:46:46.724  7787  7952 W VideoCapabilities: Unrecognized profile 2130706433 for video/avc
09-29 02:46:46.724  7787  7952 W VideoCapabilities: Unrecognized profile 2130706433 for video/avc
09-29 02:46:46.724  7787  7952 W VideoCapabilities: Unrecognized profile 2130706433 for video/avc
09-29 02:46:46.724  7787  7952 W VideoCapabilities: Unrecognized profile 2130706433 for video/avc
09-29 02:46:46.724  7787  7952 W VideoCapabilities: Unrecognized profile 2130706433 for video/avc
09-29 02:46:46.724  7787  7952 W VideoCapabilities: Unrecognized profile 2130706433 for video/avc
09-29 02:46:46.724  7787  7952 W VideoCapabilities: Unrecognized profile 2130706433 for video/avc
09-29 02:46:46.724  7787  7952 W VideoCapabilities: Unrecognized profile 2130706433 for video/avc
09-29 02:46:46.724  7787  7952 W VideoCapabilities: Unrecognized profile 2130706433 for video/avc
09-29 02:46:46.724  7787  7952 W VideoCapabilities: Unrecognized profile 2130706433 for video/avc
09-29 02:46:46.724  7787  7952 W VideoCapabilities: Unrecognized profile 2130706434 for video/avc
09-29 02:46:46.728  7787  7952 W VideoCapabilities: Unrecognized profile/level 1/32 for video/mp4v-es
09-29 02:46:46.728  7787  7952 W VideoCapabilities: Unrecognized profile/level 32768/2 for video/mp4v-es
09-29 02:46:46.728  7787  7952 W VideoCapabilities: Unrecognized profile/level 32768/64 for video/mp4v-es
09-29 02:46:46.730  7787  7787 E ...ntity.auth.device.aa: No account mapping found for any account, returning null
09-29 02:46:46.734  7787  7787 D ViewRootImpl@e6c5a5e[MShopWebGatewayActivity]: dispatchAttachedToWindow
09-29 02:46:46.744  7787  7952 I VideoCapabilities: Unsupported profile 4 for video/mp4v-es
09-29 02:46:46.761  3638  4855 V WindowManager: Relayout Window{e64d420d0 u0 com.amazon.mShop.android.shopping/com.amazon.mShop.home.web.MShopWebGatewayActivity}: viewVisibility=0 req=1440x2464 WM.LayoutParams{(0,0)(fillxfill) sim=#113 ty=1 fl=#1810100 pfl=0x20000 wanim=0x7f0b00b0 vsysui=0x400 needsMenuKey=2 naviIconColor=0}
09-29 02:46:46.761  3076  3076 I SurfaceFlinger: id=1309 createSurf (1x1),1 flag=404, NShopWebGat
09-29 02:46:46.764  7787  7927 E ...ntity.auth.device.aa: No account mapping found for any account, returning null
09-29 02:46:46.769  7787  7797 I art     : Background sticky concurrent mark sweep GC freed 75016(4MB) AllocSpace objects, 25(1336KB) LOS objects, 18% free, 21MB/26MB, paused 6.268ms total 38.962ms
09-29 02:46:46.769  7787  7952 W VideoCapabilities: Unsupported mime video/sorenson
09-29 02:46:46.772  7787  7927 E ...ntity.auth.device.aa: No account mapping found for any account, returning null
09-29 02:46:46.774  7787  7927 E ...ntity.auth.device.aa: No account mapping found for any account, returning null
09-29 02:46:46.794  3638  4855 D InputDispatcher: Focus entered window: 7787
09-29 02:46:46.796  7787  7787 D ViewRootImpl@e6c5a5e[MShopWebGatewayActivity]: Relayout returned: oldFrame=[0,0][0,0] newFrame=[0,0][1440,2560] result=0x26 surface={isValid=true -1164347392} surfaceGenerationChanged=true
09-29 02:46:46.797  7787  7787 D ViewRootImpl@e6c5a5e[MShopWebGatewayActivity]: mHardwareRenderer.initialize() mSurface={isValid=true -1164347392} hwInitialized=true
09-29 02:46:46.797  7787  7906 I OpenGLRenderer: Initialized EGL, version 1.4
09-29 02:46:46.797  7787  7906 D OpenGLRenderer: Swap behavior 1
09-29 02:46:46.801  7787  7906 D mali_winsys: EGLint new_window_surface(egl_winsys_display*, void*, EGLSurface, EGLConfig, egl_winsys_surface**, egl_color_buffer_format*, EGLBoolean) returns 0x3000,  [1440x2560]-format:1
09-29 02:46:46.840  7787  7787 D AbsListView:  onsize change 
09-29 02:46:46.842  7787  7787 D ViewRootImpl@5c755ad[StartupActivity]: mHardwareRenderer.destroy()#1
09-29 02:46:46.843  3638  5114 V WindowManager: Relayout Window{b76ac66d0 u0 com.amazon.mShop.android.shopping/com.amazon.mShop.splashscreen.StartupActivity}: viewVisibility=8 req=1440x2560 WM.LayoutParams{(0,0)(fillxfill) sim=#120 ty=1 fl=#1810100 pfl=0x20000 wanim=0x7f0b00b0 vsysui=0x400 needsMenuKey=2 naviIconColor=0}
