09-29 02:46:46.845  7787  7787 D ViewRootImpl@5c755ad[StartupActivity]: Relayout returned: oldFrame=[0,0][1440,2560] newFrame=[0,0][1440,2560] result=0x0 surface={isValid=false 0} surfaceGenerationChanged=false
09-29 02:46:46.846  7787  7787 D MobileLoggingSuite: MLS backup uploader job started
09-29 02:46:46.846  7787  7787 D MobileLoggingSuite: Not executing backup job because it was called to soon after it was scheduled
09-29 02:46:46.847  7787  7787 W Amazon  : missing associate tag : 
09-29 02:46:46.848  7787  7787 I AmazonMobileAds AmazonOOAdRegistration: Transport Layer Security enabled by default.
09-29 02:46:46.849  7787  7920 D LogMetricsUtil: Metrics recorded for Navigation to both PMET and Clickstream: [ [msp_ap_am_cspromo_fetch_s,1.0,1] ,  [HTTP_USER_AGENT,AMZN(Smartphone/SM-G925I/A1MPSLFC7L5AFK,Android/7.0,Amazon_Android/MShop/18.14.0.100),1] ,  [appVersion,7.0,1] ,  [locale,en_IN,1] ,  [ref-override,msp_ap_am_cspromo_fetch_s,1] ,  [page-type,Navigation-DataOnly,1] ,  [hitType,dataOnly,1] ,  [team-name,Navigation,1] ,  [site_variant,Android App,1] ,  [RequestId,70B6AC69DE49FF9E4F34,1] ]
09-29 02:46:46.849  3638  3638 D SamsungAlarmManager: setInexact Listener (T:2/F:0/AC:false) 20200929T040854 - CU:1000/CP:3638
09-29 02:46:46.851  7787  7920 D LogMetricsUtil: Metrics recorded for Navigation to both PMET and Clickstream: [ [msp_ap_am_cspromo_fetch_s_so,1.0,1] ,  [HTTP_USER_AGENT,AMZN(Smartphone/SM-G925I/A1MPSLFC7L5AFK,Android/7.0,Amazon_Android/MShop/18.14.0.100),1] ,  [appVersion,7.0,1] ,  [locale,en_IN,1] ,  [ref-override,msp_ap_am_cspromo_fetch_s_so,1] ,  [page-type,Navigation-DataOnly,1] ,  [hitType,dataOnly,1] ,  [team-name,Navigation,1] ,  [site_variant,Android App,1] ,  [RequestId,61AF402A8C6DD22D0ABD,1] ]
09-29 02:46:46.854  7787  7920 D LogMetricsUtil: Metrics recorded for Navigation to both PMET and Clickstream: [ [msp_ap_am_anm_fetch_s,1.0,1] ,  [HTTP_USER_AGENT,AMZN(Smartphone/SM-G925I/A1MPSLFC7L5AFK,Android/7.0,Amazon_Android/MShop/18.14.0.100),1] ,  [appVersion,7.0,1] ,  [locale,en_IN,1] ,  [ref-override,msp_ap_am_anm_fetch_s,1] ,  [page-type,Navigation-DataOnly,1] ,  [hitType,dataOnly,1] ,  [team-name,Navigation,1] ,  [site_variant,Android App,1] ,  [RequestId,B88B5C08CB2D4EC58DD4,1] ]
09-29 02:46:46.857  7787  7920 D LogMetricsUtil: Metrics recorded for Navigation to both PMET and Clickstream: [ [msp_ap_am_anm_fetch_s_so,1.0,1] ,  [HTTP_USER_AGENT,AMZN(Smartphone/SM-G925I/A1MPSLFC7L5AFK,Android/7.0,Amazon_Android/MShop/18.14.0.100),1] ,  [appVersion,7.0,1] ,  [locale,en_IN,1] ,  [ref-override,msp_ap_am_anm_fetch_s_so,1] ,  [page-type,Navigation-DataOnly,1] ,  [hitType,dataOnly,1] ,  [team-name,Navigation,1] ,  [site_variant,Android App,1] ,  [RequestId,D66E52A874C62BF9D78F,1] ]
09-29 02:46:46.859  7787  7920 D LogMetricsUtil: Metrics recorded for Navigation to both PMET and Clickstream: [ [msp_ap_am_nav_err_lt_rs,1.0,1] ,  [HTTP_USER_AGENT,AMZN(Smartphone/SM-G925I/A1MPSLFC7L5AFK,Android/7.0,Amazon_Android/MShop/18.14.0.100),1] ,  [appVersion,7.0,1] ,  [locale,en_IN,1] ,  [ref-override,msp_ap_am_nav_err_lt_rs,1] ,  [page-type,Navigation-DataOnly,1] ,  [hitType,dataOnly,1] ,  [team-name,Navigation,1] ,  [site_variant,Android App,1] ,  [RequestId,F9785DD6EC6447BDB0FE,1] ]
09-29 02:46:46.863  7787  7920 D LogMetricsUtil: Metrics recorded for Navigation to both PMET and Clickstream: [ [msp_ap_am_nav_err_lt_rs_so,1.0,1] ,  [HTTP_USER_AGENT,AMZN(Smartphone/SM-G925I/A1MPSLFC7L5AFK,Android/7.0,Amazon_Android/MShop/18.14.0.100),1] ,  [appVersion,7.0,1] ,  [locale,en_IN,1] ,  [ref-override,msp_ap_am_nav_err_lt_rs_so,1] ,  [page-type,Navigation-DataOnly,1] ,  [hitType,dataOnly,1] ,  [team-name,Navigation,1] ,  [site_variant,Android App,1] ,  [RequestId,B2650854D8C8FA2C0337,1] ]
09-29 02:46:46.877  3638  5108 D WindowManager: finishDrawingWindow: Window{e64d420d0 u0 com.amazon.mShop.android.shopping/com.amazon.mShop.home.web.MShopWebGatewayActivity} mDrawState=DRAW_PENDING
09-29 02:46:46.878  7787  7787 D ViewRootImpl@e6c5a5e[MShopWebGatewayActivity]: MSG_RESIZED_REPORT: ci=Rect(0, 96 - 0, 0) vi=Rect(0, 96 - 0, 0) or=1
09-29 02:46:46.878  7787  7787 D ViewRootImpl@e6c5a5e[MShopWebGatewayActivity]: MSG_WINDOW_FOCUS_CHANGED 1
09-29 02:46:46.878  7787  7787 D ViewRootImpl@e6c5a5e[MShopWebGatewayActivity]: mHardwareRenderer.initializeIfNeeded()#2 mSurface={isValid=true -1164347392}
09-29 02:46:46.881  3638  3667 D KnoxTimeoutHandler: notifyActivityDrawn [MsgParam] userId: 0 fullscreen is true showWhenlocked is false isMutiwindowRecord is false multiwindowstyle is 1
09-29 02:46:46.881  3638  3638 D KnoxTimeoutHandler: activityDrawn [MsgParam] userId: 0 fullscreen is true showWhenlocked is false isMutiwindowRecord is false multiwindowstyle is 1
09-29 02:46:46.881  3638  3667 I ActivityManager: Displayed com.amazon.mShop.android.shopping/com.amazon.mShop.home.web.MShopWebGatewayActivity: +603ms (total +24s402ms)
09-29 02:46:46.882  3638  3667 D CustomFrequencyManagerService: acquireDVFSLockLocked : type : DVFS_MIN_LIMIT  frequency : 1800000  uid : 1000  pid : 3638  pkgName : AMS_RESUME_TAIL@CPU_MIN@19
09-29 02:46:46.882  3638  3667 D ActivityManagerPerformance: AMP_acquire() TAIL
09-29 02:46:46.883  3638  3667 D CustomFrequencyManagerService: releaseDVFSLockLocked : Getting Lock type frm List : DVFS_MIN_LIMIT  frequency : 2100000  uid : 1000  pid : 3638  tag : AMS_APP_SWITCH@CPU_MIN@25
09-29 02:46:46.883  3638  3667 D ActivityManagerPerformance: AMP_release() APP_SWITCH
09-29 02:46:46.883  3638  3638 I KnoxTimeoutHandler: SD activityfalse
09-29 02:46:46.883  3638  3667 D ViewRootImpl@2f67bf5[shopping]: dispatchDetachedFromWindow
09-29 02:46:46.883  3638  3638 I KnoxTimeoutHandler: Fullscreen and mCurrent is not KNOX user. Hence hide keyguard
09-29 02:46:46.883  3638  3667 D WindowManager: disposeInputChannel mInputChannel: c904ffb Starting com.amazon.mShop.android.shopping (server)
09-29 02:46:46.886  7776  7776 D AndroidRuntime: Shutting down VM
09-29 02:46:46.887  3638  3667 D InputTransport: Input channel destroyed: fd=420
09-29 02:46:46.888  3638  3667 D InputTransport: Input channel destroyed: fd=470
09-29 02:46:46.888  3638  3667 D ViewRootImpl@21c9eeb[ContainerKeyguardScrim]: mHardwareRenderer.destroy()#1
09-29 02:46:46.891  7787  7787 D SEM_CLIP_SemClipboardManager: isCocktailBarDisplayed : false
09-29 02:46:46.893  7787  7787 D SEM_CLIP_SemClipboardManager: isCocktailBarDisplayed : false
09-29 02:46:46.894  7787  7787 V InputMethodManager: Starting input: tba=android.view.inputmethod.EditorInfo@fcad106 nm : com.amazon.mShop.android.shopping ic=null
09-29 02:46:46.894  7787  7787 I InputMethodManager: [IMM] startInputInner - mService.startInputOrWindowGainedFocus
09-29 02:46:46.895  3638 12141 D InputMethodManagerService: windowGainedFocus mCurrentFocusedUserId - 0 and mSecureKeypadEnabled-false
09-29 02:46:46.895  3638 12141 V InputMethodManagerService: windowGainedFocus: reason=WINDOW_FOCUS_GAIN client=android.os.BinderProxy@ea3fdcb inputContext=null missingMethods= attribute=android.view.inputmethod.EditorInfo@8b76277 nm = com.amazon.mShop.android.shopping controlFlags=#105 softInputMode=#113 windowFlags=#1810100
09-29 02:46:46.895  3638 12141 V InputMethodManagerService: Window asks to hide input
09-29 02:46:46.895  3638 12141 D InputMethodManagerService: mDesktopModeManager null!
09-29 02:46:46.895  3638 12141 V InputMethodManagerService: Creating new session for client ClientState{51f5ee4 uid 10432 pid 7787}
09-29 02:46:46.895  3638 12141 D InputTransport: Input channel constructed: fd=420
09-29 02:46:46.895  3638 12141 D InputTransport: Input channel constructed: fd=470
09-29 02:46:46.896  3638 12141 D InputTransport: Input channel destroyed: fd=470
09-29 02:46:46.896  4705  4717 D InputTransport: Input channel constructed: fd=84
09-29 02:46:46.897 17355 17355 D InputTransport: Input channel destroyed: fd=148
09-29 02:46:46.898  3638  3827 D InputTransport: Input channel constructed: fd=470
09-29 02:46:46.898  3638  3827 D InputTransport: Input channel destroyed: fd=470
09-29 02:46:46.898  4705  4705 D SKBD    : IMPL finishInput
09-29 02:46:46.899 17355 17355 W IInputConnectionWrapper: reportFullscreenMode on inexistent InputConnection
09-29 02:46:46.899  7787  7799 D InputTransport: Input channel constructed: fd=145
09-29 02:46:46.899 17355 17355 W IInputConnectionWrapper: finishComposingText on inactive InputConnection
09-29 02:46:46.900  3638  4852 D CompatibilityInfo: mCompatibilityFlags - 0
09-29 02:46:46.900  3638  4852 D CompatibilityInfo: applicationDensity - 640
09-29 02:46:46.900  3638  4852 D CompatibilityInfo: applicationScale - 1.0
09-29 02:46:46.908  7776  7776 I TMSDISP : AcsAndroidVirtualDisplayIntfImpl::~AcsAndroidVirtualDisplayIntfImpl - Enter
09-29 02:46:46.908  7776  7776 I TMSDISP : AcsAndroidVirtualDisplayIntfImpl::~AcsAndroidVirtualDisplayIntfImpl - Enter2
09-29 02:46:46.908  7776  7776 I TMSDISP : AcsAndroidVirtualDisplayIntfImpl::~AcsAndroidVirtualDisplayIntfImpl - mSource2
09-29 02:46:46.908  7776  7776 I TMSDISP : AcsAndroidVirtualDisplayIntfImpl::~AcsAndroidVirtualDisplayIntfImpl - Exit
09-29 02:46:46.916  3638  8725 D WindowManager: finishDrawingWindow: Window{e64d420d0 u0 com.amazon.mShop.android.shopping/com.amazon.mShop.home.web.MShopWebGatewayActivity} mDrawState=HAS_DRAWN
09-29 02:46:46.918  7787  7787 V InputMethodManager: Starting input: tba=android.view.inputmethod.EditorInfo@59a6cb7 nm : com.amazon.mShop.android.shopping ic=null
09-29 02:46:46.926  7787  7978 E ...ntity.auth.device.aa: No account mapping found for any account, returning null
09-29 02:46:46.930  7750  7772 I appium  : channel read invoked!
09-29 02:46:46.930  7750  7772 I appium  : channel read: GET /wd/hub/session/fd93296d-e304-4757-a0a5-c096a8b9bd2b/appium/device/pixel_ratio
09-29 02:46:46.931  7750  7772 I appium  : Get device pixel ratio
09-29 02:46:46.932  7750  7772 I appium  : AppiumResponse: {"sessionId":"fd93296d-e304-4757-a0a5-c096a8b9bd2b","value":4}
09-29 02:46:46.938  3638 12145 D CompatibilityInfo: mCompatibilityFlags - 0
09-29 02:46:46.938  3638 12145 D CompatibilityInfo: applicationDensity - 640
09-29 02:46:46.938  3638 12145 D CompatibilityInfo: applicationScale - 1.0
09-29 02:46:46.943  7750  7772 I appium  : channel read invoked!
09-29 02:46:46.943  7750  7772 I appium  : channel read: GET /wd/hub/session/fd93296d-e304-4757-a0a5-c096a8b9bd2b/appium/device/system_bars
09-29 02:46:46.944  7750  7772 I appium  : Get status bar height of the device
09-29 02:46:46.944  7750  7772 I appium  : AppiumResponse: {"sessionId":"fd93296d-e304-4757-a0a5-c096a8b9bd2b","value":{"statusBar":96}}
09-29 02:46:46.951  7750  7772 I appium  : channel read invoked!
09-29 02:46:46.951  7750  7772 I appium  : channel read: GET /wd/hub/session/fd93296d-e304-4757-a0a5-c096a8b9bd2b/window/current/size
09-29 02:46:46.951  7750  7772 I appium  : Get window size of the device
09-29 02:46:46.952  7750  7772 I appium  : AppiumResponse: {"sessionId":"fd93296d-e304-4757-a0a5-c096a8b9bd2b","value":{"height":2560,"width":1440}}
09-29 02:46:46.955  3638  4390 D CompatibilityInfo: mCompatibilityFlags - 0
09-29 02:46:46.955  3638  4390 D CompatibilityInfo: applicationDensity - 640
09-29 02:46:46.955  3638  4390 D CompatibilityInfo: applicationScale - 1.0
09-29 02:46:46.964  7787  7787 I ARCore-InstallService: Install service connected
09-29 02:46:46.984  7787  7792 I art     : Do partial code cache collection, code=114KB, data=124KB
09-29 02:46:46.985  7787  7792 I art     : After code cache collection, code=106KB, data=116KB
09-29 02:46:46.985  7787  7792 I art     : Increasing code cache capacity to 512KB
09-29 02:46:47.021 17923  7996 E Finsky  : [1389] osm.a(20): com.google.ar.core not available.
09-29 02:46:47.022  7787  7981 E ARCore-InstallService: The device is not supported.
09-29 02:46:47.081  3638  3667 I WindowManager_SurfaceController: Destroying surface Surface(name=Starting com.amazon.mShop.android.shopping) called by com.android.server.wm.WindowStateAnimator.destroySurface:2907 com.android.server.wm.WindowStateAnimator.destroySurfaceLocked:1120 com.android.server.wm.WindowState.destroyOrSaveSurface:2654 com.android.server.wm.AppWindowToken.destroySurfaces:424 com.android.server.wm.AppWindowToken.destroySurfaces:388 com.android.server.wm.WindowStateAnimator.finishExit:686 com.android.server.wm.WindowStateAnimator.stepAnimationLocked:570 com.android.server.wm.WindowAnimator.updateWindowsLocked:439 
09-29 02:46:47.081  3076  4484 I SurfaceFlinger: id=1308 Removed thopping (6/10)
09-29 02:46:47.084  3076  4484 I SurfaceFlinger: id=1308 Removed thopping (-2/10)
