--------- beginning of main
09-29 02:46:22.704  7534  7534 D PluginParser: Adding configuration for meta-data key 'com.amazon.platform.plugin.ssnap' = com.amazon.mShop.android.shopping:xml/ssnap_plugin
09-29 02:46:22.704  7534  7534 D PluginParser: Loading configuration from com.amazon.mShop.android.shopping:xml/ssnap_plugin
09-29 02:46:22.704  7534  7534 D PluginParser: Adding configuration for meta-data key 'com.amazon.platform.plugin.freshLib' = com.amazon.mShop.android.shopping:array/fresh_plugins
09-29 02:46:22.705  7534  7534 D PluginParser: Loading configuration from com.amazon.mShop.android.shopping:array/fresh_plugins
09-29 02:46:22.705  7534  7534 W ResourceType: Requesting resource 0x7f080018 failed because it is complex
09-29 02:46:22.705  7534  7534 D PluginParser: Loading configuration from com.amazon.mShop.android.shopping:xml/fresh_startup_plugin
09-29 02:46:22.705  7534  7534 D PluginParser: Loading configuration from com.amazon.mShop.android.shopping:xml/f3_weblab_plugin
09-29 02:46:22.706  7534  7534 D PluginParser: Done loading configuration with prefix com.amazon.platform.plugin.
09-29 02:46:22.707  7534  7534 I RegistryFactory: ExtensionRegistryImpl{18 extension points, 97 extensions} initialized in 51ms
09-29 02:46:22.714 17355 17463 D mali_winsys: EGLint new_window_surface(egl_winsys_display*, void*, EGLSurface, EGLConfig, egl_winsys_surface**, egl_color_buffer_format*, EGLBoolean) returns 0x3000,  [1440x2560]-format:1
09-29 02:46:22.723  7534  7555 I cr_LibraryLoader: Time to load native libraries: 12 ms (timestamps 9441-9453)
09-29 02:46:22.729  7534  7555 I chromium: [INFO:library_loader_hooks.cc(36)] Chromium logging enabled: level = 0, default verbosity = 0
09-29 02:46:22.729  7534  7555 I cr_LibraryLoader: Expected native library version number "68.0.3440.91", actual native library version number "68.0.3440.91"
09-29 02:46:22.730  7534  7561 E cr_VariationsUtils: Failed reading seed file "/data/user/0/com.amazon.mShop.android.shopping/app_webview/variations_seed_new": /data/user/0/com.amazon.mShop.android.shopping/app_webview/variations_seed_new (No such file or directory)
09-29 02:46:22.734 17355 17355 D ViewRootImpl@c44b678[HomeActivity]: MSG_WINDOW_FOCUS_CHANGED 1
09-29 02:46:22.734 17355 17355 D ViewRootImpl@c44b678[HomeActivity]: mHardwareRenderer.initializeIfNeeded()#2 mSurface={isValid=true 496126007808}
09-29 02:46:22.738 17355 17355 V InputMethodManager: Starting input: tba=android.view.inputmethod.EditorInfo@421020 nm : com.bsbportal.music ic=null
09-29 02:46:22.738 17355  7040 I System.out: (HTTPLog)-Static: isSBSettingEnabled false
09-29 02:46:22.738 17355 17355 I InputMethodManager: [IMM] startInputInner - mService.startInputOrWindowGainedFocus
09-29 02:46:22.738 17355  7040 I System.out: (HTTPLog)-Static: isSBSettingEnabled false
09-29 02:46:22.739  3638 12047 D InputMethodManagerService: windowGainedFocus mCurrentFocusedUserId - 0 and mSecureKeypadEnabled-false
09-29 02:46:22.739  3638 12047 V InputMethodManagerService: windowGainedFocus: reason=WINDOW_FOCUS_GAIN client=android.os.BinderProxy@ca807c9 inputContext=null missingMethods= attribute=android.view.inputmethod.EditorInfo@6c2be92 nm = com.bsbportal.music controlFlags=#105 softInputMode=#30 windowFlags=#81810100
09-29 02:46:22.739  3638 12047 V InputMethodManagerService: Unspecified window will hide input
09-29 02:46:22.739  3638 12047 D InputMethodManagerService: mDesktopModeManager null!
09-29 02:46:22.739  3638 12047 D InputTransport: Input channel constructed: fd=420
09-29 02:46:22.739  3638 12047 D InputTransport: Input channel destroyed: fd=420
09-29 02:46:22.740  4705  4705 D SKBD    : IMPL finishInput
09-29 02:46:22.740 17355 17355 D InputTransport: Input channel constructed: fd=127
09-29 02:46:22.740 17355 17355 D InputTransport: Input channel destroyed: fd=122
09-29 02:46:22.741  3119  3627 D EnterpriseController: netId is 0
09-29 02:46:22.741  3119  3627 D Netd    : getNetworkForDns: using netid 502 for uid 10431
09-29 02:46:22.741  3119  3627 D DnsProxyListener: DNSDBG::dns addrinfo af 2
09-29 02:46:22.756 17355  7550 I AppsFlyer_5.0.0: sendTrackingWithEvent from activity: com.bsbportal.music.common.MusicApplication
09-29 02:46:22.756 17355  7550 I AppsFlyer_5.0.0: Trying to fetch GAID..
09-29 02:46:22.769  3638 12006 D CompatibilityInfo: mCompatibilityFlags - 0
09-29 02:46:22.769  3638 12006 D CompatibilityInfo: applicationDensity - 640
09-29 02:46:22.769  3638 12006 D CompatibilityInfo: applicationScale - 1.0
09-29 02:46:22.822  7534  7534 W art     : Before Android 4.1, method double java.util.concurrent.ThreadLocalRandom.internalNextDouble(double, double) would have incorrectly overridden the package-private method in java.util.Random
09-29 02:46:22.822  7534  7534 W art     : Before Android 4.1, method int java.util.concurrent.ThreadLocalRandom.internalNextInt(int, int) would have incorrectly overridden the package-private method in java.util.Random
09-29 02:46:22.822  7534  7534 W art     : Before Android 4.1, method long java.util.concurrent.ThreadLocalRandom.internalNextLong(long, long) would have incorrectly overridden the package-private method in java.util.Random
09-29 02:46:22.823  7534  7534 I AmazonBooksAndroidModule: Initializing Amazon Books ContentDecorator...
09-29 02:46:22.850  7534  7534 W LanguageCookieService: Default CookieHandler was null
09-29 02:46:22.864  7534  7534 E OftDaggerModule: initialize
--------- beginning of system
09-29 02:46:22.866  3638  4390 D WindowManager: finishDrawingWindow: Window{dacece6d0 u0 com.bsbportal.music/com.bsbportal.music.v2.features.main.ui.HomeActivity} mDrawState=HAS_DRAWN
09-29 02:46:22.869  7534  7534 D SunsetShopKitModule: Registering Sunset Task
09-29 02:46:22.890  7534  7534 D NetworkSecurityConfig: Using Network Security Config from resource network_security_config debugBuild: false
09-29 02:46:22.896  3638  3827 D WindowManager: finishDrawingWindow: Window{e05232cd0 u0 com.bsbportal.music/com.bsbportal.music.bottomdialog.RegistrationActivity} mDrawState=HAS_DRAWN
09-29 02:46:22.897 17355 17355 D ViewRootImpl@6c4e962[RegistrationActivity]: MSG_WINDOW_FOCUS_CHANGED 1
09-29 02:46:22.897 17355 17355 D ViewRootImpl@6c4e962[RegistrationActivity]: mHardwareRenderer.initializeIfNeeded()#2 mSurface={isValid=true 496126018560}
09-29 02:46:22.901 17355 17355 D SEM_CLIP_SemClipboardManager: isCocktailBarDisplayed : false
09-29 02:46:22.903 17355 17355 V InputMethodManager: Starting input: tba=android.view.inputmethod.EditorInfo@9310e7f nm : com.bsbportal.music ic=com.android.internal.widget.EditableInputConnection@1880e4c
09-29 02:46:22.903 17355 17355 I InputMethodManager: [IMM] startInputInner - mService.startInputOrWindowGainedFocus
09-29 02:46:22.904  3638 12047 D InputMethodManagerService: windowGainedFocus mCurrentFocusedUserId - 0 and mSecureKeypadEnabled-false
09-29 02:46:22.923  7534  7534 D FeatureIntegrationFileManager: Using last downloaded FIF version 5.0.666.0
09-29 02:46:22.930  3638 12047 V InputMethodManagerService: windowGainedFocus: reason=WINDOW_FOCUS_GAIN client=android.os.BinderProxy@ca807c9 inputContext=com.android.internal.view.IInputContext$Stub$Proxy@94a31de missingMethods= attribute=android.view.inputmethod.EditorInfo@f7d0fbf nm = com.bsbportal.music controlFlags=#107 softInputMode=#112 windowFlags=#81810102
09-29 02:46:22.930  3638 12047 V InputMethodManagerService: Window asks to hide input going forward
09-29 02:46:22.930  3638 12047 D InputMethodManagerService: mDesktopModeManager null!
09-29 02:46:22.930  3638 12047 D InputTransport: Input channel constructed: fd=420
09-29 02:46:22.931  4705  4705 D SKBD    : IMPL finishInput
09-29 02:46:22.937  7534  7534 D WeblabRegistration: Fetched 59 weblabs from the ssnap FIF version 5.0.666.0
09-29 02:46:22.937  7534  7534 D WeblabRegistration: Adding ssnap dynamic weblab PANTRY_SSNAP_RN_TO_HTML_SF_286459
09-29 02:46:22.937  7534  7534 D WeblabRegistration: Adding ssnap dynamic weblab SEARCH_BIDI_188297
09-29 02:46:22.937  7534  7534 D WeblabRegistration: Adding ssnap dynamic weblab AB_MOBILE_SUPPLYROOM_UNIFIED_LIST_EXPERIENCE_216098
09-29 02:46:22.937  7534  7534 D WeblabRegistration: Adding ssnap dynamic weblab EGGO_MSHOP_SPEAKER_NAME_ATTRIBUTION_209891
09-29 02:46:22.937  7534  7534 D WeblabRegistration: Adding ssnap dynamic weblab EGGO_MSHOP_CUSTOM_ASL_INGRESS_217570
09-29 02:46:22.937  7534  7534 D WeblabRegistration: Adding ssnap dynamic weblab SEARCH_202624
09-29 02:46:22.937  7534  7534 D WeblabRegistration: Adding ssnap dynamic weblab SEARCH_156143
09-29 02:46:22.937  7534  7534 D WeblabRegistration: Adding ssnap dynamic weblab OKHTTP_MAX_IDLE_CONECTION_213481
09-29 02:46:22.937  7534  7534 D WeblabRegistration: Adding ssnap dynamic weblab C7X_PLACE_CARDS_SSNAP_JP_EXP_151016
09-29 02:46:22.937  7534  7534 D WeblabRegistration: Adding ssnap dynamic weblab SEARCH_201853
09-29 02:46:22.937  7534  7534 D WeblabRegistration: Adding ssnap dynamic weblab EGGO_SHOPPING_LIST_CATEGORY_VIEW_194247
09-29 02:46:22.937  7534  7534 D WeblabRegistration: Adding ssnap dynamic weblab PACKARD_ANDROID_GPS_174170
09-29 02:46:22.937  7534  7534 D WeblabRegistration: Adding ssnap dynamic weblab PANTRY_187689
09-29 02:46:22.938  7534  7534 D WeblabRegistration: Adding ssnap dynamic weblab AMAZON_PRINTS_LAUNCH_PHOTOBOOK_191331
09-29 02:46:22.938  7534  7534 D WeblabRegistration: Adding ssnap dynamic weblab SEARCH_156142
09-29 02:46:22.938  7534  7534 D WeblabRegistration: Adding ssnap dynamic weblab AMAZON_PRINTS_MSHOP_WALL_DECOR_161748
09-29 02:46:22.938  7534  7534 D WeblabRegistration: Adding ssnap dynamic weblab PANTRY_214266
09-29 02:46:22.938  7534  7534 D WeblabRegistration: Adding ssnap dynamic weblab SEARCH_156141
09-29 02:46:22.938  7534  7534 D WeblabRegistration: Adding ssnap dynamic weblab SEARCH_156144
09-29 02:46:22.938  7534  7534 D WeblabRegistration: Adding ssnap dynamic weblab AMAZON_PRINTS_MSHOP_CANVAS_162118
09-29 02:46:22.938  7534  7534 D WeblabRegistration: Adding ssnap dynamic weblab C7X_PLACE_CARDS_SSNAP_JP_TEST_151013
09-29 02:46:22.938  7534  7534 D WeblabRegistration: Adding ssnap dynamic weblab EGGO_CHANGE_CATEGORY_218340
09-29 02:46:22.938  7534  7534 D WeblabRegistration: Adding ssnap dynamic weblab EGGO_BOTTOMSHEET_217797
09-29 02:46:22.938  7534  7534 D WeblabRegistration: Adding ssnap dynamic weblab A9VS_STYLESNAP_LAYOUT_199811
09-29 02:46:22.938  7534  7534 D WeblabRegistration: Adding ssnap dynamic weblab EGGO_RECIPE_ON_LIST_214844
09-29 02:46:22.938  7534  7534 D WeblabRegistration: Adding ssnap dynamic weblab C7X_PLACE_CARDS_SSNAP_EU_TEST_151018
09-29 02:46:22.938  7534  7534 D WeblabRegistration: Adding ssnap dynamic weblab HSA_SB_192224
09-29 02:46:22.938  7534  7534 D WeblabRegistration: Adding ssnap dynamic weblab SSNAP_SEARCH_UNNECESSARY_VIEW_REMOVAL_215607
09-29 02:46:22.938  7534  7534 D WeblabRegistration: Adding ssnap dynamic weblab SSNAP_205846
09-29 02:46:22.938  7534  7534 D WeblabRegistration: Adding ssnap dynamic weblab EGGO_ROOT_RENDER_MEASUREMENT_217369
09-29 02:46:22.938  7534  7534 D WeblabRegistration: Adding ssnap dynamic weblab PERMISSION_SERVICE_ALLOW_ALL_213491
09-29 02:46:22.938  7534  7534 D WeblabRegistration: Adding ssnap dynamic weblab PANTRY_214267
09-29 02:46:22.938  7534  7534 D WeblabRegistration: Adding ssnap dynamic weblab C7X_PLACE_CARDS_SSNAP_102773
09-29 02:46:22.938  7534  7534 D WeblabRegistration: Adding ssnap dynamic weblab EGGO_TEAM_MEMBER_195586
09-29 02:46:22.938  7534  7534 D WeblabRegistration: Adding ssnap dynamic weblab SEARCH_208265
09-29 02:46:22.938  7534  7534 D WeblabRegistration: Adding ssnap dynamic weblab SSNAP_214386
09-29 02:46:22.938  7534  7534 D WeblabRegistration: Adding ssnap dynamic weblab ALEXA_SHOPPING_LIST_POPULAR_RECS_PROD_218512
09-29 02:46:22.938  7534  7534 D WeblabRegistration: Adding ssnap dynamic weblab SEARCH_156139
09-29 02:46:22.938  7534  7534 D WeblabRegistration: Adding ssnap dynamic weblab EGGO_MSHOP_CATEGORY_TOOLTIP_NEW_219991
09-29 02:46:22.938  7534  7534 D WeblabRegistration: Adding ssnap dynamic weblab SEARCH_156138
09-29 02:46:22.938  7534  7534 D WeblabRegistration: Adding ssnap dynamic weblab EGGO_LOCALIZATION_225038
09-29 02:46:22.938  7534  7534 D WeblabRegistration: Adding ssnap dynamic weblab EGGO_MSHOP_FOREGROUND_POLLER_219695
09-29 02:46:22.938  7534  7534 D WeblabRegistration: Adding ssnap dynamic weblab SEARCH_191990
09-29 02:46:22.938  7534  7534 D WeblabRegistration: Adding ssnap dynamic weblab PACKARD_GLOW_RN_BOTTOMSHEET_ANDROID_186692
09-29 02:46:22.938  7534  7534 D WeblabRegistration: Adding ssnap dynamic weblab OKHTTP_REUSING_CONNECTION_POOL_213270
09-29 02:46:22.938  7534  7534 D WeblabRegistration: Adding ssnap dynamic weblab EGGO_MSHOP_AMPLITUDE_BACKEND_CALL_288312
09-29 02:46:22.938  7534  7534 D WeblabRegistration: Adding ssnap dynamic weblab EGGO_MSHOP_LIST_EDIT_DELETE_210652
09-29 02:46:22.938  7534  7534 D WeblabRegistration: Adding ssnap dynamic weblab SEARCH_156136
09-29 02:46:22.938  7534  7534 D WeblabRegistration: Adding ssnap dynamic weblab SEARCH_156137
09-29 02:46:22.938  7534  7534 D WeblabRegistration: Adding ssnap dynamic weblab SSNAP_TEST_85580
09-29 02:46:22.938  7534  7534 D WeblabRegistration: Adding ssnap dynamic weblab SEARCH_156140
09-29 02:46:22.938  7534  7534 D WeblabRegistration: Adding ssnap dynamic weblab A9VS_STYLESNAP_LAYOUT_165604
09-29 02:46:22.938  7534  7534 D WeblabRegistration: Adding ssnap dynamic weblab EGGO_FAVORITE_LIST_213548
09-29 02:46:22.938  7534  7534 D WeblabRegistration: Adding ssnap dynamic weblab SEARCH_191991
09-29 02:46:22.938  7534  7534 D WeblabRegistration: Adding ssnap dynamic weblab SEARCH_156135
09-29 02:46:22.938  7534  7534 D WeblabRegistration: Adding ssnap dynamic weblab AB_MOBILE_SUPPLYROOM_BARCODE_SCANNING_217710
09-29 02:46:22.938  7534  7534 D WeblabRegistration: Adding ssnap dynamic weblab AB_MOBILE_SUPPLYROOM_CREATE_NEW_LIST_224292
09-29 02:46:22.938  7534  7534 D WeblabRegistration: Adding ssnap dynamic weblab NOTIFICATION_HUB_ANDROID_LAUNCH_108232
09-29 02:46:22.938  7534  7534 D WeblabRegistration: Adding ssnap dynamic weblab HSA_SB_197941
09-29 02:46:22.944  7534  7534 I DPLogger: DPLogger - Name was too long. Truncating; original name: BaseMetricsServiceFactory, truncated name: BaseMetricsServiceFacto
09-29 02:46:22.945  7534  7534 I DPLogger: DPLogger - Name was too long. Truncating; original name: MetricsConfigurationParser, truncated name: MetricsConfigurationPar
09-29 02:46:22.946  7534  7534 I MetricsConfigurationPar: MetricsConfigurationParser - Picking configuration; Domain: prod, Build: user, isDebuggable: false
09-29 02:46:22.950  7534  7534 I DPLogger: DPLogger - Name was too long. Truncating; original name: AndroidDeviceInfoManager, truncated name: AndroidDeviceInfoManage
09-29 02:46:22.952  7534  7534 W BaseMetricsServiceFacto: createMetricsService - Skipping batch pipeline setup for Priority NORMAL and Channel LOCATION because no configuration is provided.;
09-29 02:46:22.952  7534  7534 I DPLogger: DPLogger - Name was too long. Truncating; original name: Metrics:BoundedByteArrayQueue, truncated name: Metrics:BoundedByteArra
09-29 02:46:22.952  7534  7534 I DPLogger: DPLogger - Name was too long. Truncating; original name: Metrics:NonVolatileBoundedByteArrayQueue, truncated name: Metrics:NonVolatileBoun
09-29 02:46:22.952  3638 12047 D InputTransport: Input channel destroyed: fd=420
09-29 02:46:22.953 17355 17355 D InputTransport: Input channel constructed: fd=148
09-29 02:46:22.953 17355 17355 D InputTransport: Input channel destroyed: fd=127
09-29 02:46:22.953 17355 17355 D ViewRootImpl@c44b678[HomeActivity]: MSG_WINDOW_FOCUS_CHANGED 0
09-29 02:46:22.954  7534  7534 I DPLogger: DPLogger - Name was too long. Truncating; original name: OverridingDeviceInfoManager, truncated name: OverridingDeviceInfoMan
09-29 02:46:22.958  7534  7534 I DPLogger: DPLogger - Name was too long. Truncating; original name: Metrics:BatchTransmitter, truncated name: Metrics:BatchTransmitte
09-29 02:46:22.958  7534  7534 I DPLogger: DPLogger - Name was too long. Truncating; original name: Metrics:ThreadPoolBatchTransmitter, truncated name: Metrics:ThreadPoolBatch
09-29 02:46:22.958  7534  7534 I DPLogger: DPLogger - Name was too long. Truncating; original name: PeriodicBatchTransmitter, truncated name: PeriodicBatchTransmitte
09-29 02:46:22.958 17355 17355 W IInputConnectionWrapper: finishComposingText on inactive InputConnection
09-29 02:46:22.960  7534  7534 W BaseMetricsServiceFacto: createMetricsService - Skipping batch pipeline setup for Priority HIGH and Channel LOCATION because no configuration is provided.;
09-29 02:46:22.961  7534  7534 I DPLogger: DPLogger - Name was too long. Truncating; original name: Metrics:VolatileBoundedByteArrayQueue, truncated name: Metrics:VolatileBounded
09-29 02:46:22.962  7534  7534 I DPLogger: DPLogger - Name was too long. Truncating; original name: Metrics:UrgentBatchTransmitter, truncated name: Metrics:UrgentBatchTran
09-29 02:46:22.967  7534  7597 I Metrics:BatchTransmitte: QueuePusher.sendBatches - Drained batch queue.; Number of NORMAL_NON_ANONYMOUS queue batches sent: 0
09-29 02:46:22.968  7534  7534 I DPLogger: DPLogger - Name was too long. Truncating; original name: MetricsBroadcastReceiver, truncated name: MetricsBroadcastReceive
09-29 02:46:22.968  7534  7598 I Metrics:BatchTransmitte: QueuePusher.sendBatches - Drained batch queue.; Number of HIGH_ANONYMOUS queue batches sent: 0
09-29 02:46:22.968  7534  7599 I Metrics:BatchTransmitte: QueuePusher.sendBatches - Drained batch queue.; Number of HIGH_NON_ANONYMOUS queue batches sent: 0
09-29 02:46:22.969  7534  7596 I ProvidedOAuthMetricsTransport: Acquiring wake lock with timeout: 300000ms
09-29 02:46:22.971  7534  7596 I ProvidedOAuthMetricsTransport: Acquiring wifi lock
09-29 02:46:22.976  7534  7596 I ProvidedOAuthMetricsTransport: Manually releasing wifi lock
09-29 02:46:22.976  7534  7596 I ProvidedOAuthMetricsTransport: Manually releasing wake lock
09-29 02:46:22.977  7534  7534 D AdsHelper: calling AmazonOOAdRegistration.setAppDefinedMarketplace with: IN for marketplace: en_IN
09-29 02:46:22.977  7534  7596 I ProvidedOAuthMetricsTransport: Attempting transmission using fallback transport
09-29 02:46:22.978  7534  7596 I StaticCredentialMetricsTransport: Acquiring wake lock with timeout: 300000ms
09-29 02:46:22.979  7534  7596 I StaticCredentialMetricsTransport: Acquiring wifi lock
09-29 02:46:22.981  7534  7596 E StaticCredentialMetricsTransport: Static token cannot be null or empty
09-29 02:46:22.981  7534  7596 I StaticCredentialMetricsTransport: Manually releasing wifi lock
09-29 02:46:22.985  7534  7596 I StaticCredentialMetricsTransport: Manually releasing wake lock
09-29 02:46:22.986  7534  7596 W Metrics:BatchTransmitte: QueuePusher.sendBatches - Batch transmission failed on credentials error, re-enqueuing batch.;
09-29 02:46:22.987  7534  7596 I Metrics:BatchTransmitte: QueuePusher.sendBatches - Partial number of NORMAL_ANONYMOUS queue batches sent; 0
09-29 02:46:23.013  3119  3627 D EnterpriseController: netId is 0
09-29 02:46:23.013  3119  3627 D Netd    : getNetworkForDns: using netid 502 for uid 10431
09-29 02:46:23.013  3119  3627 D DnsProxyListener: DNSDBG::dns addrinfo af 2
09-29 02:46:23.018  7534  7534 I WebViewSuspensionPolicy: Registering timer controller
09-29 02:46:23.018  4932  4990 D ContactsProvider_EventLog: contents_sample_state: [ contacts(1425) data(12627) accounts({vnd.sec.contact.phone (1)=1, com.google (38)=2397}) accounts deleted({}) calls([logtype:100 cnt:191, logtype:300 cnt:289, logtype:1000 cnt:119]) countryIso(IN) userId(0)  ]
09-29 02:46:23.018  4932  4990 D ContactsProvider_EventLog: contents_sample_state: [ agr({[38 ,38 ,38 ,38]=1, [38]=460, [38 ,38]=958, [38 ,38 ,38]=4, [1]=1, [38 ,38 ,38 ,38 ,38]=1})  ]
09-29 02:46:23.018  4932  4990 D ContactsProvider_EventLog: contents_sample_state: [ actCnt({android.process.acore=1})  ]
09-29 02:46:23.019  7534  7534 I CordovaLog: Changing log level to 6
09-29 02:46:23.019  3638 12044 D SamsungAlarmManager: Cancel Alarm calling from uid:10014 pid :2363 / op:PendingIntent{2438dea: PendingIntentRecord{e5ff496 com.google.android.gms broadcastIntent}}
09-29 02:46:23.021  4932  4990 E ContactsProvider_EventLog: Flush buffer to file cnt : 1 size : 0Kb duration : 1ms lastUpdatedAfter : 60148 ms mFlush_time_threasold : 2000 mCurrentSize : 463
09-29 02:46:23.026  3638  3655 D CompatibilityInfo: mCompatibilityFlags - 0
09-29 02:46:23.026  3638  3655 D CompatibilityInfo: applicationDensity - 640
09-29 02:46:23.026  3638  3655 D CompatibilityInfo: applicationScale - 1.0
09-29 02:46:23.028  3638  4852 D CompatibilityInfo: mCompatibilityFlags - 0
09-29 02:46:23.029  3638  4852 D CompatibilityInfo: applicationDensity - 640
09-29 02:46:23.029  3638  4852 D CompatibilityInfo: applicationScale - 1.0
09-29 02:46:23.031  7534  7534 D MobileLoggingSuite: SushiLoggerConfig created with source group 'com.amazon.eel.mls.nexus.msh.prod.nexus' and parentDir '/data/user/0/com.amazon.mShop.android.shopping/files/mls/nexus'
09-29 02:46:23.031  7534  7534 I MlsIntegration: Successfully initialized MLS!
09-29 02:46:23.033  3638 12047 D CompatibilityInfo: mCompatibilityFlags - 0
09-29 02:46:23.033  3638 12047 D CompatibilityInfo: applicationDensity - 640
09-29 02:46:23.033  3638 12047 D CompatibilityInfo: applicationScale - 1.0
09-29 02:46:23.034  3638  3651 W ActivityManager: Permission Denial: Accessing service ComponentInfo{com.google.android.music/com.google.android.music.dial.DialMediaRouteProviderService} from pid=17355, uid=10431 that is not exported from uid 10148
09-29 02:46:23.045  7534  7605 I ...h.device.api.MAPInit: Initializing MAP (130050002 / MAPAndroidLib-1.1.211498.0) for app com.amazon.mShop.android.shopping. MAP release version: 20190628P1
09-29 02:46:23.045  2363 12329 I DiscoveryManager: Filter criteria(5CEAD1FE) scannerFlags(0)
09-29 02:46:23.046  7534  7605 I ....android.shopping/li: ThirdParty DCP metrics is supported
09-29 02:46:23.047  7534  7605 I ....android.shopping/li: Using the ThirdPartyPlatformDCPMetricsCollector
09-29 02:46:23.049  7534  7605 I ...mDCPMetricsCollector: Successfully create ThirdPartyPlatformDCPMetricsCollector
09-29 02:46:23.049  7534  7605 I ....android.shopping/li: ThirdParty Periodic metrics is supported
09-29 02:46:23.050  7534  7605 I ...odicMetricsCollector: Successfully create ThirdPartyPeriodicMetricsCollector
09-29 02:46:23.050  8726 12691 W NetworkScheduler: Error inserting service_kind=0 source=16 tag=Measurement.PackageMeasurementTaskService.UPLOAD_TASK_TAG target_package=com.google.android.gms requires_charging=0 source_version=203315000 required_network_type=0 flex_time=3342000 persistence_level=1 target_class=com.google.android.gms.measurement.PackageMeasurementTaskService runtime=1601327783042 retry_strategy={"maximum_backoff_seconds":{"3600":0},"initial_backoff_seconds":{"30":0},"retry_policy":{"0":0}} preferred_network_type=1 required_idleness_state=0 preferred_charging_state=1 period=6686000 last_runtime=0 task_type=0 job_id=-1 user_id=0, error message: UNIQUE constraint failed: pending_ops.tag, pending_ops.target_class, pending_ops.target_package, pending_ops.user_id (code 2067)
09-29 02:46:23.050  8726 12691 W NetworkScheduler: #################################################################
09-29 02:46:23.050  8726 12691 W NetworkScheduler: Error Code : 2067 (SQLITE_CONSTRAINT_UNIQUE)
09-29 02:46:23.050  8726 12691 W NetworkScheduler: Caused By : Abort due to constraint violation.
09-29 02:46:23.050  8726 12691 W NetworkScheduler: 	(UNIQUE constraint failed: pending_ops.tag, pending_ops.target_class, pending_ops.target_package, pending_ops.user_id (code 2067))
09-29 02:46:23.050  8726 12691 W NetworkScheduler: #################################################################
09-29 02:46:23.050  8726 12691 W NetworkScheduler: [CONTEXT service_id=218 ]
09-29 02:46:23.051  7534  7605 I ...h.device.api.MAPInit: Running MAPInit on main thread: false
09-29 02:46:23.052  2363 12329 W GuestModeDeviceProber: setFilterCriteria
09-29 02:46:23.054 17355  7603 D DynamitePackage: Instantiating com.google.android.gms.ads.ChimeraAdLoaderBuilderCreatorImpl
09-29 02:46:23.057  7534  7577 W UnsafeUtil: platform method missing - proto runtime falling back to safer methods: java.lang.NoSuchMethodException: copyMemory [class java.lang.Object, long, class java.lang.Object, long, long]
09-29 02:46:23.060  7534  7605 I ...IsolatedModeSwitcher: Application supports runtime isolated mode switch.
09-29 02:46:23.060  3638  4852 D WifiScanController: isNLPPackage:com.google.android.gms, true
09-29 02:46:23.061  7534  7605 I ...IsolatedModeSwitcher: Restoring current runtime isolated mode: false
09-29 02:46:23.061  3638  3834 W CAE     : setCAProperty(ContextAwareService.java:589) - [setProperty 01] Mutex is locked for ANY_MOTION_DETECTOR_RUNNER
09-29 02:46:23.061  7534  7605 I ...ntity.auth.device.cf: Caching feature IsolateApplication as false
09-29 02:46:23.062  3638  3834 I CAE     : sendCmdToSensorHub(SensorHubCommManager.java:162) - -72, 58, 1, 0,
09-29 02:46:23.062  3638  3834 D SensorHubManager: SendSensorHubData: send data = -72, 58, 1, 0
09-29 02:46:23.063  7534  7605 I ...ntity.auth.device.gt: Cannot find amazon authenticator. returning null
09-29 02:46:23.063  7534  7605 I ...ntity.auth.device.gt: No central apk detected. This should be a 3P device.
09-29 02:46:23.063 17355  7603 I Ads     : Use RequestConfiguration.Builder().setTestDeviceIds(Arrays.asList("573155EE3C96DB0909A124FAEABFC8F3") to get test ads on this device.
09-29 02:46:23.063  7534  7605 I ...ntity.auth.device.fi: Creating new DataStorageFactoryImpl
09-29 02:46:23.063  7534  7605 I ...ntity.auth.device.fi: Initializing new DataStorage
09-29 02:46:23.063  3088  3088 D Sensorhubs: sendContextData: -72, 58, 1, 0
09-29 02:46:23.063  7534  7605 I ...IsolatedModeSwitcher: Application supports runtime isolated mode switch.
09-29 02:46:23.063  7534  7605 I ...ntity.auth.device.fi: Creating and using RuntimeSwitchableDataStorage
09-29 02:46:23.063  7534  7605 I ...ntity.auth.device.fu: Constructing RuntimeSwitchableDataStorage
09-29 02:46:23.064  7534  7605 I ...ntity.auth.device.fo: Constructing LocalDataStorageV2
09-29 02:46:23.064  7534  7605 I ...ntity.auth.device.fo: Constructing LocalDataStorageDBHelper
09-29 02:46:23.064  7534  7605 I ...ntity.auth.device.fo: Database map_data_storage_v2.db exists: false
09-29 02:46:23.065  7534  7605 I ...ntity.auth.device.fc: Constructing CentralLocalDataStorage
09-29 02:46:23.065  3638  5109 D SamsungAlarmManager: Cancel Alarm calling from uid:10014 pid :2363 / op:PendingIntent{b55590: PendingIntentRecord{e5ff496 com.google.android.gms broadcastIntent}}
09-29 02:46:23.067  2363 12329 W DatabaseProcessor: processLocalDevices: failed to get the network info with non-null bssid.
09-29 02:46:23.068  2363 12329 W DatabaseProcessor: processLocalDevices: failed to get the network info with non-null bssid.
09-29 02:46:23.068  7534  7605 I ...ntity.auth.device.gt: Cannot find amazon authenticator. returning null
09-29 02:46:23.068  7534  7605 I ...ntity.auth.device.gt: No central apk detected. This should be a 3P device.
09-29 02:46:23.068  7534  7605 I ...ntity.auth.device.fu: Using DistributedDataStorage as SSO storage
09-29 02:46:23.071  7534  7605 I ...ntity.auth.device.dz: Trying to use default signature based package trust logic. This should be on 3P device
09-29 02:46:23.071  7534  7605 I ...ntity.auth.device.dz: Setting package trust logic as: signature based package trust logic
09-29 02:46:23.071  3638  3834 I CAE     : setCAProperty(ContextAwareService.java:594) - result : true
09-29 02:46:23.072  3638  3834 W CAE     : setCAProperty(ContextAwareService.java:595) - [setProperty 02] Mutex is unlocked for ANY_MOTION_DETECTOR_RUNNER
09-29 02:46:23.072  3638  3834 D SemContextService: requestToUpdate() : service = Any Motion Detector
09-29 02:46:23.072  3638  3834 D SemContextManager:   .requestToUpdate : listener = android.hardware.scontext.SContextManager$SContextListenerDelegate@90b55a1, service=Any Motion Detector
09-29 02:46:23.073  3638  3655 D CompatibilityInfo: mCompatibilityFlags - 0
09-29 02:46:23.074  3638  3655 D CompatibilityInfo: applicationDensity - 640
09-29 02:46:23.074  3638  3655 D CompatibilityInfo: applicationScale - 1.0
09-29 02:46:23.078  7534  7534 V AmazonApplication: Unable to execute setConfigCallbackForViewRoot on Android Platform7.0
09-29 02:46:23.080  7534  7534 I StartupSequenceSupplier: in context loading
09-29 02:46:23.081  3638  5109 D CompatibilityInfo: mCompatibilityFlags - 0
09-29 02:46:23.081  3638  5109 D CompatibilityInfo: applicationDensity - 640
09-29 02:46:23.081  3638  5109 D CompatibilityInfo: applicationScale - 1.0
09-29 02:46:23.083  2363 12329 W DatabaseProcessor: processLocalDevices: failed to get the network info with non-null bssid.
09-29 02:46:23.083  7534  7534 W ExternalImplementationProvider: com.amazon.mShop.autorefresh.AutoAppRefresherImpl is not available in this build
09-29 02:46:23.083  7534  7534 W ExternalImplementationProvider: java.lang.ClassNotFoundException: com.amazon.mShop.autorefresh.AutoAppRefresherImpl
09-29 02:46:23.083  7534  7534 W ExternalImplementationProvider: 	at java.lang.Class.classForName(Native Method)
09-29 02:46:23.083  7534  7534 W ExternalImplementationProvider: 	at java.lang.Class.forName(Class.java:400)
09-29 02:46:23.083  7534  7534 W ExternalImplementationProvider: 	at com.amazon.mShop.autorefresh.utils.ExternalImplementationProvider.queryForImplementationInBuild(ExternalImplementationProvider.java:106)
09-29 02:46:23.083  7534  7534 W ExternalImplementationProvider: 	at com.amazon.mShop.autorefresh.utils.ExternalImplementationProvider.<init>(ExternalImplementationProvider.java:66)
09-29 02:46:23.083  7534  7534 W ExternalImplementationProvider: 	at com.amazon.mShop.autorefresh.utils.AutoAppRefreshProvider.<init>(AutoAppRefreshProvider.java:44)
09-29 02:46:23.083  7534  7534 W ExternalImplementationProvider: 	at com.amazon.mShop.autorefresh.utils.AutoAppRefreshProvider$AutoAppRefreshHolder.<clinit>(AutoAppRefreshProvider.java:36)
09-29 02:46:23.083  7534  7534 W ExternalImplementationProvider: 	at com.amazon.mShop.autorefresh.utils.AutoAppRefreshProvider$AutoAppRefreshHolder.access$000(AutoAppRefreshProvider.java:35)
09-29 02:46:23.083  7534  7534 W ExternalImplementationProvider: 	at com.amazon.mShop.autorefresh.utils.AutoAppRefreshProvider.getInstance(AutoAppRefreshProvider.java:29)
09-29 02:46:23.083  7534  7534 W ExternalImplementationProvider: 	at com.amazon.mShop.autorefresh.utils.AutoAppRefreshProviderUtil.getOptionalAutoAppRefreshInstance(AutoAppRefreshProviderUtil.java:24)
09-29 02:46:23.083  7534  7534 W ExternalImplementationProvider: 	at com.amazon.mShop.AmazonApplication.onCreate(AmazonApplication.java:213)
09-29 02:46:23.083  7534  7534 W ExternalImplementationProvider: 	at com.amazon.mShop.MShopApplication.onCreate(MShopApplication.java:156)
09-29 02:46:23.083  7534  7534 W ExternalImplementationProvider: 	at android.app.Instrumentation.callApplicationOnCreate(Instrumentation.java:1032)
09-29 02:46:23.083  7534  7534 W ExternalImplementationProvider: 	at android.app.ActivityThread.handleBindApplication(ActivityThread.java:5876)
09-29 02:46:23.083  7534  7534 W ExternalImplementationProvider: 	at android.app.ActivityThread.-wrap3(ActivityThread.java)
09-29 02:46:23.083  7534  7534 W ExternalImplementationProvider: 	at android.app.ActivityThread$H.handleMessage(ActivityThread.java:1699)
09-29 02:46:23.083  7534  7534 W ExternalImplementationProvider: 	at android.os.Handler.dispatchMessage(Handler.java:102)
09-29 02:46:23.083  7534  7534 W ExternalImplementationProvider: 	at android.os.Looper.loop(Looper.java:154)
09-29 02:46:23.083  7534  7534 W ExternalImplementationProvider: 	at android.app.ActivityThread.main(ActivityThread.java:6682)
09-29 02:46:23.083  7534  7534 W ExternalImplementationProvider: 	at java.lang.reflect.Method.invoke(Native Method)
09-29 02:46:23.083  7534  7534 W ExternalImplementationProvider: 	at com.android.internal.os.ZygoteInit$MethodAndArgsCaller.run(ZygoteInit.java:1520)
09-29 02:46:23.083  7534  7534 W ExternalImplementationProvider: 	at com.android.internal.os.ZygoteInit.main(ZygoteInit.java:1410)
09-29 02:46:23.083  7534  7534 W ExternalImplementationProvider: Caused by: java.lang.ClassNotFoundException: Didn't find class "com.amazon.mShop.autorefresh.AutoAppRefresherImpl" on path: DexPathList[[zip file "/system/framework/com.google.android.maps.jar", zip file "/data/app/com.amazon.mShop.android.shopping-1/base.apk"],nativeLibraryDirectories=[/data/app/com.amazon.mShop.android.shopping-1/lib/arm, /data/app/com.amazon.mShop.android.shopping-1/base.apk!/lib/armeabi-v7a, /system/lib, /vendor/lib]]
09-29 02:46:23.083  7534  7534 W ExternalImplementationProvider: 	at dalvik.system.BaseDexClassLoader.findClass(BaseDexClassLoader.java:56)
09-29 02:46:23.083  7534  7534 W ExternalImplementationProvider: 	at java.lang.ClassLoader.loadClass(ClassLoader.java:380)
09-29 02:46:23.083  7534  7534 W ExternalImplementationProvider: 	at java.lang.ClassLoader.loadClass(ClassLoader.java:312)
09-29 02:46:23.083  7534  7534 W ExternalImplementationProvider: 	... 21 more
09-29 02:46:23.085  7534  7534 W DeviceMetricsLoggerProvider: Device Metrics Logging is not Available in this build
09-29 02:46:23.085  7534  7534 W DeviceMetricsLoggerProvider: java.lang.ClassNotFoundException: com.amazon.mShop.devicemetricslogging.DeviceMetricsLoggerImpl
09-29 02:46:23.085  7534  7534 W DeviceMetricsLoggerProvider: 	at java.lang.Class.classForName(Native Method)
09-29 02:46:23.085  7534  7534 W DeviceMetricsLoggerProvider: 	at java.lang.Class.forName(Class.java:400)
09-29 02:46:23.085  7534  7534 W DeviceMetricsLoggerProvider: 	at com.amazon.mShop.devicemetricslogging.utils.DeviceMetricsLoggerProvider.queryForDeviceMetricsLoggerInBuild(DeviceMetricsLoggerProvider.java:84)
09-29 02:46:23.085  7534  7534 W DeviceMetricsLoggerProvider: 	at com.amazon.mShop.devicemetricslogging.utils.DeviceMetricsLoggerProvider.<init>(DeviceMetricsLoggerProvider.java:58)
09-29 02:46:23.085  7534  7534 W DeviceMetricsLoggerProvider: 	at com.amazon.mShop.devicemetricslogging.utils.DeviceMetricsLoggerProvider.<init>(DeviceMetricsLoggerProvider.java:11)
09-29 02:46:23.085  7534  7534 W DeviceMetricsLoggerProvider: 	at com.amazon.mShop.devicemetricslogging.utils.DeviceMetricsLoggerProvider$DeviceMetricsLoggerSingletonHolder.<clinit>(DeviceMetricsLoggerProvider.java:38)
09-29 02:46:23.085  7534  7534 W DeviceMetricsLoggerProvider: 	at com.amazon.mShop.devicemetricslogging.utils.DeviceMetricsLoggerProvider$DeviceMetricsLoggerSingletonHolder.access$100(DeviceMetricsLoggerProvider.java:37)
09-29 02:46:23.085  7534  7534 W DeviceMetricsLoggerProvider: 	at com.amazon.mShop.devicemetricslogging.utils.DeviceMetricsLoggerProvider.getInstance(DeviceMetricsLoggerProvider.java:47)
09-29 02:46:23.085  7534  7534 W DeviceMetricsLoggerProvider: 	at com.amazon.mShop.devicemetricslogging.utils.DeviceMetricsLoggerUtil.getOptionalDeviceMetricsLoggerInstance(DeviceMetricsLoggerUtil.java:30)
09-29 02:46:23.085  7534  7534 W DeviceMetricsLoggerProvider: 	at com.amazon.mShop.AmazonApplication.onCreate(AmazonApplication.java:219)
09-29 02:46:23.085  7534  7534 W DeviceMetricsLoggerProvider: 	at com.amazon.mShop.MShopApplication.onCreate(MShopApplication.java:156)
09-29 02:46:23.085  7534  7534 W DeviceMetricsLoggerProvider: 	at android.app.Instrumentation.callApplicationOnCreate(Instrumentation.java:1032)
09-29 02:46:23.085  7534  7534 W DeviceMetricsLoggerProvider: 	at android.app.ActivityThread.handleBindApplication(ActivityThread.java:5876)
09-29 02:46:23.085  7534  7534 W DeviceMetricsLoggerProvider: 	at android.app.ActivityThread.-wrap3(ActivityThread.java)
09-29 02:46:23.085  7534  7534 W DeviceMetricsLoggerProvider: 	at android.app.ActivityThread$H.handleMessage(ActivityThread.java:1699)
09-29 02:46:23.085  7534  7534 W DeviceMetricsLoggerProvider: 	at android.os.Handler.dispatchMessage(Handler.java:102)
09-29 02:46:23.085  7534  7534 W DeviceMetricsLoggerProvider: 	at android.os.Looper.loop(Looper.java:154)
09-29 02:46:23.085  7534  7534 W DeviceMetricsLoggerProvider: 	at android.app.ActivityThread.main(ActivityThread.java:6682)
09-29 02:46:23.085  7534  7534 W DeviceMetricsLoggerProvider: 	at java.lang.reflect.Method.invoke(Native Method)
09-29 02:46:23.085  7534  7534 W DeviceMetricsLoggerProvider: 	at com.android.internal.os.ZygoteInit$MethodAndArgsCaller.run(ZygoteInit.java:1520)
09-29 02:46:23.085  7534  7534 W DeviceMetricsLoggerProvider: 	at com.android.internal.os.ZygoteInit.main(ZygoteInit.java:1410)
09-29 02:46:23.085  7534  7534 W DeviceMetricsLoggerProvider: Caused by: java.lang.ClassNotFoundException: Didn't find class "com.amazon.mShop.devicemetricslogging.DeviceMetricsLoggerImpl" on path: DexPathList[[zip file "/system/framework/com.google.android.maps.jar", zip file "/data/app/com.amazon.mShop.android.shopping-1/base.apk"],nativeLibraryDirectories=[/data/app/com.amazon.mShop.android.shopping-1/lib/arm, /data/app/com.amazon.mShop.android.shopping-1/base.apk!/lib/armeabi-v7a, /system/lib, /vendor/lib]]
09-29 02:46:23.085  7534  7534 W DeviceMetricsLoggerProvider: 	at dalvik.system.BaseDexClassLoader.findClass(BaseDexClassLoader.java:56)
09-29 02:46:23.085  7534  7534 W DeviceMetricsLoggerProvider: 	at java.lang.ClassLoader.loadClass(ClassLoader.java:380)
09-29 02:46:23.085  7534  7534 W DeviceMetricsLoggerProvider: 	at java.lang.ClassLoader.loadClass(ClassLoader.java:312)
09-29 02:46:23.085  7534  7534 W DeviceMetricsLoggerProvider: 	... 21 more
09-29 02:46:23.085  7534  7613 I ...ntity.auth.device.dg: Get DataStorage instance for initialization
09-29 02:46:23.085  7534  7613 I ...ntity.auth.device.dg: Initialize DataStorage instance
09-29 02:46:23.085  2363 12329 W DatabaseProcessor: processLocalDevices: failed to get the network info with non-null bssid.
09-29 02:46:23.085  7534  7613 I ...ntity.auth.device.dg: Setup DataStorage instance
09-29 02:46:23.089  7534  7615 D SecondDexEntry: Copying jar has error
09-29 02:46:23.089  7534  7615 D SecondDexEntry: java.io.FileNotFoundException: dependencies/jarlist.txt
09-29 02:46:23.089  7534  7615 D SecondDexEntry: 	at android.content.res.AssetManager.openAsset(Native Method)
09-29 02:46:23.089  7534  7615 D SecondDexEntry: 	at android.content.res.AssetManager.open(AssetManager.java:423)
09-29 02:46:23.089  7534  7615 D SecondDexEntry: 	at android.content.res.AssetManager.open(AssetManager.java:397)
09-29 02:46:23.089  7534  7615 D SecondDexEntry: 	at com.amazon.mShop.android.platform.dex.DexUtils.getDexFileListFromAssets(DexUtils.java:116)
09-29 02:46:23.089  7534  7615 D SecondDexEntry: 	at com.amazon.mShop.android.platform.dex.DexUtils.copyJarsToAppPrivateFolder(DexUtils.java:51)
09-29 02:46:23.089  7534  7615 D SecondDexEntry: 	at com.amazon.mShop.android.platform.dex.SecondDexEntry.extractDexAndLoad(SecondDexEntry.java:275)
09-29 02:46:23.089  7534  7615 D SecondDexEntry: 	at com.amazon.mShop.android.platform.dex.SecondDexEntry$ExtractAndFillClassLoader.run(SecondDexEntry.java:300)
09-29 02:46:23.089  7534  7615 D SecondDexEntry: 	at java.lang.Thread.run(Thread.java:762)
09-29 02:46:23.090  3088  3129 D Sensorhubs: readContextData: 1, 1, 58, 0
09-29 02:46:23.091  3638  3752 D SensorHubManager: onGetSensorHubDataLocked: library(4) = 1, 1, 58, 0
09-29 02:46:23.091  3638  3751 D CAE     : onGetSensorHubData(SensorHubParserProvider.java:94) - onGetSensorHubData Event [event buffer len :4], AP_WAKEUP
09-29 02:46:23.091  8726 12691 W NetworkScheduler: Error inserting service_kind=0 source=16 tag=Measurement.PackageMeasurementTaskService.UPLOAD_TASK_TAG target_package=com.google.android.gms requires_charging=0 source_version=203315000 required_network_type=0 flex_time=3342000 persistence_level=1 target_class=com.google.android.gms.measurement.PackageMeasurementTaskService runtime=1601327783088 retry_strategy={"maximum_backoff_seconds":{"3600":0},"initial_backoff_seconds":{"30":0},"retry_policy":{"0":0}} preferred_network_type=1 required_idleness_state=0 preferred_charging_state=1 period=6686000 last_runtime=0 task_type=0 job_id=-1 user_id=0, error message: UNIQUE constraint failed: pending_ops.tag, pending_ops.target_class, pending_ops.target_package, pending_ops.user_id (code 2067)
09-29 02:46:23.091  8726 12691 W NetworkScheduler: #################################################################
09-29 02:46:23.091  8726 12691 W NetworkScheduler: Error Code : 2067 (SQLITE_CONSTRAINT_UNIQUE)
09-29 02:46:23.091  8726 12691 W NetworkScheduler: Caused By : Abort due to constraint violation.
09-29 02:46:23.091  8726 12691 W NetworkScheduler: 	(UNIQUE constraint failed: pending_ops.tag, pending_ops.target_class, pending_ops.target_package, pending_ops.user_id (code 2067))
09-29 02:46:23.091  8726 12691 W NetworkScheduler: #################################################################
09-29 02:46:23.091  8726 12691 W NetworkScheduler: [CONTEXT service_id=218 ]
09-29 02:46:23.092  3638  3751 I CAE     : parse(SensorHubParserProvider.java:196) - buffer size = 4
09-29 02:46:23.092  7534  7605 E ...ntity.auth.device.aa: No account mapping found for any account, returning null
09-29 02:46:23.092  3638  3751 I CAE     : parse(SensorHubParserProvider.java:207) - 1, 1, 58, 0,
09-29 02:46:23.092  7534  7620 E ...ntity.auth.device.aa: No account mapping found for any account, returning null
09-29 02:46:23.093  3638  3751 D CAE     : display(ContextProvider.java:375) - ================= ANY_MOTION_DETECTOR_RUNNER =================
09-29 02:46:23.093  3638  3751 I CAE     : display(ContextProvider.java:391) - Action=[0]
09-29 02:46:23.093  7534  7620 E ...ntity.auth.device.aa: No account mapping found for any account, returning null
09-29 02:46:23.094  3638  3754 D SemContextService: updateContext() : event = Any Motion Detector
09-29 02:46:23.095  3638  3839 D SemContextManager: onSemContextChanged() : event = Any Motion Detector
09-29 02:46:23.095  3638  3839 D SContextManager: onSContextChanged() : event = Any Motion Detector
09-29 02:46:23.095  7534  7534 W Settings: Setting airplane_mode_on has moved from android.provider.Settings.System to android.provider.Settings.Global, returning read-only value.
09-29 02:46:23.102  3638 12145 D AudioService: getStreamVolume 3 index 100
09-29 02:46:23.103  3638  4852 D AudioService: getStreamVolume 2 index 0
09-29 02:46:23.105 17355  7550 I AppsFlyer_5.0.0: ******* sendTrackingWithEvent: Launch
09-29 02:46:23.106  7534  7613 I ...IsolatedModeSwitcher: Application supports runtime isolated mode switch.
09-29 02:46:23.106  7534  7613 I ...IsolatedModeSwitcher: Restoring current runtime isolated mode: false
09-29 02:46:23.116  7534  7620 I ...entity.auth.device.z: Returning Default multiple profile settings
09-29 02:46:23.118  7534  7620 E ...ntity.auth.device.aa: No account mapping found for any account, returning null
09-29 02:46:23.119  7534  7613 E ...ntity.auth.device.aa: No account mapping found for any account, returning null
09-29 02:46:23.119  7534  7534 V ApplicationStateListener: Is Application.onCreate() for foreground: false
09-29 02:46:23.120 17355  7550 I AppsFlyer_5.0.0: IMEI was not collected.
09-29 02:46:23.120  3638  3652 D CompatibilityInfo: mCompatibilityFlags - 0
09-29 02:46:23.121  3638  3652 D CompatibilityInfo: applicationDensity - 640
09-29 02:46:23.121  3638  3652 D CompatibilityInfo: applicationScale - 1.0
09-29 02:46:23.122  3638 11963 D PackageManager: setEnabledSetting : userId = 0 packageName = com.amazon.mShop.android.shopping cmp = com.amazon.identity.auth.device.storage.LambortishClock$ChangeTimestampsBroadcastReceiver newState = 1 callingPackage = 10432
09-29 02:46:23.122 17355  7550 I AppsFlyer_5.0.0: Android ID was not collected.
09-29 02:46:23.126  3638  3827 D PackageManager: setEnabledSetting : userId = 0 packageName = com.amazon.mShop.android.shopping cmp = com.amazon.identity.auth.accounts.SessionUserChangedToAccountForPackageChangedAdpater newState = 2 callingPackage = 10432
09-29 02:46:23.128  3638  8725 D PackageManager: setEnabledSetting : userId = 0 packageName = com.amazon.mShop.android.shopping cmp = com.amazon.identity.auth.device.bootstrapSSO.BootstrapSSOService newState = 1 callingPackage = 10432
09-29 02:46:23.129 17355  7550 I AppsFlyer_5.0.0: AppsFlyer: first launch date: 2020-09-28_122940+0000
09-29 02:46:23.130 17355  7550 W AppsFlyer_5.0.0: Cannot verify existence of our InstanceID Listener Service in the manifest. Please refer to documentation.
09-29 02:46:23.130 17355  7550 D AppsFlyer_5.0.0: didConfigureTokenRefreshService=false
09-29 02:46:23.130 17355  7550 D AppsFlyer_5.0.0: No deep link detected
09-29 02:46:23.133 17355  7550 I AppsFlyer_5.0.0: AppsFlyerLib.sendTrackingWithEvent
09-29 02:46:23.141  7534  7613 I ....android.shopping/li: Using the ThirdPartyPlatformDCPMetricsCollector
09-29 02:46:23.141  7534  7613 I ...mDCPMetricsCollector: Successfully create ThirdPartyPlatformDCPMetricsCollector
09-29 02:46:23.142  7534  7613 I ...ntity.auth.device.dg: Start update legacy authportal domain in database if needed
09-29 02:46:23.144  3638  4855 D CompatibilityInfo: mCompatibilityFlags - 0
09-29 02:46:23.144  3638  4855 D CompatibilityInfo: applicationDensity - 640
09-29 02:46:23.144  3638  4855 D CompatibilityInfo: applicationScale - 1.0
09-29 02:46:23.147  7534  7647 E ...ntity.auth.device.aa: No account mapping found for any account, returning null
09-29 02:46:23.147  7534  7647 D AmazonMobileAds AdsIdentity: No Amazon account found.
09-29 02:46:23.164  3638  5335 D CompatibilityInfo: mCompatibilityFlags - 0
09-29 02:46:23.164  3638  5335 D CompatibilityInfo: applicationDensity - 640
09-29 02:46:23.164  3638  5335 D CompatibilityInfo: applicationScale - 1.0
09-29 02:46:23.168  3638 12141 D CompatibilityInfo: mCompatibilityFlags - 0
09-29 02:46:23.168  3638 12141 D CompatibilityInfo: applicationDensity - 640
09-29 02:46:23.168  3638 12141 D CompatibilityInfo: applicationScale - 1.0
09-29 02:46:23.173  3638  3834 D WifiScanController: time diff: 275100
09-29 02:46:23.173  3638  4853 D CompatibilityInfo: mCompatibilityFlags - 0
09-29 02:46:23.173  3638  4853 D CompatibilityInfo: applicationDensity - 640
09-29 02:46:23.173  3638  4853 D CompatibilityInfo: applicationScale - 1.0
09-29 02:46:23.175  3638  3834 D WifiHAL : Setting APF program, halHandle = 0x76829f87c0
09-29 02:46:23.175  3638  3834 I WifiHAL : 
09-29 02:46:23.175  3638  3834 I WifiHAL : createRequest: APF set program request
09-29 02:46:23.176  3638  3834 I WifiHAL : Done!
09-29 02:46:23.182  3638  4855 D CompatibilityInfo: mCompatibilityFlags - 0
09-29 02:46:23.182  3638  4855 D CompatibilityInfo: applicationDensity - 640
09-29 02:46:23.182  3638  4855 D CompatibilityInfo: applicationScale - 1.0
09-29 02:46:23.185  2363  7653 I Icing   : IndexChimeraService.getServiceInterface callingPackage=com.google.android.gms componentName=null serviceId=36
09-29 02:46:23.186  2363  7650 I Icing   : IndexChimeraService.getServiceInterface callingPackage=com.google.android.gms componentName=null serviceId=30
09-29 02:46:23.198  2363  6917 I GmsCoreXrpcWrapper: Returning a channel provider with trafficStatsTag=12803
09-29 02:46:23.200 17355  7550 I AppsFlyer_5.0.0: url: https://launches.appsflyer.com/api/v4.11/androidevent?app_id=com.bsbportal.music&buildnumber=5.0.0&channel=playstore
09-29 02:46:23.200 17355  7550 I AppsFlyer_5.0.0: data: {"device":"zerolte","firstLaunchDate":"2020-09-28_122940+0000","installDate":"2020-09-28_122222+0000","sdk":"24","open_referrer":"android-app:\/\/com.bsbportal.music","carrier":"","date1":"2020-09-28_175222+0530","cksm_v1":"f1669252810d17151fd5459162e90fcfc3","tokenRefreshConfigured":false,"af_preinstalled":"false","advertiserIdEnabled":"true","iaecounter":"2","sc_o":"p","appsflyerKey":"j********************G","lang_code":"en","ivc":false,"registeredUninstall":true,"installer_package":"com.android.vending","app_version_name":"3.9.1.0","lang":"English","kef7365":"22e2dc4df406454b481913180c531a0d5919190d5a1f1e","timepassedsincelastlaunch":"170","currency":"INR","advertiserId":"7c7ec7cb-d7ff-4a9a-bc61-33b100cc0c17","isGaidWithGps":"true","deviceData":{"dim":{"x_px":"1440","y_px":"2560","size":"2","xdp":"580.571","d_dpi":"640","ydp":"580.571"},"btch":"usb","btl":"91.0","cpu_abi2":"","arch":"","build_display_id":"NRD90M.G925IDVU4FRF3","cpu_abi":"arm64-v8a"},"appUserId":"8LFbfVgzJtBuUgpMw0IOjxICFvg2","af_v2":"efc161ff8e4d1eae5e6eb1d56fedbb2a95876288","deviceType":"user","af_v":"71867746233220b6bf8566465e96c55034cd5626","app_version_code":"387","af_events_api":"1","network":"WIFI","platformextension":"android_native","operator":"","country":"US","date2":"2020-09-28_175222+0530","brand":"samsung","af_timestamp":"1601327783002","uid":"1601296180462-5128508145131232741","isFirstCall":"false","cell":{"mnc":0,"mcc":0},"counter":"6","model":"SM-G925I","product":"zeroltedv"}
09-29 02:46:23.201 17355  7550 I System.out: (HTTPLog)-Static: isSBSettingEnabled false
09-29 02:46:23.201 17355  7550 I System.out: (HTTPLog)-Static: isSBSettingEnabled false
09-29 02:46:23.203  3119  3627 D EnterpriseController: netId is 0
09-29 02:46:23.204  3119  3627 D Netd    : getNetworkForDns: using netid 502 for uid 10431
09-29 02:46:23.204  3119  3627 D DnsProxyListener: DNSDBG::dns addrinfo af 2
09-29 02:46:23.211  2363  7653 I Ads     : SDK version: afma-sdk-a-v202510999.202006000.1
09-29 02:46:23.213  2363  7653 I System.out: (HTTPLog)-Static: isSBSettingEnabled false
09-29 02:46:23.213  2363  7653 I System.out: (HTTPLog)-Static: isSBSettingEnabled false
09-29 02:46:23.308 17355 17622 W chromium: [WARNING:cookie_manager.cc(366)] Strict Secure Cookie policy does not allow setting a secure cookie for http://googleads.g.doubleclick.net/
