--------- beginning of main
09-29 02:42:47.092  3638  3834 D WifiStateMachine: Current network is: "GNXS-2611F8" , ID is: 46
09-29 02:42:47.092  3638  3834 D WifiStateMachine: 24GHz mQnsLowerRssiThreshold is recovered, currentRssi = -59
09-29 02:42:50.122  3638  3834 D WifiStateMachine: Current network is: "GNXS-2611F8" , ID is: 46
09-29 02:42:50.123  3638  3834 D WifiStateMachine: 24GHz mQnsLowerRssiThreshold is recovered, currentRssi = -58
--------- beginning of system
09-29 02:42:50.262  4588  4588 D io_stats: !@   8,0 r 1701842 58656392 w 385646 9738548 d 47543 8545888 f 153217 153176 iot 798540 551928 th 61440 0 0 pt 0 inp 0 0 46936.991
09-29 02:42:51.525  5784  5933 D MobileLoggingSuite: Executing Sushi UploadTask...
09-29 02:42:51.526  5784  5933 D MobileLoggingSuite: Starting upload of previously persisted events in path /data/user/0/com.amazon.mShop.android.shopping/files/mls/nexus/sushi_normal
09-29 02:42:51.526  5784  5933 D MobileLoggingSuite: Completed upload of previously persisted events in path /data/user/0/com.amazon.mShop.android.shopping/files/mls/nexus/sushi_normal
09-29 02:42:51.526  5784  5933 D MobileLoggingSuite: Sushi UploadTask completed successfully
09-29 02:42:51.866  6239  6239 D SecurityManagerNative: SecurityManagerNative v2.7.2.6 On 64bit PLATFORM With BORINGSSL
09-29 02:42:51.871  6239  6239 I appproc : Enhanced Zygote ASLR: ENABLED! nice_name = zygote64
09-29 02:42:51.871  6239  6239 D AndroidRuntime: >>>>>> START com.android.internal.os.RuntimeInit uid 2000 <<<<<<
09-29 02:42:51.873  6239  6239 D AndroidRuntime: CheckJNI is OFF
09-29 02:42:51.874  6239  6239 D AndroidRuntime: addProductProperty: start
09-29 02:42:51.926  6239  6239 I [saiv 1.1]: saiv_OnLoadJNI.cpp(38): _init: Version 1.1 Build # 3532
09-29 02:42:51.926  6239  6239 I [saiv 1.1]: saiv_OnLoadJNI.cpp(43): _init: _init() was called
09-29 02:42:51.946  6239  6239 I MLDAP   : ================================================
09-29 02:42:51.946  6239  6239 I MLDAP   :  MLDAP_LIB v1.1.16
09-29 02:42:51.946  6239  6239 I MLDAP   : ================================================
09-29 02:42:51.996  6239  6239 I TMSDISP : AcsAndroidVirtualDisplayIntfImpl
09-29 02:42:52.026  6239  6239 D ICU     : No timezone override file found: /data/misc/zoneinfo/current/icu/icu_tzdata.dat
09-29 02:42:52.046  6239  6239 I Radio-JNI: register_android_hardware_Radio DONE
09-29 02:42:52.051  6239  6239 D ReflectionHelper: loadKlass() : caller=android.app.Activity.<clinit>:7555 <bottom of call stack> 
09-29 02:42:52.051  6239  6239 D ReflectionHelper: Reflecting method.....  class <onScreenChanged>
09-29 02:42:52.052  6239  6239 E SemAffinityControl: SemAffinityControl: registerfunction enter
09-29 02:42:52.062  6239  6239 D AndroidRuntime: Calling main entry com.android.commands.am.Am
09-29 02:42:52.069  3638  8725 I ActivityManager: START u0 {act=android.intent.action.MAIN typ=null flg=0x10000000 cmp=ComponentInfo{io.appium.settings/io.appium.settings.Settings}} from uid 2000 on display 0
09-29 02:42:52.075  3638  8725 D ActivityManager: ActivityRecord() Constructor : multiScreenAttrs=MultiScreenAttrs{mDisplayId=0, mBaseDisplayId=0, mBaseActivity=false}
09-29 02:42:52.076  3638  8725 D CustomFrequencyManagerService: acquireDVFSLockLocked : type : DVFS_MIN_LIMIT  frequency : 2100000  uid : 1000  pid : 3638  pkgName : AMS_APP_SWITCH@CPU_MIN@25
09-29 02:42:52.077  3638  6261 D TelephonyManager: getAllCellInfo : Caller (PID / UID / TID): 3638 / 1000 / 6261
09-29 02:42:52.077  3638  8725 D ActivityManagerPerformance: AMP_acquire() APP_SWITCH
09-29 02:42:52.077  3638  8725 D ActivityTrigger: Activity is Triggerred in full screen 
09-29 02:42:52.078  3638  8725 D CompatibilityInfo: mCompatibilityFlags - 0
09-29 02:42:52.078  3638  8725 D CompatibilityInfo: applicationDensity - 640
09-29 02:42:52.078  3638  8725 D CompatibilityInfo: applicationScale - 1.0
09-29 02:42:52.078  3638  8725 D ActivityManager: moveToFront() : reason=startedActivity setFocusedActivity isAttached=true TaskRecord{5ed7f42d0 #2563 A=io.appium.settings U=0 StackId=1 sz=1}
09-29 02:42:52.079  3638  8725 D InputDispatcher: Focused application set to: xxxx
09-29 02:42:52.079  3638  8725 D InputDispatcher: Focus left window: 5784
09-29 02:42:52.080  3638  8725 D ActivityManager: resumeTopActivityInnerLocked() : #1 prevTask=TaskRecord{5ed7f42d0 #2563 A=io.appium.settings U=0 StackId=1 sz=1} next=ActivityRecord{6733db6d0 u0 io.appium.settings/.Settings t2563} mFocusedStack=ActivityStack{13cd44fd0 stackId=1, 10 tasks}
09-29 02:42:52.080  3638  8725 D ActivityTrigger: ActivityTrigger activityPauseTrigger 
09-29 02:42:52.080  3638  8725 D GameManagerService: sem_perfomance_mode: 3
09-29 02:42:52.085  6239  6239 D AndroidRuntime: Shutting down VM
09-29 02:42:52.088  3638  5108 D ActivityManager: resumeTopActivityInnerLocked() : #1 prevTask=TaskRecord{e8e6c1ad0 #2562 A=com.amazon.mShop.android.shopping U=0 StackId=1 sz=2} next=ActivityRecord{6733db6d0 u0 io.appium.settings/.Settings t2563} mFocusedStack=ActivityStack{13cd44fd0 stackId=1, 10 tasks}
09-29 02:42:52.088  3638  5108 D ActivityManager: applyOptionsLocked(), pendingOptions : null
09-29 02:42:52.090  3638  5108 D MountService: getExternalStorageMountMode : 1
09-29 02:42:52.090  3638  5108 D MountService: getExternalStorageMountMode : 3
09-29 02:42:52.090  3638  5108 D MountService: getExternalStorageMountMode : final mountMode=1, uid : 10196, packageName : io.appium.settings
09-29 02:42:52.093  5784  5981 E ...ntity.auth.device.aa: No account mapping found for any account, returning null
09-29 02:42:52.096  3638  3667 D WindowManager: addWindow: android.view.ViewRootImpl$W@ae5cda8 displayId=0
09-29 02:42:52.097  3638  3667 D InputTransport: Input channel constructed: fd=496
09-29 02:42:52.097  3638  3667 D InputTransport: Input channel constructed: fd=498
09-29 02:42:52.097  3638  3667 D WindowManager: openInputChannel mInputChannel: 71f0c1 Starting io.appium.settings (server)
09-29 02:42:52.098  3638  3667 D ViewRootImpl@b5301cb[settings]: setView = DecorView@e248066[settings] touchMode=false
09-29 02:42:52.103  6239  6239 I TMSDISP : AcsAndroidVirtualDisplayIntfImpl::~AcsAndroidVirtualDisplayIntfImpl - Enter
09-29 02:42:52.103  6239  6239 I TMSDISP : AcsAndroidVirtualDisplayIntfImpl::~AcsAndroidVirtualDisplayIntfImpl - Enter2
09-29 02:42:52.103  6239  6239 I TMSDISP : AcsAndroidVirtualDisplayIntfImpl::~AcsAndroidVirtualDisplayIntfImpl - mSource2
09-29 02:42:52.103  6239  6239 I TMSDISP : AcsAndroidVirtualDisplayIntfImpl::~AcsAndroidVirtualDisplayIntfImpl - Exit
09-29 02:42:52.106  6252  6252 E Zygote  : v2
09-29 02:42:52.107  6252  6252 I libpersona: KNOX_SDCARD checking this for 10196
09-29 02:42:52.107  6252  6252 I libpersona: KNOX_SDCARD not a persona
09-29 02:42:52.107  3638  5108 I ActivityManager: Start proc 6252:io.appium.settings/u0a196 for activity io.appium.settings/.Settings
09-29 02:42:52.107  6252  6252 E Zygote  : accessInfo : 0
09-29 02:42:52.111  6252  6252 W SELinux : SELinux selinux_android_compute_policy_index : Policy Index[2],  Con:u:r:zygote:s0 RAM:SEPF_SECMOBILE_7.0_0010, [-1 -1 -1 -1 0 1]
09-29 02:42:52.112  6252  6252 I SELinux : SELinux: seapp_context_lookup: seinfo=untrusted, level=s0:c512,c768, pkgname=io.appium.settings 
09-29 02:42:52.115  6252  6252 I art     : Late-enabling -Xcheck:jni
09-29 02:42:52.126  3638  3667 D ViewRootImpl@b5301cb[settings]: dispatchAttachedToWindow
09-29 02:42:52.127  3638  3667 V WindowManager: Relayout Window{71f0c1d0 u0 Starting io.appium.settings}: viewVisibility=0 req=1440x2464 WM.LayoutParams{(0,0)(fillxfill) sim=#20 ty=3 fl=#81830118 pfl=0x20011 wanim=0x1030465 vsysui=0x600 needsMenuKey=2 naviIconColor=0}
09-29 02:42:52.128  3076  3076 I SurfaceFlinger: id=1302 createSurf (1x1),1 flag=404, tettings
09-29 02:42:52.131  6252  6252 D TimaKeyStoreProvider: TimaKeyStore is not enabled: cannot add TimaSignature Service and generateKeyPair Service
09-29 02:42:52.163  3638  3651 D CompatibilityInfo: mCompatibilityFlags - 0
09-29 02:42:52.163  3638  3667 D ViewRootImpl@b5301cb[settings]: Relayout returned: oldFrame=[0,0][0,0] newFrame=[0,0][1440,2560] result=0x26 surface={isValid=true 508992297472} surfaceGenerationChanged=true
09-29 02:42:52.163  3638  3651 D CompatibilityInfo: applicationDensity - 640
09-29 02:42:52.163  3638  3651 D CompatibilityInfo: applicationScale - 1.0
09-29 02:42:52.163  3638  3651 I ActivityManager: DSS on for io.appium.settings and scale is 1.0
09-29 02:42:52.164  3638  3651 D CompatibilityInfo: mCompatibilityFlags - 0
09-29 02:42:52.164  3638  3651 D CompatibilityInfo: applicationDensity - 640
09-29 02:42:52.164  3638  3651 D CompatibilityInfo: applicationScale - 1.0
09-29 02:42:52.164  5784  5784 D ViewRootImpl@5740a97[RetailSearchActivity]: MSG_WINDOW_FOCUS_CHANGED 0
09-29 02:42:52.165  3638  3667 D ViewRootImpl@b5301cb[settings]: MSG_RESIZED_REPORT: ci=Rect(0, 96 - 0, 0) vi=Rect(0, 96 - 0, 0) or=1
09-29 02:42:52.166  5784  5784 D SEM_CLIP_SemClipboardManager: isCocktailBarDisplayed : false
09-29 02:42:52.167  5784  5784 D SEM_CLIP_SemClipboardManager: isCocktailBarDisplayed : false
09-29 02:42:52.171  3638  3651 D CompatibilityInfo: mCompatibilityFlags - 0
09-29 02:42:52.171  3638  3651 D CompatibilityInfo: applicationDensity - 640
09-29 02:42:52.171  3638  3651 D CompatibilityInfo: applicationScale - 1.0
09-29 02:42:52.172  3638  3651 D GameManagerService: sem_perfomance_mode: 3
09-29 02:42:52.172  3638  3638 D GameManagerService: NotifyRunnable. pkg: io.appium.settings, type: 4, isMinimized: false, isTunableApp: false
09-29 02:42:52.172  3638  3638 D GameManagerService: unexpected mPrevNotiType: -1
09-29 02:42:52.173  3638  3651 D MARsPolicyManager: handlePackageResumedFG pkgName = io.appium.settings, userId = 0
09-29 02:42:52.190  3638  6261 D GamePkgDataHelper: getGamePkgData(). io.appium.settings
09-29 02:42:52.190  3638  6261 D GameManagerService: identifyGamePackage. io.appium.settings
09-29 02:42:52.190  3638  6261 D GameManagerService: identifyGamePackage. io.appium.settings
09-29 02:42:52.190  4777  4806 D ForegroundUtils: could not check pending caller
09-29 02:42:52.191  3638  6261 D GameManagerService: identifyGamePackage. io.appium.settings
09-29 02:42:52.191  3638  6261 D GameManagerService: identifyGamePackage. io.appium.settings
09-29 02:42:52.199  3638  3667 D WindowManager: finishDrawingWindow: Window{71f0c1d0 u0 Starting io.appium.settings} mDrawState=DRAW_PENDING
09-29 02:42:52.205  6252  6252 I art     : Starting a blocking GC AddRemoveAppImageSpace
09-29 02:42:52.207  6252  6252 W System  : ClassLoader referenced unknown path: /data/app/io.appium.settings-1/lib/arm64
09-29 02:42:52.221  3638  3656 D WindowManager: set systemUiVisibility of statusbar : vis= 0x608
09-29 02:42:52.222  3966  3966 D BarTransitions.PhoneStatusBarView: MODE_OPAQUE -> MODE_TRANSPARENT animate=true
09-29 02:42:52.231  3638  8725 D WindowManager: adjustSystemUiVisibilityLw : vis= 0x608
09-29 02:42:52.240  5784  5784 D ViewRootImpl@eb9b662[RetailSearchActivity]: mHardwareRenderer.destroy()#1
09-29 02:42:52.241  3638  4385 V WindowManager: Relayout Window{11e011d0 u0 com.amazon.mShop.android.shopping/com.amazon.mShop.search.RetailSearchActivity}: viewVisibility=8 req=1440x2560 WM.LayoutParams{(0,0)(fillxfill) sim=#113 ty=1 fl=#1810100 pfl=0x20000 wanim=0x7f0b00b0 vsysui=0x400 needsMenuKey=2 naviIconColor=0}
09-29 02:42:52.248  5784  5784 D ViewRootImpl@eb9b662[RetailSearchActivity]: Relayout returned: oldFrame=[0,0][1440,2560] newFrame=[0,0][1440,2560] result=0x4 surface={isValid=false 0} surfaceGenerationChanged=true
09-29 02:42:52.253  5784  5784 D ViewRootImpl@5740a97[RetailSearchActivity]: mHardwareRenderer.destroy()#1
09-29 02:42:52.254  3638 12005 V WindowManager: Relayout Window{d6a5044d0 u0 com.amazon.mShop.android.shopping/com.amazon.mShop.search.RetailSearchActivity}: viewVisibility=8 req=1440x2464 WM.LayoutParams{(0,0)(fillxfill) gr=#11 sim=#20 ty=2 fl=#1800002 fmt=-2 wanim=0x7f0b00ca surfaceInsets=Rect(128, 128 - 128, 128) needsMenuKey=2 naviIconColor=0}
09-29 02:42:52.265  5784  5784 D ViewRootImpl@5740a97[RetailSearchActivity]: Relayout returned: oldFrame=[0,96][1440,2560] newFrame=[0,96][1440,2560] result=0x4 surface={isValid=false 0} surfaceGenerationChanged=true
09-29 02:42:52.311  3638  3886 D MdnieScenarioControlService:  packageName : io.appium.settings    className : io.appium.settings.Settings
09-29 02:42:52.331  6252  6252 D APPIUM SETTINGS: Entering the app
09-29 02:42:52.354  6252  6252 D LocationTracker: Configuring location provider for Google Play Services
09-29 02:42:52.357  3638  3647 I art     : Background partial concurrent mark sweep GC freed 51628(3MB) AllocSpace objects, 22(536KB) LOS objects, 20% free, 62MB/78MB, paused 1.792ms total 225.118ms
09-29 02:42:52.373  6252  6252 D APPIUM SETTINGS: Closing the app
09-29 02:42:52.385  6252  6252 D ViewRootImpl@2244d9[Settings]: ThreadedRenderer.create() translucent=false
09-29 02:42:52.386  3638  4385 D WindowManager: addWindow: android.view.IWindow$Stub$Proxy@7f89076 displayId=0
09-29 02:42:52.386  3638  4385 D InputTransport: Input channel constructed: fd=500
09-29 02:42:52.386  3638  4385 D InputTransport: Input channel constructed: fd=504
09-29 02:42:52.386  3638  4385 D WindowManager: openInputChannel mInputChannel: 66252e4 io.appium.settings/io.appium.settings.Settings (server)
09-29 02:42:52.387  3638  4385 D InputTransport: Input channel destroyed: fd=504
09-29 02:42:52.387  6252  6252 D InputTransport: Input channel constructed: fd=56
09-29 02:42:52.388  6252  6252 D ViewRootImpl@2244d9[Settings]: setView = DecorView@8679e9e[Settings] touchMode=false
09-29 02:42:52.389  3638 12006 D ActivityManager: post active user change for 0 fullscreen true isHomeActivity() false
09-29 02:42:52.389  3638 12006 D KnoxTimeoutHandler: postActiveUserChange [MsgParam] userId: 0 fullscreen is true showWhenlocked is false isMutiwindowRecord is false multiwindowstyle is 0
09-29 02:42:52.389  3638  3638 D KnoxTimeoutHandler: handleActiveUserChange [MsgParam] userId: 0 fullscreen is true showWhenlocked is false isMutiwindowRecord is false multiwindowstyle is 0
09-29 02:42:52.389  3638  3638 I KnoxTimeoutHandler: Shared devices show user statefalse
09-29 02:42:52.397  6252  6252 D ViewRootImpl@2244d9[Settings]: dispatchAttachedToWindow
09-29 02:42:52.403  3638 12043 V WindowManager: Relayout Window{66252e4d0 u0 io.appium.settings/io.appium.settings.Settings}: viewVisibility=0 req=1440x2464 WM.LayoutParams{(0,0)(fillxfill) sim=#120 ty=1 fl=#81810100 pfl=0x20000 wanim=0x1030465 vsysui=0x600 needsMenuKey=2 naviIconColor=0}
09-29 02:42:52.403  3076  3076 I SurfaceFlinger: id=1303 createSurf (1x1),1 flag=404, Tettings
09-29 02:42:52.414  3638 12043 D InputDispatcher: Focus entered window: 6252
09-29 02:42:52.417  6252  6252 D ViewRootImpl@2244d9[Settings]: Relayout returned: oldFrame=[0,0][0,0] newFrame=[0,0][1440,2560] result=0x26 surface={isValid=true 497717454336} surfaceGenerationChanged=true
09-29 02:42:52.417  6252  6252 D ViewRootImpl@2244d9[Settings]: mHardwareRenderer.initialize() mSurface={isValid=true 497717454336} hwInitialized=true
09-29 02:42:52.429  6252  6285 D libEGL  : loaded /vendor/lib64/egl/libGLES_mali.so
09-29 02:42:52.437  6252  6252 D ViewRootImpl@2244d9[Settings]: MSG_RESIZED_REPORT: ci=Rect(0, 96 - 0, 0) vi=Rect(0, 96 - 0, 0) or=1
09-29 02:42:52.437  6252  6252 D ViewRootImpl@2244d9[Settings]: MSG_WINDOW_FOCUS_CHANGED 1
09-29 02:42:52.437  6252  6252 D ViewRootImpl@2244d9[Settings]: mHardwareRenderer.initializeIfNeeded()#2 mSurface={isValid=true 497717454336}
09-29 02:42:52.438  6252  6252 V InputMethodManager: Starting input: tba=android.view.inputmethod.EditorInfo@cb9c102 nm : io.appium.settings ic=null
09-29 02:42:52.438  6252  6252 I InputMethodManager: [IMM] startInputInner - mService.startInputOrWindowGainedFocus
09-29 02:42:52.438  3638  5110 D InputMethodManagerService: windowGainedFocus mCurrentFocusedUserId - 0 and mSecureKeypadEnabled-false
09-29 02:42:52.439  3638  5110 V InputMethodManagerService: windowGainedFocus: reason=WINDOW_FOCUS_GAIN client=android.os.BinderProxy@76af711 inputContext=null missingMethods= attribute=android.view.inputmethod.EditorInfo@d76f34d nm = io.appium.settings controlFlags=#104 softInputMode=#120 windowFlags=#81810100
09-29 02:42:52.439  3638  5110 V InputMethodManagerService: Unspecified window will hide input
09-29 02:42:52.439  3638  5110 D InputMethodManagerService: mDesktopModeManager null!
09-29 02:42:52.440  3638  5110 V InputMethodManagerService: Creating new session for client ClientState{4553e02 uid 10196 pid 6252}
09-29 02:42:52.440  5784  5784 D InputTransport: Input channel destroyed: fd=147
09-29 02:42:52.440  3638  5110 D InputTransport: Input channel constructed: fd=504
09-29 02:42:52.440  3638  5110 D InputTransport: Input channel constructed: fd=507
09-29 02:42:52.441  4705  4717 D InputTransport: Input channel constructed: fd=87
09-29 02:42:52.442  3638  5110 D InputTransport: Input channel destroyed: fd=507
09-29 02:42:52.442  3638  5109 D InputTransport: Input channel constructed: fd=507
09-29 02:42:52.442  3638  5109 D InputTransport: Input channel destroyed: fd=507
09-29 02:42:52.443  6252  6272 D InputTransport: Input channel constructed: fd=54
09-29 02:42:52.443  4705  4705 D SKBD    : IMPL finishInput
09-29 02:42:52.449  6252  6285 I OpenGLRenderer: Initialized EGL, version 1.4
09-29 02:42:52.449  6252  6285 D OpenGLRenderer: Swap behavior 1
09-29 02:42:52.453  6252  6285 D mali_winsys: EGLint new_window_surface(egl_winsys_display*, void*, EGLSurface, EGLConfig, egl_winsys_surface**, egl_color_buffer_format*, EGLBoolean) returns 0x3000,  [1440x2560]-format:1
09-29 02:42:52.512  3638 12006 D WindowManager: finishDrawingWindow: Window{66252e4d0 u0 io.appium.settings/io.appium.settings.Settings} mDrawState=DRAW_PENDING
09-29 02:42:52.512  6252  6252 V InputMethodManager: Starting input: tba=android.view.inputmethod.EditorInfo@16b7450 nm : io.appium.settings ic=null
09-29 02:42:52.516  3638  3667 D KnoxTimeoutHandler: notifyActivityDrawn [MsgParam] userId: 0 fullscreen is true showWhenlocked is false isMutiwindowRecord is false multiwindowstyle is 1
09-29 02:42:52.516  3638  3638 D KnoxTimeoutHandler: activityDrawn [MsgParam] userId: 0 fullscreen is true showWhenlocked is false isMutiwindowRecord is false multiwindowstyle is 1
09-29 02:42:52.517  3638  3667 I ActivityManager: Displayed io.appium.settings/.Settings: +428ms
09-29 02:42:52.517  3638  3638 I KnoxTimeoutHandler: SD activityfalse
09-29 02:42:52.518  3638  3638 I KnoxTimeoutHandler: Fullscreen and mCurrent is not KNOX user. Hence hide keyguard
09-29 02:42:52.518  3638  3667 D ViewRootImpl@b5301cb[settings]: dispatchDetachedFromWindow
09-29 02:42:52.518  3638  3667 D WindowManager: disposeInputChannel mInputChannel: 71f0c1 Starting io.appium.settings (server)
09-29 02:42:52.520  3638  3667 D InputTransport: Input channel destroyed: fd=496
09-29 02:42:52.520  3638  3667 D InputTransport: Input channel destroyed: fd=498
09-29 02:42:52.521  3638  3667 D ViewRootImpl@21c9eeb[ContainerKeyguardScrim]: mHardwareRenderer.destroy()#1
09-29 02:42:52.521  3638 12145 I LocationManagerService: notifyNSFLP, nsFlpFeatureLevel is 0
09-29 02:42:52.540  3638  3836 I LocationManagerService: notifyNSFLP, nsFlpFeatureLevel is 0
09-29 02:42:52.540  6252  6252 D LocationTracker: Google Play Services location provider is connected
09-29 02:42:52.547  3638  4854 I AppOps  : sendInfoToFLP, nsFlpFeatureLevel is 0, return
09-29 02:42:52.603  3638  5335 D SamsungAlarmManager: Cancel Alarm calling from uid:10014 pid :8726 / listener:android.app.IAlarmListener$Stub$Proxy@7cc7749
09-29 02:42:52.604  3638  5335 I SamsungAlarmManager: setLocked to kernel - T:3 / 20200929T024300, SetElapsed=188474436, nowELAPSED=188467040
09-29 02:42:52.606  3638  3651 D SamsungAlarmManager: setExact Listener (T:3/F:1/AC:false) 20200929T024423 - CU:10014/CP:8726
09-29 02:42:52.666  3638  3851 E wifi    : failed to get channel list : -95
09-29 02:42:52.668  3638  3651 D SamsungAlarmManager: setExact Intent (T:2/F:1/AC:false) 20200929T024257 - CU:10014/CP:8726
09-29 02:42:52.669  3638  3651 I SamsungAlarmManager: setLocked to kernel - T:2 / 20200929T024257, SetElapsed=188472091, nowELAPSED=188467105
09-29 02:42:52.672  3638 11962 I SamsungAlarmManager: setLocked to kernel - T:2 / 20200929T024336, SetElapsed=188511153, nowELAPSED=188467108
09-29 02:42:52.673  3638 11962 D SamsungAlarmManager: setExact Intent (T:2/F:1/AC:false) 20200929T024257 - CU:10014/CP:8726
09-29 02:42:52.673  3638 11962 I SamsungAlarmManager: setLocked to kernel - T:2 / 20200929T024257, SetElapsed=188472106, nowELAPSED=188467109
09-29 02:42:52.676  8726  8782 D TelephonyManager: getAllCellInfo : Caller (PID / UID / TID): 8726 / 10014 / 8782
09-29 02:42:52.679  3638  3851 W CAE     : setCAProperty(ContextAwareService.java:589) - [setProperty 01] Mutex is locked for ANY_MOTION_DETECTOR_RUNNER
09-29 02:42:52.683  3638  3851 I CAE     : sendCmdToSensorHub(SensorHubCommManager.java:162) - -72, 58, 1, 0,
09-29 02:42:52.684  3638  3851 D SensorHubManager: SendSensorHubData: send data = -72, 58, 1, 0
09-29 02:42:52.686  3088  9823 D Sensorhubs: sendContextData: -72, 58, 1, 0
09-29 02:42:52.689  8726  8782 D TelephonyManager: getAllCellInfo : Caller (PID / UID / TID): 8726 / 10014 / 8782
09-29 02:42:52.691  3638  3851 I CAE     : setCAProperty(ContextAwareService.java:594) - result : true
09-29 02:42:52.691  3638  3851 W CAE     : setCAProperty(ContextAwareService.java:595) - [setProperty 02] Mutex is unlocked for ANY_MOTION_DETECTOR_RUNNER
09-29 02:42:52.691  3638  3851 D SemContextService: requestToUpdate() : service = Any Motion Detector
09-29 02:42:52.691  3638  3851 D SemContextManager:   .requestToUpdate : listener = android.hardware.scontext.SContextManager$SContextListenerDelegate@90b55a1, service=Any Motion Detector
09-29 02:42:52.700  3088  3129 D Sensorhubs: readContextData: 1, 1, 58, 0
09-29 02:42:52.701  3638  3752 D SensorHubManager: onGetSensorHubDataLocked: library(4) = 1, 1, 58, 0
09-29 02:42:52.702  3638  3751 D CAE     : onGetSensorHubData(SensorHubParserProvider.java:94) - onGetSensorHubData Event [event buffer len :4], AP_WAKEUP
09-29 02:42:52.703  3638  3751 I CAE     : parse(SensorHubParserProvider.java:196) - buffer size = 4
09-29 02:42:52.704  3638  3751 I CAE     : parse(SensorHubParserProvider.java:207) - 1, 1, 58, 0,
09-29 02:42:52.704  3638  3751 D CAE     : display(ContextProvider.java:375) - ================= ANY_MOTION_DETECTOR_RUNNER =================
09-29 02:42:52.705  3638  3751 I CAE     : display(ContextProvider.java:391) - Action=[0]
09-29 02:42:52.706  3638  3754 D SemContextService: updateContext() : event = Any Motion Detector
09-29 02:42:52.706  3638  3839 D SemContextManager: onSemContextChanged() : event = Any Motion Detector
09-29 02:42:52.706  3638  3839 D SContextManager: onSContextChanged() : event = Any Motion Detector
09-29 02:42:52.718  3638  3667 I WindowManager_SurfaceController: Destroying surface Surface(name=Starting io.appium.settings) called by com.android.server.wm.WindowStateAnimator.destroySurface:2907 com.android.server.wm.WindowStateAnimator.destroySurfaceLocked:1120 com.android.server.wm.WindowState.destroyOrSaveSurface:2654 com.android.server.wm.AppWindowToken.destroySurfaces:424 com.android.server.wm.AppWindowToken.destroySurfaces:388 com.android.server.wm.WindowStateAnimator.finishExit:686 com.android.server.wm.WindowStateAnimator.stepAnimationLocked:570 com.android.server.wm.WindowAnimator.updateWindowsLocked:439 
09-29 02:42:52.718  3076  3143 I SurfaceFlinger: id=1302 Removed tettings (11/12)
09-29 02:42:52.721  3638  3827 D BatteryService: !@BatteryListener : batteryPropertiesChanged!
09-29 02:42:52.722  3638  3827 D BatteryService: level:91, scale:100, status:2, health:2, present:true, voltage: 3950, temperature: 285, technology: Li-ion, AC powered:false, USB powered:true, POGO powered:false, Wireless powered:false, icon:17303690, invalid charger:0, maxChargingCurrent:0, maxChargingVoltage:0, chargeCounter:0
09-29 02:42:52.722  3638  3827 D BatteryService: online:4, current avg:146, charge type:1, power sharing:false, high voltage charger:false, capacity:280000, batterySWSelfDischarging:false, misc_event:0, current_now:-1361
09-29 02:42:52.722  3638  3638 D BatteryService: Sending ACTION_BATTERY_CHANGED.
09-29 02:42:52.723  3076  3143 I SurfaceFlinger: id=1302 Removed tettings (-2/12)
09-29 02:42:52.724  3638  3638 V UiModeManager: updateLocked: null action, mDockState=0, category=null
09-29 02:42:52.724  3638  3638 D UiModeManager: updateConfigurationLocked: mDockState=0; mCarMode=false; mNightMode=1; uiMode=17
09-29 02:42:52.725  3638  3638 D GameManagerService: new battery level: 91
09-29 02:42:52.725  3966  3966 D KeyguardUpdateMonitor: received broadcast android.intent.action.BATTERY_CHANGED
09-29 02:42:52.726  3966  3966 D KeyguardUpdateMonitor: handleBatteryUpdate
09-29 02:42:52.727  3966  3966 D PowerUI : priorPlugType = 2 mPlugType =  2
09-29 02:42:52.728  3966  3966 D PowerUI.Notification: showChargingNotice oldChargingType : 1 currentChargingType : 1 oldChargingTime : 1833000 mChargingTime : 1833000
09-29 02:42:52.728  3966  3966 D PowerUI.Notification: There is no change about charging status, so return!
09-29 02:42:52.730  3966  3966 D BatteryMeterDrawable: isSomethingChanged - false
09-29 02:42:52.731  3966  3966 D BatteryMeterDrawable: isSomethingChanged - false
09-29 02:42:52.732  3966  3966 D Tile.FlashlightTile: ACTION_BATTERY_CHANGED - Level :: 91, emEnabled :: false
09-29 02:42:52.732  3954  3954 V HeadsetService: HeadsetService - Received Intent.ACTION_BATTERY_CHANGED
09-29 02:42:52.732  3954 10630 D HeadsetStateMachine: Disconnected process message: 10, size: 0
09-29 02:42:52.736  3638  3667 D CustomFrequencyManagerService: acquireDVFSLockLocked : type : DVFS_MIN_LIMIT  frequency : 1800000  uid : 1000  pid : 3638  pkgName : AMS_RESUME_TAIL@CPU_MIN@19
09-29 02:42:52.737  3638  3667 D ActivityManagerPerformance: AMP_acquire() TAIL
09-29 02:42:52.737  3638  3667 D CustomFrequencyManagerService: releaseDVFSLockLocked : Getting Lock type frm List : DVFS_MIN_LIMIT  frequency : 2100000  uid : 1000  pid : 3638  tag : AMS_APP_SWITCH@CPU_MIN@25
09-29 02:42:52.737  3638  3667 D ActivityManagerPerformance: AMP_release() APP_SWITCH
09-29 02:42:52.738  3638  3655 D ActivityTrigger: ActivityTrigger activityStopTrigger 
09-29 02:42:52.749  5784  5784 W BundleAuditor: com.amazon.mShop.search.RetailSearchActivity-save [15,428] (android.os.Bundle) Bundle[{android:viewHierarchyState=Bundle[{android:views={16908290=android.view.AbsSavedState$1@4f8a422, 2131689636=android.view.AbsSavedState$1@4f8a422, 2131689639=android.view.AbsSavedState$1@4f8a422, 2131689640=android.view.AbsSavedState$1@4f8a422, 2131689647=android.view.AbsSavedState$1@4f8a422, 2131689682=android.view.AbsSavedState$1@4f8a422, 2131689877=android.view.AbsSavedState$1@4f8a422, 2131689878=android.view.AbsSavedState$1@4f8a422, 2131689879=android.view.AbsSavedState$1@4f8a422, 2131689880=android.view.AbsSavedState$1@4f8a422, 2131689937=android.view.AbsSavedState$1@4f8a422, 2131689943=android.view.AbsSavedState$1@4f8a422, 2131689944=android.view.AbsSavedState$1@4f8a422, 2131689945=android.view.AbsSavedState$1@4f8a422, 2131690332=android.view.AbsSavedState$1@4f8a422, 2131690333=android.view.AbsSavedState$1@4f8a422, 2131690334=android.view.AbsSavedState$1@4f8a422, 2131690335=android.view.AbsSavedState$1@4f8a422, 2131690336=android.view.AbsSavedState$1@4f8a422, 2131690337=android.view.AbsSavedState$1@4f8a422, 2131690338=android.view.AbsSavedState$1@4f8a422, 2131690339=android.view.AbsSavedState$1@4f8a422, 2131690341=android.view.AbsSavedState$1@4f8a422, 2131690342=android.view.AbsSavedState$1@4f8a422, 2131690343=android.view.AbsSavedState$1@4f8a422, 2131690344=android.view.AbsSavedState$1@4f8a422, 2131690345=android.view.AbsSavedState$1@4f8a422, 2131690346=android.view.AbsSavedState$1@4f8a422, 2131690810=android.view.AbsSavedState$1@4f8a422, 2131690811=android.view.AbsSavedState$1@4f8a422, 2131690812=android.view.AbsSavedState$1@4f8a422, 2131690813=android.view.AbsSavedState$1@4f8a422, 2131690824=android.support.v4.widget.DrawerLayout$SavedState@c4de81, 2131690827=AbsListView.SavedState{8643b26 selectedId=-9223372036854775808 firstId=-1 viewTop=0 position=0 height=2224 filter=null checkState={}}, 2131690835=android.view.AbsSavedState$1@4f8a422, 2131690836=android.view.AbsSavedState$1@4f8a422, 2131690837=android.view.AbsSavedState$1@4f8a422, 2131690838=android.view.AbsSavedState$1@4f8a422, 2131690840=android.view.AbsSavedState$1@4f8a422, 2131690841=android.view.AbsSavedState$1@4f8a422, 2131690842=android.view.AbsSavedState$1@4f8a422, 2131690843=android.view.AbsSavedState$1@4f8a422, 2131690844=android.view.AbsSavedState$1@4f8a422, 2131690845=android.view.AbsSavedState$1@4f8a422, 2131690846=AbsListView.SavedState{216f367 selectedId=-9223372036854775808 firstId=-1 viewTop=0 position=0 height=0 filter=null checkState={}}, 2131690847=android.view.AbsSavedState$1@4f8a422, 2131690883=android.view.AbsSavedState$1@4f8a422, 2131690884=android.view.AbsSavedState$1@4f8a422, 2131690900=AbsListView.SavedState{a993514 selectedId=-9223372036854775808 firstId=-1 viewTop=0 position=0 height=880 filter=null checkState=null}, 2131691260=android.view.AbsSavedState$1@4f8a422, 2131691261=android.view.AbsSavedState$1@4f8a422, 2131691489=android.view.AbsSavedState$1@4f8a422, 2131691490=android.view.AbsSavedState$1@4f8a422, 2131691491=android.view.AbsSavedState$1@4f8a422, 2131691492=android.view.AbsSavedState$1@4f8a422, 2131691493=android.view.AbsSavedState$1@4f8a422, 2131691494=TextView.SavedState{2dfe1bd start=0 end=0 text=65-inch TV}, 2131691495=android.view.AbsSavedState$1@4f8a422, 2131691496=android.view.AbsSavedState$1@4f8a422, 2131691497=android.view.AbsSavedState$1@4f8a422, 2131691498=android.view.AbsSavedState$1@4f8a422, 2131691911=android.view.AbsSavedState$1@4f8a422}, android:focusedViewId=2131691495}], android:support:fragments=android.support.v4.app.FragmentManagerState@548e3b2, BaseActivity.properties.session_id=com.amazon.mShop.net.SessionIdSnapshot@3155f03, android:fragments=android.app.FragmentManagerState@25e8e80}]
09-29 02:42:52.749  5784  5784 V BundleAuditor: Audit took: 2ms
09-29 02:42:52.752  5784  5784 W BundleAuditor: com.amazon.mShop.search.RetailSearchActivity-save [17,748] (android.os.Bundle) Bundle[{android:viewHierarchyState=Bundle[{android:views={16908290=android.view.AbsSavedState$1@4f8a422, 2131689636=android.view.AbsSavedState$1@4f8a422, 2131689639=android.view.AbsSavedState$1@4f8a422, 2131689640=android.view.AbsSavedState$1@4f8a422, 2131689647=android.view.AbsSavedState$1@4f8a422, 2131689682=android.view.AbsSavedState$1@4f8a422, 2131689877=android.view.AbsSavedState$1@4f8a422, 2131689878=android.view.AbsSavedState$1@4f8a422, 2131689879=android.view.AbsSavedState$1@4f8a422, 2131689880=android.view.AbsSavedState$1@4f8a422, 2131689937=android.view.AbsSavedState$1@4f8a422, 2131689943=android.view.AbsSavedState$1@4f8a422, 2131689944=android.view.AbsSavedState$1@4f8a422, 2131689945=android.view.AbsSavedState$1@4f8a422, 2131690332=android.view.AbsSavedState$1@4f8a422, 2131690333=android.view.AbsSavedState$1@4f8a422, 2131690334=android.view.AbsSavedState$1@4f8a422, 2131690335=android.view.AbsSavedState$1@4f8a422, 2131690336=android.view.AbsSavedState$1@4f8a422, 2131690337=android.view.AbsSavedState$1@4f8a422, 2131690338=android.view.AbsSavedState$1@4f8a422, 2131690339=android.view.AbsSavedState$1@4f8a422, 2131690341=android.view.AbsSavedState$1@4f8a422, 2131690342=android.view.AbsSavedState$1@4f8a422, 2131690343=android.view.AbsSavedState$1@4f8a422, 2131690344=android.view.AbsSavedState$1@4f8a422, 2131690345=android.view.AbsSavedState$1@4f8a422, 2131690346=android.view.AbsSavedState$1@4f8a422, 2131690810=android.view.AbsSavedState$1@4f8a422, 2131690811=android.view.AbsSavedState$1@4f8a422, 2131690812=android.view.AbsSavedState$1@4f8a422, 2131690813=android.view.AbsSavedState$1@4f8a422, 2131690824=android.support.v4.widget.DrawerLayout$SavedState@c4de81, 2131690827=AbsListView.SavedState{8643b26 selectedId=-9223372036854775808 firstId=-1 viewTop=0 position=0 height=2224 filter=null checkState={}}, 2131690835=android.view.AbsSavedState$1@4f8a422, 2131690836=android.view.AbsSavedState$1@4f8a422, 2131690837=android.view.AbsSavedState$1@4f8a422, 2131690838=android.view.AbsSavedState$1@4f8a422, 2131690840=android.view.AbsSavedState$1@4f8a422, 2131690841=android.view.AbsSavedState$1@4f8a422, 2131690842=android.view.AbsSavedState$1@4f8a422, 2131690843=android.view.AbsSavedState$1@4f8a422, 2131690844=android.view.AbsSavedState$1@4f8a422, 2131690845=android.view.AbsSavedState$1@4f8a422, 2131690846=AbsListView.SavedState{216f367 selectedId=-9223372036854775808 firstId=-1 viewTop=0 position=0 height=0 filter=null checkState={}}, 2131690847=android.view.AbsSavedState$1@4f8a422, 2131690883=android.view.AbsSavedState$1@4f8a422, 2131690884=android.view.AbsSavedState$1@4f8a422, 2131690900=AbsListView.SavedState{a993514 selectedId=-9223372036854775808 firstId=-1 viewTop=0 position=0 height=880 filter=null checkState=null}, 2131691260=android.view.AbsSavedState$1@4f8a422, 2131691261=android.view.AbsSavedState$1@4f8a422, 2131691489=android.view.AbsSavedState$1@4f8a422, 2131691490=android.view.AbsSavedState$1@4f8a422, 2131691491=android.view.AbsSavedState$1@4f8a422, 2131691492=android.view.AbsSavedState$1@4f8a422, 2131691493=android.view.AbsSavedState$1@4f8a422, 2131691494=TextView.SavedState{2dfe1bd start=0 end=0 text=65-inch TV}, 2131691495=android.view.AbsSavedState$1@4f8a422, 2131691496=android.view.AbsSavedState$1@4f8a422, 2131691497=android.view.AbsSavedState$1@4f8a422, 2131691498=android.view.AbsSavedState$1@4f8a422, 2131691911=android.view.AbsSavedState$1@4f8a422}, android:focusedViewId=2131691495}], DetailPageOpened=false, android:support:fragments=android.support.v4.app.FragmentManagerState@548e3b2, PersistedSearchTerm=65-inch TV, QueryIntent=Intent { dat=?paramQueryText=65-inch TV cmp=com.amazon.mShop.android.shopping/com.amazon.mShop.search.RetailSearchActivity launchParam=MultiScreenLaunchParams { mDisplayId=0 mFlags=0 } (has extras) }, BaseActivity.properties.session_id=com.amazon.mShop.net.SessionIdSnapshot@3155f03, android:fragments=android.app.FragmentManagerState@25e8e80}]
09-29 02:42:52.752  5784  5784 V BundleAuditor: Audit took: 2ms
09-29 02:42:52.754  3638  3667 D KnoxTimeoutHandler: notifyActivityDrawn [MsgParam] userId: 0 fullscreen is true showWhenlocked is false isMutiwindowRecord is false multiwindowstyle is 1
09-29 02:42:52.754  3638  3638 D KnoxTimeoutHandler: activityDrawn [MsgParam] userId: 0 fullscreen is true showWhenlocked is false isMutiwindowRecord is false multiwindowstyle is 1
09-29 02:42:52.755  3638  3638 I KnoxTimeoutHandler: SD activityfalse
09-29 02:42:52.756  3638  3638 I KnoxTimeoutHandler: Fullscreen and mCurrent is not KNOX user. Hence hide keyguard
09-29 02:42:52.769  3638 12140 V WindowManager: Relayout Window{11e011d0 u0 com.amazon.mShop.android.shopping/com.amazon.mShop.search.RetailSearchActivity}: viewVisibility=8 req=1440x2560 WM.LayoutParams{(0,0)(fillxfill) sim=#23 ty=1 fl=#1810100 pfl=0x20000 wanim=0x7f0b00b0 vsysui=0x400 needsMenuKey=2 naviIconColor=0}
09-29 02:42:52.772  5784  5784 D ViewRootImpl@eb9b662[RetailSearchActivity]: Relayout returned: oldFrame=[0,0][1440,2560] newFrame=[0,0][1440,2560] result=0x4 surface={isValid=false 0} surfaceGenerationChanged=false
09-29 02:42:52.776  4777  6505 D ForegroundUtils: could not check pending caller
09-29 02:42:52.791  3638  3851 D WifiScanningService: time diff: 1385685
09-29 02:42:52.792  3944  3944 I wpa_supplicant: wlan0: Setting scan request: 0 sec 0 usec
09-29 02:42:52.793  3944  3944 I wpa_supplicant: P2P: Current p2p state = IDLE
09-29 02:42:52.794  3638  3851 D SamsungAlarmManager: setInexact Listener (T:2/F:8/AC:false) 20200929T024307 - CU:1000/CP:3638
09-29 02:42:52.795  3944  3944 I wpa_supplicant: Scan requested (ret=0) - scan timeout 30 seconds
09-29 02:42:52.908  3638  3886 D MdnieScenarioControlService:  packageName : io.appium.settings    className : io.appium.settings.Settings
09-29 02:42:53.029  8726  8736 I art     : Background partial concurrent mark sweep GC freed 237107(14MB) AllocSpace objects, 29(1008KB) LOS objects, 35% free, 28MB/44MB, paused 831us total 312.073ms
09-29 02:42:53.037  3638  3638 D CustomFrequencyManagerService: releaseDVFSLockLocked : Getting Lock type frm List : DVFS_MIN_LIMIT  frequency : 1800000  uid : 1000  pid : 3638  tag : AMS_RESUME_TAIL@CPU_MIN@19
09-29 02:42:53.128  3638  3834 D WifiStateMachine: Current network is: "GNXS-2611F8" , ID is: 46
09-29 02:42:53.128  3638  3834 D WifiStateMachine: 24GHz mQnsLowerRssiThreshold is recovered, currentRssi = -59
09-29 02:42:53.376  3638 12005 W MultiScreenManagerService: moveTaskBackToDisplayIfNeeded(): root is not base activity
09-29 02:42:53.381  3638 12005 D ActivityManager: moveToFront() : reason=finishActivity adjustFocus setFocusedActivity isAttached=true TaskRecord{e8e6c1ad0 #2562 A=com.amazon.mShop.android.shopping U=0 StackId=1 sz=2}
09-29 02:42:53.398  3638 12005 D InputDispatcher: Focused application set to: xxxx
09-29 02:42:53.404  3638 12005 D InputDispatcher: Focus left window: 6252
09-29 02:42:53.418  3638 12005 D ActivityTrigger: ActivityTrigger activityPauseTrigger 
09-29 02:42:53.420  3638 12005 D GameManagerService: sem_perfomance_mode: 3
09-29 02:42:53.425  6252  6252 D ViewRootImpl@2244d9[Settings]: MSG_WINDOW_FOCUS_CHANGED 0
09-29 02:42:53.430  3638 12146 D ActivityManager: resumeTopActivityInnerLocked() : #1 prevTask=TaskRecord{5ed7f42d0 #2563 A=io.appium.settings U=0 StackId=1 sz=1} next=ActivityRecord{a8a2ed9d0 u0 com.amazon.mShop.android.shopping/com.amazon.mShop.search.RetailSearchActivity t2562} mFocusedStack=ActivityStack{13cd44fd0 stackId=1, 10 tasks}
09-29 02:42:53.435  3638 12146 D CustomFrequencyManagerService: acquireDVFSLockLocked : type : DVFS_MIN_LIMIT  frequency : 1300000  uid : 1000  pid : 3638  pkgName : AMS_ACT_RESUME@CPU_MIN@7
09-29 02:42:53.438  3638 12146 D ActivityManagerPerformance: AMP_acquire() ACT_RESUME
09-29 02:42:53.438  3638 12146 D ActivityManager: applyOptionsLocked(), pendingOptions : null
09-29 02:42:53.444  5784  5784 D ViewRootImpl@eb9b662[RetailSearchActivity]: mHardwareRenderer.destroy()#1
09-29 02:42:53.445  3638  4390 V WindowManager: Relayout Window{11e011d0 u0 com.amazon.mShop.android.shopping/com.amazon.mShop.search.RetailSearchActivity}: viewVisibility=4 req=1440x2560 WM.LayoutParams{(0,0)(fillxfill) sim=#23 ty=1 fl=#1810100 pfl=0x20000 wanim=0x7f0b00b0 vsysui=0x400 needsMenuKey=2 naviIconColor=0}
09-29 02:42:53.449  5784  5784 D ViewRootImpl@eb9b662[RetailSearchActivity]: Relayout returned: oldFrame=[0,0][1440,2560] newFrame=[0,0][1440,2560] result=0x0 surface={isValid=false 0} surfaceGenerationChanged=false
09-29 02:42:53.492  3944  3944 I wpa_supplicant: nl80211: Received scan results (1 BSSes)
09-29 02:42:53.495  3638  3851 D SamsungAlarmManager: Cancel Alarm calling from uid:1000 pid :3638 / listener:android.app.AlarmManager$ListenerWrapper@2d88b5a
09-29 02:42:53.495  3119  3624 D Netd    : Iface wlan0 link up
09-29 02:42:53.496  3638 12146 D GameManagerService: sem_perfomance_mode: 3
09-29 02:42:53.497  3638  3638 D GameManagerService: NotifyRunnable. pkg: com.amazon.mShop.android.shopping, type: 4, isMinimized: false, isTunableApp: false
09-29 02:42:53.497  3638  3638 D GameManagerService: unexpected mPrevNotiType: -1
09-29 02:42:53.497  3638  3665 D Tethering: interfaceLinkStateChanged wlan0, true
09-29 02:42:53.498  3638  3665 D Tethering: interfaceStatusChanged wlan0, true
09-29 02:42:53.498  3638 12146 D MARsPolicyManager: handlePackageResumedFG pkgName = com.amazon.mShop.android.shopping, userId = 0
09-29 02:42:53.510  3638  3667 D KnoxTimeoutHandler: notifyActivityDrawn [MsgParam] userId: 0 fullscreen is true showWhenlocked is false isMutiwindowRecord is false multiwindowstyle is 1
09-29 02:42:53.510  3638  3638 D KnoxTimeoutHandler: activityDrawn [MsgParam] userId: 0 fullscreen is true showWhenlocked is false isMutiwindowRecord is false multiwindowstyle is 1
09-29 02:42:53.512  3638  3638 I KnoxTimeoutHandler: SD activityfalse
09-29 02:42:53.513  3638  3638 I KnoxTimeoutHandler: Fullscreen and mCurrent is not KNOX user. Hence hide keyguard
09-29 02:42:53.513  5784  5784 E ...ntity.auth.device.aa: No account mapping found for any account, returning null
09-29 02:42:53.517  3638  3655 D CompatibilityInfo: mCompatibilityFlags - 0
09-29 02:42:53.517  3638  3655 D CompatibilityInfo: applicationDensity - 640
09-29 02:42:53.517  3638  3655 D CompatibilityInfo: applicationScale - 1.0
09-29 02:42:53.521  3638  6261 D GamePkgDataHelper: getGamePkgData(). com.amazon.mShop.android.shopping
09-29 02:42:53.521  4777  4807 D ForegroundUtils: could not check pending caller
09-29 02:42:53.522  3638  6261 D GameManagerService: identifyGamePackage. com.amazon.mShop.android.shopping
09-29 02:42:53.522  3638  6261 D GameManagerService: identifyGamePackage. com.amazon.mShop.android.shopping
09-29 02:42:53.524  3638  6261 D GameManagerService: identifyGamePackage. com.amazon.mShop.android.shopping
09-29 02:42:53.525  3638  6261 D GameManagerService: identifyGamePackage. com.amazon.mShop.android.shopping
09-29 02:42:53.525  6252  6252 D ViewRootImpl@2244d9[Settings]: mHardwareRenderer.destroy()#1
09-29 02:42:53.531  3638 12044 V WindowManager: Relayout Window{66252e4d0 u0 io.appium.settings/io.appium.settings.Settings}: viewVisibility=8 req=1440x2560 WM.LayoutParams{(0,0)(fillxfill) sim=#120 ty=1 fl=#81810100 pfl=0x20000 wanim=0x1030465 vsysui=0x600 needsMenuKey=2 naviIconColor=0}
09-29 02:42:53.533  5784  5784 E ...ntity.auth.device.aa: No account mapping found for any account, returning null
09-29 02:42:53.537  5784  5784 E ...ntity.auth.device.aa: No account mapping found for any account, returning null
09-29 02:42:53.538  6252  6252 D ViewRootImpl@2244d9[Settings]: Relayout returned: oldFrame=[0,0][1440,2560] newFrame=[0,0][1440,2560] result=0x4 surface={isValid=false 0} surfaceGenerationChanged=true
09-29 02:42:53.549  5784  5784 E ...ntity.auth.device.aa: No account mapping found for any account, returning null
09-29 02:42:53.551  5784  5784 E ...ntity.auth.device.aa: No account mapping found for any account, returning null
09-29 02:42:53.554  3638  3870 D ActivityManager: post active user change for 0 fullscreen true isHomeActivity() false
09-29 02:42:53.554  3638  3870 D KnoxTimeoutHandler: postActiveUserChange [MsgParam] userId: 0 fullscreen is true showWhenlocked is false isMutiwindowRecord is false multiwindowstyle is 0
09-29 02:42:53.554  3638  3638 D KnoxTimeoutHandler: handleActiveUserChange [MsgParam] userId: 0 fullscreen is true showWhenlocked is false isMutiwindowRecord is false multiwindowstyle is 0
09-29 02:42:53.555  3638  3638 I KnoxTimeoutHandler: Shared devices show user statefalse
09-29 02:42:53.606  3638  3831 V WindowManager: Relayout Window{11e011d0 u0 com.amazon.mShop.android.shopping/com.amazon.mShop.search.RetailSearchActivity}: viewVisibility=0 req=1440x2560 WM.LayoutParams{(0,0)(fillxfill) sim=#13 ty=1 fl=#1810100 pfl=0x20000 wanim=0x7f0b00b0 vsysui=0x400 needsMenuKey=2 naviIconColor=0}
09-29 02:42:53.606  3638  3656 D WindowManager: set systemUiVisibility of statusbar : vis= 0x408
09-29 02:42:53.611  3638  3831 D InputDispatcher: Focus entered window: 5784
09-29 02:42:53.613  5784  5784 D ViewRootImpl@eb9b662[RetailSearchActivity]: Relayout returned: oldFrame=[0,0][1440,2560] newFrame=[0,0][1440,2560] result=0x2 surface={isValid=true -1642553344} surfaceGenerationChanged=true
09-29 02:42:53.613  3638  4852 D WindowManager: adjustSystemUiVisibilityLw : vis= 0x408
09-29 02:42:53.613  5784  5784 D ViewRootImpl@eb9b662[RetailSearchActivity]: mHardwareRenderer.initialize() mSurface={isValid=true -1642553344} hwInitialized=true
09-29 02:42:53.614  5784  5981 E ...ntity.auth.device.aa: No account mapping found for any account, returning null
09-29 02:42:53.621  3638  3667 D CustomFrequencyManagerService: releaseDVFSLockLocked : Getting Lock type frm List : DVFS_MIN_LIMIT  frequency : 1300000  uid : 1000  pid : 3638  tag : AMS_ACT_RESUME@CPU_MIN@7
09-29 02:42:53.622  3638  3667 D ActivityManagerPerformance: AMP_release() ACT_RESUME
09-29 02:42:53.626  5784  5918 D mali_winsys: EGLint new_window_surface(egl_winsys_display*, void*, EGLSurface, EGLConfig, egl_winsys_surface**, egl_color_buffer_format*, EGLBoolean) returns 0x3000,  [1440x2560]-format:1
09-29 02:42:53.645  3638  3886 D MdnieScenarioControlService:  packageName : com.amazon.mShop.android.shopping    className : com.amazon.mShop.search.RetailSearchActivity
09-29 02:42:53.660  3638 12048 V WindowManager: Relayout Window{d6a5044d0 u0 com.amazon.mShop.android.shopping/com.amazon.mShop.search.RetailSearchActivity}: viewVisibility=0 req=1440x2464 WM.LayoutParams{(0,0)(fillxfill) gr=#11 sim=#20 ty=2 fl=#1800002 fmt=-2 wanim=0x7f0b00ca surfaceInsets=Rect(128, 128 - 128, 128) needsMenuKey=2 naviIconColor=0}
09-29 02:42:53.662  3638  3656 D WindowManager: set systemUiVisibility of statusbar : vis= 0x8
09-29 02:42:53.664  3638  3656 D WindowManager: set systemUiVisibility of statusbar : vis= 0x0
09-29 02:42:53.667  3966  3966 D BarTransitions.PhoneStatusBarView: MODE_TRANSPARENT -> MODE_OPAQUE animate=true
09-29 02:42:53.685  3638  5114 I SamsungAlarmManager: setLocked to kernel - T:2 / 20200929T024336, SetElapsed=188511152, nowELAPSED=188468121
09-29 02:42:53.686  3638  5114 D SamsungAlarmManager: setInexact Intent (T:2/F:0/AC:false) 20200929T024352 - CU:10014/CP:8726
09-29 02:42:53.686  3638  5114 I SamsungAlarmManager: setLocked to kernel - T:2 / 20200929T024352, SetElapsed=188527106, nowELAPSED=188468122
09-29 02:42:53.687  3638 12048 D InputDispatcher: Focus left window: 5784
09-29 02:42:53.688  3638 12048 D InputDispatcher: Focus entered window: 5784
09-29 02:42:53.689  3638  3652 D WindowManager: adjustSystemUiVisibilityLw : vis= 0x8
09-29 02:42:53.691  5784  5784 D ViewRootImpl@5740a97[RetailSearchActivity]: Relayout returned: oldFrame=[0,96][1440,2560] newFrame=[0,96][1440,2560] result=0x2 surface={isValid=true -1239291904} surfaceGenerationChanged=true
09-29 02:42:53.691  3638  3652 D WindowManager: adjustSystemUiVisibilityLw : vis= 0x0
09-29 02:42:53.692  5784  5784 D ViewRootImpl@5740a97[RetailSearchActivity]: mHardwareRenderer.initialize() mSurface={isValid=true -1239291904} hwInitialized=true
09-29 02:42:53.693  5784  5918 D mali_winsys: EGLint new_window_surface(egl_winsys_display*, void*, EGLSurface, EGLConfig, egl_winsys_surface**, egl_color_buffer_format*, EGLBoolean) returns 0x3000,  [1696x2720]-format:1
09-29 02:42:53.698  3638  3647 I art     : Background partial concurrent mark sweep GC freed 40118(3MB) AllocSpace objects, 8(256KB) LOS objects, 20% free, 62MB/78MB, paused 18.158ms total 215.596ms
09-29 02:42:53.786  3119  3627 D EnterpriseController: netId is 0
09-29 02:42:53.786  3119  3627 D Netd    : getNetworkForDns: using netid 502 for uid 10432
09-29 02:42:53.787  3119  3627 D DnsProxyListener: DNSDBG::dns addrinfo af 2
09-29 02:42:53.854  3638  5113 D WindowManager: finishDrawingWindow: Window{11e011d0 u0 com.amazon.mShop.android.shopping/com.amazon.mShop.search.RetailSearchActivity} mDrawState=HAS_DRAWN
09-29 02:42:53.887  3638  4855 I LocationManagerService: notifyNSFLP, nsFlpFeatureLevel is 0
09-29 02:42:53.890  6252  6252 D LocationTracker: Got an updated location
09-29 02:42:53.892  3638  5109 D SamsungAlarmManager: Cancel Alarm calling from uid:10014 pid :8726 / listener:android.app.IAlarmListener$Stub$Proxy@244f18b
09-29 02:42:53.897  3638  3651 D WindowManager: finishDrawingWindow: Window{d6a5044d0 u0 com.amazon.mShop.android.shopping/com.amazon.mShop.search.RetailSearchActivity} mDrawState=HAS_DRAWN
09-29 02:42:53.897  5784  5784 D ViewRootImpl@eb9b662[RetailSearchActivity]: MSG_WINDOW_FOCUS_CHANGED 1
09-29 02:42:53.898  5784  5784 D ViewRootImpl@eb9b662[RetailSearchActivity]: mHardwareRenderer.initializeIfNeeded()#2 mSurface={isValid=true -1642553344}
09-29 02:42:53.898  3638 12047 D SamsungAlarmManager: setExact Listener (T:3/F:1/AC:false) 20200929T024424 - CU:10014/CP:8726
09-29 02:42:53.918  3638  3901 D WifiWatchdogStateMachine:  [|1]
09-29 02:42:53.957  8726 12691 I GCoreUlr: Successfully inserted 1 locations
09-29 02:42:53.964  5784  5784 D SEM_CLIP_SemClipboardManager: isCocktailBarDisplayed : false
09-29 02:42:53.965  5784  5784 D SEM_CLIP_SemClipboardManager: isCocktailBarDisplayed : false
09-29 02:42:53.967  5784  5784 D SEM_CLIP_SemClipboardManager: isCocktailBarDisplayed : false
09-29 02:42:53.969  5784  5784 V InputMethodManager: Starting input: tba=android.view.inputmethod.EditorInfo@5442b99 nm : com.amazon.mShop.android.shopping ic=null
09-29 02:42:53.969  5784  5784 I InputMethodManager: [IMM] startInputInner - mService.startInputOrWindowGainedFocus
09-29 02:42:53.969  3638  5110 D InputMethodManagerService: windowGainedFocus mCurrentFocusedUserId - 0 and mSecureKeypadEnabled-false
09-29 02:42:53.970  3638  5110 V InputMethodManagerService: windowGainedFocus: reason=WINDOW_FOCUS_GAIN client=android.os.BinderProxy@75f930b inputContext=null missingMethods= attribute=android.view.inputmethod.EditorInfo@4040326 nm = com.amazon.mShop.android.shopping controlFlags=#105 softInputMode=#13 windowFlags=#1810100
09-29 02:42:53.970  3638  5110 V InputMethodManagerService: Window asks to hide input
09-29 02:42:53.970  3638  5110 D InputMethodManagerService: mDesktopModeManager null!
09-29 02:42:53.970  3638  5110 D InputTransport: Input channel constructed: fd=507
09-29 02:42:53.971  3638  5110 D InputTransport: Input channel destroyed: fd=507
09-29 02:42:53.971  6252  6252 D InputTransport: Input channel destroyed: fd=54
