09-29 02:43:15.523 17355 17355 D InputTransport: Input channel constructed: fd=145
09-29 02:43:15.523 17355 17355 D InputTransport: Input channel destroyed: fd=120
09-29 02:43:15.531 17355  6461 I AppsFlyer_5.0.0: sendTrackingWithEvent from activity: com.bsbportal.music.common.MusicApplication
09-29 02:43:15.531 17355  6461 I AppsFlyer_5.0.0: Trying to fetch GAID..
09-29 02:43:15.541  6424  6424 W art     : Before Android 4.1, method double java.util.concurrent.ThreadLocalRandom.internalNextDouble(double, double) would have incorrectly overridden the package-private method in java.util.Random
09-29 02:43:15.541  6424  6424 W art     : Before Android 4.1, method int java.util.concurrent.ThreadLocalRandom.internalNextInt(int, int) would have incorrectly overridden the package-private method in java.util.Random
09-29 02:43:15.541  6424  6424 W art     : Before Android 4.1, method long java.util.concurrent.ThreadLocalRandom.internalNextLong(long, long) would have incorrectly overridden the package-private method in java.util.Random
09-29 02:43:15.542  6424  6424 I AmazonBooksAndroidModule: Initializing Amazon Books ContentDecorator...
09-29 02:43:15.545  3638  3667 D WindowManager: finishDrawingWindow: Window{eaf8c5d0 u0 Starting com.amazon.mShop.android.shopping} mDrawState=DRAW_PENDING
09-29 02:43:15.548  3638  5114 D CompatibilityInfo: mCompatibilityFlags - 0
09-29 02:43:15.548  3638  5114 D CompatibilityInfo: applicationDensity - 640
09-29 02:43:15.548  3638  5114 D CompatibilityInfo: applicationScale - 1.0
09-29 02:43:15.564  6424  6424 W LanguageCookieService: Default CookieHandler was null
09-29 02:43:15.577  6424  6424 E OftDaggerModule: initialize
09-29 02:43:15.581  6424  6424 D SunsetShopKitModule: Registering Sunset Task
09-29 02:43:15.601  6424  6424 D NetworkSecurityConfig: Using Network Security Config from resource network_security_config debugBuild: false
09-29 02:43:15.634  3638  4385 D WindowManager: finishDrawingWindow: Window{dacece6d0 u0 com.bsbportal.music/com.bsbportal.music.v2.features.main.ui.HomeActivity} mDrawState=HAS_DRAWN
09-29 02:43:15.635  6424  6424 D FeatureIntegrationFileManager: Using last downloaded FIF version 5.0.666.0
09-29 02:43:15.654  3638  3827 D WindowManager: finishDrawingWindow: Window{e05232cd0 u0 com.bsbportal.music/com.bsbportal.music.bottomdialog.RegistrationActivity} mDrawState=HAS_DRAWN
09-29 02:43:15.657 17355 17355 D ViewRootImpl@6c4e962[RegistrationActivity]: MSG_WINDOW_FOCUS_CHANGED 1
09-29 02:43:15.657 17355 17355 D ViewRootImpl@6c4e962[RegistrationActivity]: mHardwareRenderer.initializeIfNeeded()#2 mSurface={isValid=true 496126018560}
09-29 02:43:15.658  6424  6424 D WeblabRegistration: Fetched 59 weblabs from the ssnap FIF version 5.0.666.0
09-29 02:43:15.658  6424  6424 D WeblabRegistration: Adding ssnap dynamic weblab PANTRY_SSNAP_RN_TO_HTML_SF_286459
09-29 02:43:15.659  6424  6424 D WeblabRegistration: Adding ssnap dynamic weblab SEARCH_BIDI_188297
09-29 02:43:15.659  6424  6424 D WeblabRegistration: Adding ssnap dynamic weblab AB_MOBILE_SUPPLYROOM_UNIFIED_LIST_EXPERIENCE_216098
09-29 02:43:15.659  6424  6424 D WeblabRegistration: Adding ssnap dynamic weblab EGGO_MSHOP_SPEAKER_NAME_ATTRIBUTION_209891
09-29 02:43:15.659  6424  6424 D WeblabRegistration: Adding ssnap dynamic weblab EGGO_MSHOP_CUSTOM_ASL_INGRESS_217570
09-29 02:43:15.659  6424  6424 D WeblabRegistration: Adding ssnap dynamic weblab SEARCH_202624
09-29 02:43:15.659  6424  6424 D WeblabRegistration: Adding ssnap dynamic weblab SEARCH_156143
09-29 02:43:15.659  6424  6424 D WeblabRegistration: Adding ssnap dynamic weblab OKHTTP_MAX_IDLE_CONECTION_213481
09-29 02:43:15.659  6424  6424 D WeblabRegistration: Adding ssnap dynamic weblab C7X_PLACE_CARDS_SSNAP_JP_EXP_151016
09-29 02:43:15.659  6424  6424 D WeblabRegistration: Adding ssnap dynamic weblab SEARCH_201853
09-29 02:43:15.659  6424  6424 D WeblabRegistration: Adding ssnap dynamic weblab EGGO_SHOPPING_LIST_CATEGORY_VIEW_194247
09-29 02:43:15.659  6424  6424 D WeblabRegistration: Adding ssnap dynamic weblab PACKARD_ANDROID_GPS_174170
09-29 02:43:15.659  6424  6424 D WeblabRegistration: Adding ssnap dynamic weblab PANTRY_187689
09-29 02:43:15.659  6424  6424 D WeblabRegistration: Adding ssnap dynamic weblab AMAZON_PRINTS_LAUNCH_PHOTOBOOK_191331
09-29 02:43:15.659  6424  6424 D WeblabRegistration: Adding ssnap dynamic weblab SEARCH_156142
09-29 02:43:15.659  6424  6424 D WeblabRegistration: Adding ssnap dynamic weblab AMAZON_PRINTS_MSHOP_WALL_DECOR_161748
09-29 02:43:15.659  6424  6424 D WeblabRegistration: Adding ssnap dynamic weblab PANTRY_214266
09-29 02:43:15.659  6424  6424 D WeblabRegistration: Adding ssnap dynamic weblab SEARCH_156141
09-29 02:43:15.659  6424  6424 D WeblabRegistration: Adding ssnap dynamic weblab SEARCH_156144
09-29 02:43:15.659  6424  6424 D WeblabRegistration: Adding ssnap dynamic weblab AMAZON_PRINTS_MSHOP_CANVAS_162118
09-29 02:43:15.659  6424  6424 D WeblabRegistration: Adding ssnap dynamic weblab C7X_PLACE_CARDS_SSNAP_JP_TEST_151013
09-29 02:43:15.659  6424  6424 D WeblabRegistration: Adding ssnap dynamic weblab EGGO_CHANGE_CATEGORY_218340
09-29 02:43:15.659  6424  6424 D WeblabRegistration: Adding ssnap dynamic weblab EGGO_BOTTOMSHEET_217797
09-29 02:43:15.659  6424  6424 D WeblabRegistration: Adding ssnap dynamic weblab A9VS_STYLESNAP_LAYOUT_199811
09-29 02:43:15.659  6424  6424 D WeblabRegistration: Adding ssnap dynamic weblab EGGO_RECIPE_ON_LIST_214844
09-29 02:43:15.659  6424  6424 D WeblabRegistration: Adding ssnap dynamic weblab C7X_PLACE_CARDS_SSNAP_EU_TEST_151018
09-29 02:43:15.659  6424  6424 D WeblabRegistration: Adding ssnap dynamic weblab HSA_SB_192224
09-29 02:43:15.659  6424  6424 D WeblabRegistration: Adding ssnap dynamic weblab SSNAP_SEARCH_UNNECESSARY_VIEW_REMOVAL_215607
09-29 02:43:15.659  6424  6424 D WeblabRegistration: Adding ssnap dynamic weblab SSNAP_205846
09-29 02:43:15.659  6424  6424 D WeblabRegistration: Adding ssnap dynamic weblab EGGO_ROOT_RENDER_MEASUREMENT_217369
09-29 02:43:15.659  6424  6424 D WeblabRegistration: Adding ssnap dynamic weblab PERMISSION_SERVICE_ALLOW_ALL_213491
09-29 02:43:15.659  6424  6424 D WeblabRegistration: Adding ssnap dynamic weblab PANTRY_214267
09-29 02:43:15.659  6424  6424 D WeblabRegistration: Adding ssnap dynamic weblab C7X_PLACE_CARDS_SSNAP_102773
09-29 02:43:15.659  6424  6424 D WeblabRegistration: Adding ssnap dynamic weblab EGGO_TEAM_MEMBER_195586
09-29 02:43:15.659  6424  6424 D WeblabRegistration: Adding ssnap dynamic weblab SEARCH_208265
09-29 02:43:15.659  6424  6424 D WeblabRegistration: Adding ssnap dynamic weblab SSNAP_214386
09-29 02:43:15.659  6424  6424 D WeblabRegistration: Adding ssnap dynamic weblab ALEXA_SHOPPING_LIST_POPULAR_RECS_PROD_218512
09-29 02:43:15.659  6424  6424 D WeblabRegistration: Adding ssnap dynamic weblab SEARCH_156139
09-29 02:43:15.659  6424  6424 D WeblabRegistration: Adding ssnap dynamic weblab EGGO_MSHOP_CATEGORY_TOOLTIP_NEW_219991
09-29 02:43:15.659  6424  6424 D WeblabRegistration: Adding ssnap dynamic weblab SEARCH_156138
09-29 02:43:15.659  6424  6424 D WeblabRegistration: Adding ssnap dynamic weblab EGGO_LOCALIZATION_225038
09-29 02:43:15.659  6424  6424 D WeblabRegistration: Adding ssnap dynamic weblab EGGO_MSHOP_FOREGROUND_POLLER_219695
09-29 02:43:15.659  6424  6424 D WeblabRegistration: Adding ssnap dynamic weblab SEARCH_191990
09-29 02:43:15.659  6424  6424 D WeblabRegistration: Adding ssnap dynamic weblab PACKARD_GLOW_RN_BOTTOMSHEET_ANDROID_186692
09-29 02:43:15.660  6424  6424 D WeblabRegistration: Adding ssnap dynamic weblab OKHTTP_REUSING_CONNECTION_POOL_213270
09-29 02:43:15.660  6424  6424 D WeblabRegistration: Adding ssnap dynamic weblab EGGO_MSHOP_AMPLITUDE_BACKEND_CALL_288312
09-29 02:43:15.660  6424  6424 D WeblabRegistration: Adding ssnap dynamic weblab EGGO_MSHOP_LIST_EDIT_DELETE_210652
09-29 02:43:15.660  6424  6424 D WeblabRegistration: Adding ssnap dynamic weblab SEARCH_156136
09-29 02:43:15.660  6424  6424 D WeblabRegistration: Adding ssnap dynamic weblab SEARCH_156137
09-29 02:43:15.660  6424  6424 D WeblabRegistration: Adding ssnap dynamic weblab SSNAP_TEST_85580
09-29 02:43:15.660  6424  6424 D WeblabRegistration: Adding ssnap dynamic weblab SEARCH_156140
09-29 02:43:15.660  6424  6424 D WeblabRegistration: Adding ssnap dynamic weblab A9VS_STYLESNAP_LAYOUT_165604
09-29 02:43:15.660  6424  6424 D WeblabRegistration: Adding ssnap dynamic weblab EGGO_FAVORITE_LIST_213548
09-29 02:43:15.660  6424  6424 D WeblabRegistration: Adding ssnap dynamic weblab SEARCH_191991
09-29 02:43:15.660  6424  6424 D WeblabRegistration: Adding ssnap dynamic weblab SEARCH_156135
09-29 02:43:15.660  6424  6424 D WeblabRegistration: Adding ssnap dynamic weblab AB_MOBILE_SUPPLYROOM_BARCODE_SCANNING_217710
09-29 02:43:15.660  6424  6424 D WeblabRegistration: Adding ssnap dynamic weblab AB_MOBILE_SUPPLYROOM_CREATE_NEW_LIST_224292
09-29 02:43:15.660  6424  6424 D WeblabRegistration: Adding ssnap dynamic weblab NOTIFICATION_HUB_ANDROID_LAUNCH_108232
09-29 02:43:15.660  6424  6424 D WeblabRegistration: Adding ssnap dynamic weblab HSA_SB_197941
09-29 02:43:15.662 17355 17355 D SEM_CLIP_SemClipboardManager: isCocktailBarDisplayed : false
09-29 02:43:15.664 17355 17355 V InputMethodManager: Starting input: tba=android.view.inputmethod.EditorInfo@39898c2 nm : com.bsbportal.music ic=com.android.internal.widget.EditableInputConnection@e9056d3
09-29 02:43:15.664 17355 17355 I InputMethodManager: [IMM] startInputInner - mService.startInputOrWindowGainedFocus
09-29 02:43:15.664  3638 11962 D InputMethodManagerService: windowGainedFocus mCurrentFocusedUserId - 0 and mSecureKeypadEnabled-false
09-29 02:43:15.667  6424  6424 I DPLogger: DPLogger - Name was too long. Truncating; original name: BaseMetricsServiceFactory, truncated name: BaseMetricsServiceFacto
09-29 02:43:15.667  6424  6424 I DPLogger: DPLogger - Name was too long. Truncating; original name: MetricsConfigurationParser, truncated name: MetricsConfigurationPar
09-29 02:43:15.668  6424  6424 I MetricsConfigurationPar: MetricsConfigurationParser - Picking configuration; Domain: prod, Build: user, isDebuggable: false
09-29 02:43:15.673  6424  6424 I DPLogger: DPLogger - Name was too long. Truncating; original name: AndroidDeviceInfoManager, truncated name: AndroidDeviceInfoManage
09-29 02:43:15.675  6424  6424 W BaseMetricsServiceFacto: createMetricsService - Skipping batch pipeline setup for Priority NORMAL and Channel LOCATION because no configuration is provided.;
09-29 02:43:15.675  6424  6424 I DPLogger: DPLogger - Name was too long. Truncating; original name: Metrics:BoundedByteArrayQueue, truncated name: Metrics:BoundedByteArra
09-29 02:43:15.675  6424  6424 I DPLogger: DPLogger - Name was too long. Truncating; original name: Metrics:NonVolatileBoundedByteArrayQueue, truncated name: Metrics:NonVolatileBoun
09-29 02:43:15.677  6424  6424 I DPLogger: DPLogger - Name was too long. Truncating; original name: OverridingDeviceInfoManager, truncated name: OverridingDeviceInfoMan
09-29 02:43:15.679  6424  6424 I DPLogger: DPLogger - Name was too long. Truncating; original name: Metrics:BatchTransmitter, truncated name: Metrics:BatchTransmitte
09-29 02:43:15.679  6424  6424 I DPLogger: DPLogger - Name was too long. Truncating; original name: Metrics:ThreadPoolBatchTransmitter, truncated name: Metrics:ThreadPoolBatch
09-29 02:43:15.679  6424  6424 I DPLogger: DPLogger - Name was too long. Truncating; original name: PeriodicBatchTransmitter, truncated name: PeriodicBatchTransmitte
09-29 02:43:15.680  6424  6424 W BaseMetricsServiceFacto: createMetricsService - Skipping batch pipeline setup for Priority HIGH and Channel LOCATION because no configuration is provided.;
09-29 02:43:15.681  6424  6424 I DPLogger: DPLogger - Name was too long. Truncating; original name: Metrics:VolatileBoundedByteArrayQueue, truncated name: Metrics:VolatileBounded
09-29 02:43:15.682  6424  6424 I DPLogger: DPLogger - Name was too long. Truncating; original name: Metrics:UrgentBatchTransmitter, truncated name: Metrics:UrgentBatchTran
09-29 02:43:15.685  6424  6503 I Metrics:BatchTransmitte: QueuePusher.sendBatches - Drained batch queue.; Number of NORMAL_NON_ANONYMOUS queue batches sent: 0
09-29 02:43:15.686  6424  6424 I DPLogger: DPLogger - Name was too long. Truncating; original name: MetricsBroadcastReceiver, truncated name: MetricsBroadcastReceive
09-29 02:43:15.686  6424  6506 I Metrics:BatchTransmitte: QueuePusher.sendBatches - Drained batch queue.; Number of HIGH_NON_ANONYMOUS queue batches sent: 0
09-29 02:43:15.687  6424  6502 I ProvidedOAuthMetricsTransport: Acquiring wake lock with timeout: 300000ms
09-29 02:43:15.689  6424  6502 I ProvidedOAuthMetricsTransport: Acquiring wifi lock
09-29 02:43:15.690  3638 11962 V InputMethodManagerService: windowGainedFocus: reason=WINDOW_FOCUS_GAIN client=android.os.BinderProxy@ca807c9 inputContext=com.android.internal.view.IInputContext$Stub$Proxy@b3eda72 missingMethods= attribute=android.view.inputmethod.EditorInfo@67deec3 nm = com.bsbportal.music controlFlags=#107 softInputMode=#112 windowFlags=#81810102
09-29 02:43:15.690  3638 11962 V InputMethodManagerService: Window asks to hide input going forward
09-29 02:43:15.690  3638 11962 D InputMethodManagerService: mDesktopModeManager null!
09-29 02:43:15.690  3638 11962 D InputTransport: Input channel constructed: fd=473
09-29 02:43:15.690  4705  4705 D SKBD    : IMPL finishInput
09-29 02:43:15.691  3638 11962 D InputTransport: Input channel destroyed: fd=473
09-29 02:43:15.692 17355 17355 D InputTransport: Input channel constructed: fd=149
09-29 02:43:15.692 17355 17355 D InputTransport: Input channel destroyed: fd=145
09-29 02:43:15.692 17355 17355 D ViewRootImpl@c44b678[HomeActivity]: MSG_WINDOW_FOCUS_CHANGED 0
09-29 02:43:15.694  6424  6504 I Metrics:BatchTransmitte: QueuePusher.sendBatches - Drained batch queue.; Number of HIGH_ANONYMOUS queue batches sent: 0
09-29 02:43:15.698  6424  6502 I ProvidedOAuthMetricsTransport: Manually releasing wifi lock
09-29 02:43:15.699  6424  6424 D AdsHelper: calling AmazonOOAdRegistration.setAppDefinedMarketplace with: IN for marketplace: en_IN
09-29 02:43:15.699  6424  6502 I ProvidedOAuthMetricsTransport: Manually releasing wake lock
09-29 02:43:15.700  6424  6502 I ProvidedOAuthMetricsTransport: Attempting transmission using fallback transport
09-29 02:43:15.701  6424  6502 I StaticCredentialMetricsTransport: Acquiring wake lock with timeout: 300000ms
09-29 02:43:15.702  3638  4853 D ActivityManager: resumeTopActivityInnerLocked() : #1 prevTask=TaskRecord{2f13e2fd0 #2546 A=com.bsbportal.music U=0 StackId=1 sz=2} next=ActivityRecord{ff9bcc2d0 u0 com.amazon.mShop.android.shopping/com.amazon.mShop.splashscreen.StartupActivity t2564} mFocusedStack=ActivityStack{13cd44fd0 stackId=1, 10 tasks}
09-29 02:43:15.702  3638  4853 D ActivityManager: applyOptionsLocked(), pendingOptions : null
09-29 02:43:15.703  3638  4853 V WindowManager: rotationForOrientationLw(orient=-1, last=0); user=0 USER_ROTATION_LOCKED sensorRotation=-1 mLidState=-1 mDockMode=0 mHdmiPlugged=false
09-29 02:43:15.703  6424  6502 I StaticCredentialMetricsTransport: Acquiring wifi lock
09-29 02:43:15.704  6424  6502 E StaticCredentialMetricsTransport: Static token cannot be null or empty
09-29 02:43:15.704  6424  6502 I StaticCredentialMetricsTransport: Manually releasing wifi lock
09-29 02:43:15.705  6424  6502 I StaticCredentialMetricsTransport: Manually releasing wake lock
09-29 02:43:15.707  6424  6502 W Metrics:BatchTransmitte: QueuePusher.sendBatches - Batch transmission failed on credentials error, re-enqueuing batch.;
09-29 02:43:15.709  6424  6502 I Metrics:BatchTransmitte: QueuePusher.sendBatches - Partial number of NORMAL_ANONYMOUS queue batches sent; 0
09-29 02:43:15.737  6424  6424 I WebViewSuspensionPolicy: Registering timer controller
09-29 02:43:15.737  6424  6424 I CordovaLog: Changing log level to 6
09-29 02:43:15.740  3638  4853 D CompatibilityInfo: mCompatibilityFlags - 0
09-29 02:43:15.741  3638  4853 D CompatibilityInfo: applicationDensity - 640
09-29 02:43:15.741  3638  4853 D CompatibilityInfo: applicationScale - 1.0
09-29 02:43:15.741  3638  4853 D GameManagerService: sem_perfomance_mode: 3
09-29 02:43:15.742  3638  3638 D GameManagerService: NotifyRunnable. pkg: com.amazon.mShop.android.shopping, type: 4, isMinimized: false, isTunableApp: false
09-29 02:43:15.742  3638  3638 D GameManagerService: unexpected mPrevNotiType: -1
09-29 02:43:15.742  3638  4853 D MARsPolicyManager: handlePackageResumedFG pkgName = com.amazon.mShop.android.shopping, userId = 0
09-29 02:43:15.746  6424  6424 D MobileLoggingSuite: SushiLoggerConfig created with source group 'com.amazon.eel.mls.nexus.msh.prod.nexus' and parentDir '/data/user/0/com.amazon.mShop.android.shopping/files/mls/nexus'
09-29 02:43:15.746  6424  6424 I MlsIntegration: Successfully initialized MLS!
09-29 02:43:15.759  6424  6510 I ...h.device.api.MAPInit: Initializing MAP (130050002 / MAPAndroidLib-1.1.211498.0) for app com.amazon.mShop.android.shopping. MAP release version: 20190628P1
09-29 02:43:15.762  6424  6510 I ....android.shopping/li: ThirdParty DCP metrics is supported
09-29 02:43:15.762  6424  6510 I ....android.shopping/li: Using the ThirdPartyPlatformDCPMetricsCollector
09-29 02:43:15.762  3638  6261 D GamePkgDataHelper: getGamePkgData(). com.amazon.mShop.android.shopping
09-29 02:43:15.763  3638  6261 D GameManagerService: identifyGamePackage. com.amazon.mShop.android.shopping
09-29 02:43:15.763  3638  6261 D GameManagerService: identifyGamePackage. com.amazon.mShop.android.shopping
09-29 02:43:15.763  4777  6505 D ForegroundUtils: could not check pending caller
09-29 02:43:15.764  6424  6510 I ...mDCPMetricsCollector: Successfully create ThirdPartyPlatformDCPMetricsCollector
09-29 02:43:15.764  3638  6261 D GameManagerService: identifyGamePackage. com.amazon.mShop.android.shopping
09-29 02:43:15.764  3638  6261 D GameManagerService: identifyGamePackage. com.amazon.mShop.android.shopping
09-29 02:43:15.764  6424  6510 I ....android.shopping/li: ThirdParty Periodic metrics is supported
09-29 02:43:15.765  6424  6510 I ...odicMetricsCollector: Successfully create ThirdPartyPeriodicMetricsCollector
09-29 02:43:15.765  6424  6510 I ...h.device.api.MAPInit: Running MAPInit on main thread: false
09-29 02:43:15.768 17355 17355 D ViewRootImpl@6c4e962[RegistrationActivity]: MSG_WINDOW_FOCUS_CHANGED 0
09-29 02:43:15.769  3638  3656 D WindowManager: set systemUiVisibility of statusbar : vis= 0x408
09-29 02:43:15.772 17355 17355 D SEM_CLIP_SemClipboardManager: isCocktailBarDisplayed : false
09-29 02:43:15.773  6424  6483 W UnsafeUtil: platform method missing - proto runtime falling back to safer methods: java.lang.NoSuchMethodException: copyMemory [class java.lang.Object, long, class java.lang.Object, long, long]
09-29 02:43:15.773 17355 17355 W IInputConnectionWrapper: finishComposingText on inactive InputConnection
09-29 02:43:15.777  6424  6510 I ...IsolatedModeSwitcher: Application supports runtime isolated mode switch.
09-29 02:43:15.778  6424  6510 I ...IsolatedModeSwitcher: Restoring current runtime isolated mode: false
09-29 02:43:15.778  6424  6510 I ...ntity.auth.device.cf: Caching feature IsolateApplication as false
09-29 02:43:15.780  6424  6510 I ...ntity.auth.device.gt: Cannot find amazon authenticator. returning null
09-29 02:43:15.780  6424  6510 I ...ntity.auth.device.gt: No central apk detected. This should be a 3P device.
09-29 02:43:15.780  6424  6510 I ...ntity.auth.device.fi: Creating new DataStorageFactoryImpl
09-29 02:43:15.781  6424  6510 I ...ntity.auth.device.fi: Initializing new DataStorage
09-29 02:43:15.781  6424  6510 I ...IsolatedModeSwitcher: Application supports runtime isolated mode switch.
09-29 02:43:15.781  6424  6510 I ...ntity.auth.device.fi: Creating and using RuntimeSwitchableDataStorage
09-29 02:43:15.781  6424  6510 I ...ntity.auth.device.fu: Constructing RuntimeSwitchableDataStorage
09-29 02:43:15.781  6424  6510 I ...ntity.auth.device.fo: Constructing LocalDataStorageV2
09-29 02:43:15.782  6424  6510 I ...ntity.auth.device.fo: Constructing LocalDataStorageDBHelper
09-29 02:43:15.782  6424  6510 I ...ntity.auth.device.fo: Database map_data_storage_v2.db exists: false
09-29 02:43:15.782  6424  6510 I ...ntity.auth.device.fc: Constructing CentralLocalDataStorage
09-29 02:43:15.784  6424  6510 I ...ntity.auth.device.gt: Cannot find amazon authenticator. returning null
09-29 02:43:15.785  6424  6510 I ...ntity.auth.device.gt: No central apk detected. This should be a 3P device.
09-29 02:43:15.785  6424  6510 I ...ntity.auth.device.fu: Using DistributedDataStorage as SSO storage
09-29 02:43:15.786  6424  6510 I ...ntity.auth.device.dz: Trying to use default signature based package trust logic. This should be on 3P device
09-29 02:43:15.786  6424  6510 I ...ntity.auth.device.dz: Setting package trust logic as: signature based package trust logic
09-29 02:43:15.789  3638 11962 D WindowManager: adjustSystemUiVisibilityLw : vis= 0x408
09-29 02:43:15.791 17355  5264 I System.out: (HTTPLog)-Static: isSBSettingEnabled false
09-29 02:43:15.792 17355  5264 I System.out: (HTTPLog)-Static: isSBSettingEnabled false
09-29 02:43:15.793  6424  6424 V AmazonApplication: Unable to execute setConfigCallbackForViewRoot on Android Platform7.0
09-29 02:43:15.795  6424  6518 I ...ntity.auth.device.dg: Get DataStorage instance for initialization
09-29 02:43:15.795  6424  6518 I ...ntity.auth.device.dg: Initialize DataStorage instance
09-29 02:43:15.796  6424  6424 I StartupSequenceSupplier: in context loading
09-29 02:43:15.808  6424  6520 D SecondDexEntry: Copying jar has error
09-29 02:43:15.808  6424  6520 D SecondDexEntry: java.io.FileNotFoundException: dependencies/jarlist.txt
09-29 02:43:15.808  6424  6520 D SecondDexEntry: 	at android.content.res.AssetManager.openAsset(Native Method)
09-29 02:43:15.808  6424  6520 D SecondDexEntry: 	at android.content.res.AssetManager.open(AssetManager.java:423)
09-29 02:43:15.808  6424  6520 D SecondDexEntry: 	at android.content.res.AssetManager.open(AssetManager.java:397)
09-29 02:43:15.808  6424  6520 D SecondDexEntry: 	at com.amazon.mShop.android.platform.dex.DexUtils.getDexFileListFromAssets(DexUtils.java:116)
09-29 02:43:15.808  6424  6520 D SecondDexEntry: 	at com.amazon.mShop.android.platform.dex.DexUtils.copyJarsToAppPrivateFolder(DexUtils.java:51)
09-29 02:43:15.808  6424  6520 D SecondDexEntry: 	at com.amazon.mShop.android.platform.dex.SecondDexEntry.extractDexAndLoad(SecondDexEntry.java:275)
09-29 02:43:15.808  6424  6520 D SecondDexEntry: 	at com.amazon.mShop.android.platform.dex.SecondDexEntry$ExtractAndFillClassLoader.run(SecondDexEntry.java:300)
09-29 02:43:15.808  6424  6520 D SecondDexEntry: 	at java.lang.Thread.run(Thread.java:762)
09-29 02:43:15.809  6424  6424 W ExternalImplementationProvider: com.amazon.mShop.autorefresh.AutoAppRefresherImpl is not available in this build
09-29 02:43:15.809  6424  6424 W ExternalImplementationProvider: java.lang.ClassNotFoundException: com.amazon.mShop.autorefresh.AutoAppRefresherImpl
09-29 02:43:15.809  6424  6424 W ExternalImplementationProvider: 	at java.lang.Class.classForName(Native Method)
09-29 02:43:15.809  6424  6424 W ExternalImplementationProvider: 	at java.lang.Class.forName(Class.java:400)
09-29 02:43:15.809  6424  6424 W ExternalImplementationProvider: 	at com.amazon.mShop.autorefresh.utils.ExternalImplementationProvider.queryForImplementationInBuild(ExternalImplementationProvider.java:106)
09-29 02:43:15.809  6424  6424 W ExternalImplementationProvider: 	at com.amazon.mShop.autorefresh.utils.ExternalImplementationProvider.<init>(ExternalImplementationProvider.java:66)
09-29 02:43:15.809  6424  6424 W ExternalImplementationProvider: 	at com.amazon.mShop.autorefresh.utils.AutoAppRefreshProvider.<init>(AutoAppRefreshProvider.java:44)
09-29 02:43:15.809  6424  6424 W ExternalImplementationProvider: 	at com.amazon.mShop.autorefresh.utils.AutoAppRefreshProvider$AutoAppRefreshHolder.<clinit>(AutoAppRefreshProvider.java:36)
09-29 02:43:15.809  6424  6424 W ExternalImplementationProvider: 	at com.amazon.mShop.autorefresh.utils.AutoAppRefreshProvider$AutoAppRefreshHolder.access$000(AutoAppRefreshProvider.java:35)
09-29 02:43:15.809  6424  6424 W ExternalImplementationProvider: 	at com.amazon.mShop.autorefresh.utils.AutoAppRefreshProvider.getInstance(AutoAppRefreshProvider.java:29)
09-29 02:43:15.809  6424  6424 W ExternalImplementationProvider: 	at com.amazon.mShop.autorefresh.utils.AutoAppRefreshProviderUtil.getOptionalAutoAppRefreshInstance(AutoAppRefreshProviderUtil.java:24)
09-29 02:43:15.809  6424  6424 W ExternalImplementationProvider: 	at com.amazon.mShop.AmazonApplication.onCreate(AmazonApplication.java:213)
09-29 02:43:15.809  6424  6424 W ExternalImplementationProvider: 	at com.amazon.mShop.MShopApplication.onCreate(MShopApplication.java:156)
09-29 02:43:15.809  6424  6424 W ExternalImplementationProvider: 	at android.app.Instrumentation.callApplicationOnCreate(Instrumentation.java:1032)
09-29 02:43:15.809  6424  6424 W ExternalImplementationProvider: 	at android.app.ActivityThread.handleBindApplication(ActivityThread.java:5876)
09-29 02:43:15.809  6424  6424 W ExternalImplementationProvider: 	at android.app.ActivityThread.-wrap3(ActivityThread.java)
09-29 02:43:15.809  6424  6424 W ExternalImplementationProvider: 	at android.app.ActivityThread$H.handleMessage(ActivityThread.java:1699)
09-29 02:43:15.809  6424  6424 W ExternalImplementationProvider: 	at android.os.Handler.dispatchMessage(Handler.java:102)
09-29 02:43:15.809  6424  6424 W ExternalImplementationProvider: 	at android.os.Looper.loop(Looper.java:154)
09-29 02:43:15.809  6424  6424 W ExternalImplementationProvider: 	at android.app.ActivityThread.main(ActivityThread.java:6682)
09-29 02:43:15.809  6424  6424 W ExternalImplementationProvider: 	at java.lang.reflect.Method.invoke(Native Method)
09-29 02:43:15.809  6424  6424 W ExternalImplementationProvider: 	at com.android.internal.os.ZygoteInit$MethodAndArgsCaller.run(ZygoteInit.java:1520)
09-29 02:43:15.809  6424  6424 W ExternalImplementationProvider: 	at com.android.internal.os.ZygoteInit.main(ZygoteInit.java:1410)
09-29 02:43:15.809  6424  6424 W ExternalImplementationProvider: Caused by: java.lang.ClassNotFoundException: Didn't find class "com.amazon.mShop.autorefresh.AutoAppRefresherImpl" on path: DexPathList[[zip file "/system/framework/com.google.android.maps.jar", zip file "/data/app/com.amazon.mShop.android.shopping-1/base.apk"],nativeLibraryDirectories=[/data/app/com.amazon.mShop.android.shopping-1/lib/arm, /data/app/com.amazon.mShop.android.shopping-1/base.apk!/lib/armeabi-v7a, /system/lib, /vendor/lib]]
09-29 02:43:15.809  6424  6424 W ExternalImplementationProvider: 	at dalvik.system.BaseDexClassLoader.findClass(BaseDexClassLoader.java:56)
09-29 02:43:15.809  6424  6424 W ExternalImplementationProvider: 	at java.lang.ClassLoader.loadClass(ClassLoader.java:380)
09-29 02:43:15.809  6424  6424 W ExternalImplementationProvider: 	at java.lang.ClassLoader.loadClass(ClassLoader.java:312)
09-29 02:43:15.809  6424  6424 W ExternalImplementationProvider: 	... 21 more
09-29 02:43:15.810  6424  6424 W DeviceMetricsLoggerProvider: Device Metrics Logging is not Available in this build
09-29 02:43:15.810  6424  6424 W DeviceMetricsLoggerProvider: java.lang.ClassNotFoundException: com.amazon.mShop.devicemetricslogging.DeviceMetricsLoggerImpl
09-29 02:43:15.810  6424  6424 W DeviceMetricsLoggerProvider: 	at java.lang.Class.classForName(Native Method)
09-29 02:43:15.810  6424  6424 W DeviceMetricsLoggerProvider: 	at java.lang.Class.forName(Class.java:400)
09-29 02:43:15.810  6424  6424 W DeviceMetricsLoggerProvider: 	at com.amazon.mShop.devicemetricslogging.utils.DeviceMetricsLoggerProvider.queryForDeviceMetricsLoggerInBuild(DeviceMetricsLoggerProvider.java:84)
09-29 02:43:15.810  6424  6424 W DeviceMetricsLoggerProvider: 	at com.amazon.mShop.devicemetricslogging.utils.DeviceMetricsLoggerProvider.<init>(DeviceMetricsLoggerProvider.java:58)
09-29 02:43:15.810  6424  6424 W DeviceMetricsLoggerProvider: 	at com.amazon.mShop.devicemetricslogging.utils.DeviceMetricsLoggerProvider.<init>(DeviceMetricsLoggerProvider.java:11)
09-29 02:43:15.810  6424  6424 W DeviceMetricsLoggerProvider: 	at com.amazon.mShop.devicemetricslogging.utils.DeviceMetricsLoggerProvider$DeviceMetricsLoggerSingletonHolder.<clinit>(DeviceMetricsLoggerProvider.java:38)
09-29 02:43:15.810  6424  6424 W DeviceMetricsLoggerProvider: 	at com.amazon.mShop.devicemetricslogging.utils.DeviceMetricsLoggerProvider$DeviceMetricsLoggerSingletonHolder.access$100(DeviceMetricsLoggerProvider.java:37)
09-29 02:43:15.810  6424  6424 W DeviceMetricsLoggerProvider: 	at com.amazon.mShop.devicemetricslogging.utils.DeviceMetricsLoggerProvider.getInstance(DeviceMetricsLoggerProvider.java:47)
09-29 02:43:15.810  6424  6424 W DeviceMetricsLoggerProvider: 	at com.amazon.mShop.devicemetricslogging.utils.DeviceMetricsLoggerUtil.getOptionalDeviceMetricsLoggerInstance(DeviceMetricsLoggerUtil.java:30)
09-29 02:43:15.810  6424  6424 W DeviceMetricsLoggerProvider: 	at com.amazon.mShop.AmazonApplication.onCreate(AmazonApplication.java:219)
09-29 02:43:15.810  6424  6424 W DeviceMetricsLoggerProvider: 	at com.amazon.mShop.MShopApplication.onCreate(MShopApplication.java:156)
09-29 02:43:15.810  6424  6424 W DeviceMetricsLoggerProvider: 	at android.app.Instrumentation.callApplicationOnCreate(Instrumentation.java:1032)
09-29 02:43:15.810  6424  6424 W DeviceMetricsLoggerProvider: 	at android.app.ActivityThread.handleBindApplication(ActivityThread.java:5876)
09-29 02:43:15.810  6424  6424 W DeviceMetricsLoggerProvider: 	at android.app.ActivityThread.-wrap3(ActivityThread.java)
09-29 02:43:15.810  6424  6424 W DeviceMetricsLoggerProvider: 	at android.app.ActivityThread$H.handleMessage(ActivityThread.java:1699)
09-29 02:43:15.810  6424  6424 W DeviceMetricsLoggerProvider: 	at android.os.Handler.dispatchMessage(Handler.java:102)
09-29 02:43:15.810  6424  6424 W DeviceMetricsLoggerProvider: 	at android.os.Looper.loop(Looper.java:154)
09-29 02:43:15.810  6424  6424 W DeviceMetricsLoggerProvider: 	at android.app.ActivityThread.main(ActivityThread.java:6682)
09-29 02:43:15.810  6424  6424 W DeviceMetricsLoggerProvider: 	at java.lang.reflect.Method.invoke(Native Method)
09-29 02:43:15.810  6424  6424 W DeviceMetricsLoggerProvider: 	at com.android.internal.os.ZygoteInit$MethodAndArgsCaller.run(ZygoteInit.java:1520)
09-29 02:43:15.810  6424  6424 W DeviceMetricsLoggerProvider: 	at com.android.internal.os.ZygoteInit.main(ZygoteInit.java:1410)
09-29 02:43:15.810  6424  6424 W DeviceMetricsLoggerProvider: Caused by: java.lang.ClassNotFoundException: Didn't find class "com.amazon.mShop.devicemetricslogging.DeviceMetricsLoggerImpl" on path: DexPathList[[zip file "/system/framework/com.google.android.maps.jar", zip file "/data/app/com.amazon.mShop.android.shopping-1/base.apk"],nativeLibraryDirectories=[/data/app/com.amazon.mShop.android.shopping-1/lib/arm, /data/app/com.amazon.mShop.android.shopping-1/base.apk!/lib/armeabi-v7a, /system/lib, /vendor/lib]]
09-29 02:43:15.810  6424  6424 W DeviceMetricsLoggerProvider: 	at dalvik.system.BaseDexClassLoader.findClass(BaseDexClassLoader.java:56)
09-29 02:43:15.810  6424  6424 W DeviceMetricsLoggerProvider: 	at java.lang.ClassLoader.loadClass(ClassLoader.java:380)
09-29 02:43:15.810  6424  6424 W DeviceMetricsLoggerProvider: 	at java.lang.ClassLoader.loadClass(ClassLoader.java:312)
09-29 02:43:15.810  6424  6424 W DeviceMetricsLoggerProvider: 	... 21 more
09-29 02:43:15.820  6424  6518 I ...ntity.auth.device.dg: Setup DataStorage instance
09-29 02:43:15.822 17355 17355 W FirebaseRemoteConfig: No value of type 'FirebaseRemoteConfigValue' exists for parameter key 'fpr_session_max_duration_min'.
09-29 02:43:15.822 17355  6460 D FirebasePerformance: Fetched value: '' for key: 'fpr_disabled_android_versions' from Firebase Remote Config.
09-29 02:43:15.822 17355  6460 D FirebasePerformance: Fetched value: 'true' for key: 'fpr_enabled' from Firebase Remote Config.
09-29 02:43:15.823 17355  6460 D FirebasePerformance: Fetched value: '' for key: 'fpr_disabled_android_versions' from Firebase Remote Config.
09-29 02:43:15.823 17355  6460 D FirebasePerformance: Fetched value: 'true' for key: 'fpr_enabled' from Firebase Remote Config.
09-29 02:43:15.824 17355  6460 D FirebasePerformance: Fetched value: '0.722135' for key: 'trace_sampling_rate' from Firebase Remote Config.
09-29 02:43:15.824  6424  6424 W Settings: Setting airplane_mode_on has moved from android.provider.Settings.System to android.provider.Settings.Global, returning read-only value.
09-29 02:43:15.830  6424  6510 E ...ntity.auth.device.aa: No account mapping found for any account, returning null
09-29 02:43:15.830  6424  6523 E ...ntity.auth.device.aa: No account mapping found for any account, returning null
09-29 02:43:15.835  6424  6523 E ...ntity.auth.device.aa: No account mapping found for any account, returning null
09-29 02:43:15.837 17355 17355 D ViewRootImpl@c44b678[HomeActivity]: mHardwareRenderer.destroy()#1
09-29 02:43:15.837  3638 12044 V WindowManager: Relayout Window{dacece6d0 u0 com.bsbportal.music/com.bsbportal.music.v2.features.main.ui.HomeActivity}: viewVisibility=8 req=1440x2560 WM.LayoutParams{(0,0)(fillxfill) sim=#130 ty=1 fl=#81810100 pfl=0x20000 wanim=0x7f120369 vsysui=0x2600 needsMenuKey=2 naviIconColor=0}
09-29 02:43:15.842  6424  6518 I ...IsolatedModeSwitcher: Application supports runtime isolated mode switch.
09-29 02:43:15.842  6424  6518 I ...IsolatedModeSwitcher: Restoring current runtime isolated mode: false
09-29 02:43:15.850  6424  6523 I ...entity.auth.device.z: Returning Default multiple profile settings
09-29 02:43:15.852  6424  6523 E ...ntity.auth.device.aa: No account mapping found for any account, returning null
09-29 02:43:15.852  6424  6518 E ...ntity.auth.device.aa: No account mapping found for any account, returning null
09-29 02:43:15.853  3638  5109 D PackageManager: setEnabledSetting : userId = 0 packageName = com.amazon.mShop.android.shopping cmp = com.amazon.identity.auth.device.storage.LambortishClock$ChangeTimestampsBroadcastReceiver newState = 1 callingPackage = 10432
09-29 02:43:15.857  3638 12141 D PackageManager: setEnabledSetting : userId = 0 packageName = com.amazon.mShop.android.shopping cmp = com.amazon.identity.auth.accounts.SessionUserChangedToAccountForPackageChangedAdpater newState = 2 callingPackage = 10432
09-29 02:43:15.857 17355 17355 D ViewRootImpl@c44b678[HomeActivity]: Relayout returned: oldFrame=[0,0][1440,2560] newFrame=[0,0][1440,2560] result=0x4 surface={isValid=false 0} surfaceGenerationChanged=true
09-29 02:43:15.857 17355  6461 I AppsFlyer_5.0.0: ******* sendTrackingWithEvent: Launch
09-29 02:43:15.860  3638  3836 D PackageManager: setEnabledSetting : userId = 0 packageName = com.amazon.mShop.android.shopping cmp = com.amazon.identity.auth.device.bootstrapSSO.BootstrapSSOService newState = 1 callingPackage = 10432
09-29 02:43:15.869 17355 17355 D ViewRootImpl@6c4e962[RegistrationActivity]: mHardwareRenderer.destroy()#1
09-29 02:43:15.869  3638  4390 V WindowManager: Relayout Window{e05232cd0 u0 com.bsbportal.music/com.bsbportal.music.bottomdialog.RegistrationActivity}: viewVisibility=8 req=1440x2560 WM.LayoutParams{(0,0)(fillxfill) sim=#112 ty=1 fl=#81810102 pfl=0x20000 fmt=-2 wanim=0x1030000 vsysui=0x600 needsMenuKey=2 naviIconColor=0}
09-29 02:43:15.870  6424  6424 V ApplicationStateListener: onActivityCreated: com.amazon.mShop.splashscreen.StartupActivity@bf0d697 time:1601327595870
09-29 02:43:15.872 17355  6461 I AppsFlyer_5.0.0: IMEI was not collected.
09-29 02:43:15.879  6424  6518 I ....android.shopping/li: Using the ThirdPartyPlatformDCPMetricsCollector
09-29 02:43:15.880  6424  6518 I ...mDCPMetricsCollector: Successfully create ThirdPartyPlatformDCPMetricsCollector
09-29 02:43:15.880 17355  6461 I AppsFlyer_5.0.0: Android ID was not collected.
09-29 02:43:15.880  6424  6518 I ...ntity.auth.device.dg: Start update legacy authportal domain in database if needed
09-29 02:43:15.880 17355 17355 D ViewRootImpl@6c4e962[RegistrationActivity]: Relayout returned: oldFrame=[0,0][1440,2560] newFrame=[0,0][1440,2560] result=0x4 surface={isValid=false 0} surfaceGenerationChanged=true
09-29 02:43:15.887  3966  3966 E ApplicationPackageManager: checkSettingsForIconTray value : 0
09-29 02:43:15.887  3966  3966 E ApplicationPackageManager: checkSettingsForIconTray value : 0
09-29 02:43:15.888  6424  6536 E ...ntity.auth.device.aa: No account mapping found for any account, returning null
09-29 02:43:15.889  6424  6536 D AmazonMobileAds AdsIdentity: No Amazon account found.
09-29 02:43:15.891  3638 11963 D PackageManager: getComponentMetadataForIconTray : com.bsbportal.music.v2.features.main.ui.HomeActivity does not exist in mServices
09-29 02:43:15.891  3638 11963 D PackageManager: getComponentMetadataForIconTray : com.bsbportal.music.v2.features.main.ui.HomeActivity does not exist in mProviders
09-29 02:43:15.891  3638 11963 D PackageManager: getComponentMetadataForIconTray : com.bsbportal.music.v2.features.main.ui.HomeActivity does not exist in mReceivers
09-29 02:43:15.891  3966  3966 I ApplicationPackageManager: load=com.bsbportal.music, bg=192-192, dr=192-192, forDefault=true
09-29 02:43:15.891  3966  3966 I ApplicationPackageManager: reset dr=192,192, bg=192,192
09-29 02:43:15.892  3966  3966 E ApplicationPackageManager: checkSettingsForIconTray value : 0
09-29 02:43:15.894  3966  3966 I ApplicationPackageManager: scaled rate=0.87999994, size=192, alpha=0, hold=26, target=192
09-29 02:43:15.895  3638  4853 D CompatibilityInfo: mCompatibilityFlags - 0
09-29 02:43:15.895  3638  4853 D CompatibilityInfo: applicationDensity - 640
09-29 02:43:15.895  3638  4853 D CompatibilityInfo: applicationScale - 1.0
09-29 02:43:15.896  3638  3886 D MdnieScenarioControlService:  packageName : com.amazon.mShop.android.shopping    className : com.amazon.mShop.splashscreen.StartupActivity
09-29 02:43:15.903  3638  3647 I art     : Background partial concurrent mark sweep GC freed 79842(4MB) AllocSpace objects, 35(972KB) LOS objects, 20% free, 62MB/78MB, paused 2.201ms total 175.663ms
09-29 02:43:15.903  6424  6424 W Amazon  : missing associate tag : 
09-29 02:43:15.904  6424  6424 D ActiveActivityTracker: onActivityCreated: com.amazon.mShop.splashscreen.StartupActivity@bf0d697
09-29 02:43:15.905 17355  6461 I AppsFlyer_5.0.0: AppsFlyer: first launch date: 2020-09-28_122940+0000
09-29 02:43:15.906 17355  6461 W AppsFlyer_5.0.0: Cannot verify existence of our InstanceID Listener Service in the manifest. Please refer to documentation.
09-29 02:43:15.906 17355  6461 D AppsFlyer_5.0.0: didConfigureTokenRefreshService=false
09-29 02:43:15.906 17355  6461 D AppsFlyer_5.0.0: No deep link detected
09-29 02:43:15.907  6424  6424 I StartupSequenceSupplier: start HOME activity
09-29 02:43:15.907  6424  6424 V ApplicationStateListener: Startup Activity is created at time: 1601327595907
09-29 02:43:15.912 17355  6461 I AppsFlyer_5.0.0: AppsFlyerLib.sendTrackingWithEvent
09-29 02:43:15.925  3638 12145 D SamsungAlarmManager: Cancel Alarm calling from uid:10014 pid :2363 / op:PendingIntent{23ed7b1: PendingIntentRecord{e5ff496 com.google.android.gms broadcastIntent}}
09-29 02:43:15.930  3638  3655 D CompatibilityInfo: mCompatibilityFlags - 0
09-29 02:43:15.930  3638  3655 D CompatibilityInfo: applicationDensity - 640
09-29 02:43:15.930  3638  3655 D CompatibilityInfo: applicationScale - 1.0
09-29 02:43:15.934  6424  6424 I cr_BrowserStartup: Initializing chromium process, singleProcess=true
09-29 02:43:15.935  6424  6424 I cr_base : Android Locale: en_IN requires .pak files: [en-GB, en-US]
09-29 02:43:15.936  3638  3827 D CompatibilityInfo: mCompatibilityFlags - 0
09-29 02:43:15.936  3638  3827 D CompatibilityInfo: applicationDensity - 640
09-29 02:43:15.936  3638  3827 D CompatibilityInfo: applicationScale - 1.0
09-29 02:43:15.945  8726 12691 W NetworkScheduler: Error inserting service_kind=0 source=16 tag=Measurement.PackageMeasurementTaskService.UPLOAD_TASK_TAG target_package=com.google.android.gms requires_charging=0 source_version=203315000 required_network_type=0 flex_time=3530000 persistence_level=1 target_class=com.google.android.gms.measurement.PackageMeasurementTaskService runtime=1601327595940 retry_strategy={"maximum_backoff_seconds":{"3600":0},"initial_backoff_seconds":{"30":0},"retry_policy":{"0":0}} preferred_network_type=1 required_idleness_state=0 preferred_charging_state=1 period=7061000 last_runtime=0 task_type=0 job_id=-1 user_id=0, error message: UNIQUE constraint failed: pending_ops.tag, pending_ops.target_class, pending_ops.target_package, pending_ops.user_id (code 2067)
09-29 02:43:15.945  8726 12691 W NetworkScheduler: #################################################################
09-29 02:43:15.945  8726 12691 W NetworkScheduler: Error Code : 2067 (SQLITE_CONSTRAINT_UNIQUE)
09-29 02:43:15.945  8726 12691 W NetworkScheduler: Caused By : Abort due to constraint violation.
09-29 02:43:15.945  8726 12691 W NetworkScheduler: 	(UNIQUE constraint failed: pending_ops.tag, pending_ops.target_class, pending_ops.target_package, pending_ops.user_id (code 2067))
09-29 02:43:15.945  8726 12691 W NetworkScheduler: #################################################################
09-29 02:43:15.945  8726 12691 W NetworkScheduler: [CONTEXT service_id=218 ]
09-29 02:43:15.946  6424  6424 W ResourceType: Failure getting entry for 0x7f1204a3 (t=17 e=1187) (error -2147483647)
09-29 02:43:15.949  3638  6261 D SSRM:t  : SIOP:: AP = 370, PST = 381 (W:10), CP = 308, CUR = 57, LCD = 6
09-29 02:43:15.953  3638 12006 D SamsungAlarmManager: Cancel Alarm calling from uid:10014 pid :2363 / op:PendingIntent{ba80eb3: PendingIntentRecord{e5ff496 com.google.android.gms broadcastIntent}}
09-29 02:43:15.958  3638  3655 D CompatibilityInfo: mCompatibilityFlags - 0
09-29 02:43:15.958  3638  3655 D CompatibilityInfo: applicationDensity - 640
09-29 02:43:15.958  3638  3655 D CompatibilityInfo: applicationScale - 1.0
09-29 02:43:15.963  3638  4390 D CompatibilityInfo: mCompatibilityFlags - 0
09-29 02:43:15.963  3638  4390 D CompatibilityInfo: applicationDensity - 640
09-29 02:43:15.963  3638  4390 D CompatibilityInfo: applicationScale - 1.0
09-29 02:43:15.970  8726 12691 W NetworkScheduler: Error inserting service_kind=0 source=16 tag=Measurement.PackageMeasurementTaskService.UPLOAD_TASK_TAG target_package=com.google.android.gms requires_charging=0 source_version=203315000 required_network_type=0 flex_time=3530000 persistence_level=1 target_class=com.google.android.gms.measurement.PackageMeasurementTaskService runtime=1601327595967 retry_strategy={"maximum_backoff_seconds":{"3600":0},"initial_backoff_seconds":{"30":0},"retry_policy":{"0":0}} preferred_network_type=1 required_idleness_state=0 preferred_charging_state=1 period=7061000 last_runtime=0 task_type=0 job_id=-1 user_id=0, error message: UNIQUE constraint failed: pending_ops.tag, pending_ops.target_class, pending_ops.target_package, pending_ops.user_id (code 2067)
09-29 02:43:15.970  8726 12691 W NetworkScheduler: #################################################################
09-29 02:43:15.970  8726 12691 W NetworkScheduler: Error Code : 2067 (SQLITE_CONSTRAINT_UNIQUE)
09-29 02:43:15.970  8726 12691 W NetworkScheduler: Caused By : Abort due to constraint violation.
09-29 02:43:15.970  8726 12691 W NetworkScheduler: 	(UNIQUE constraint failed: pending_ops.tag, pending_ops.target_class, pending_ops.target_package, pending_ops.user_id (code 2067))
09-29 02:43:15.970  8726 12691 W NetworkScheduler: #################################################################
09-29 02:43:15.970  8726 12691 W NetworkScheduler: [CONTEXT service_id=218 ]
09-29 02:43:15.972  3638  3831 D SamsungAlarmManager: Cancel Alarm calling from uid:10014 pid :2363 / op:PendingIntent{bc40f21: PendingIntentRecord{e5ff496 com.google.android.gms broadcastIntent}}
09-29 02:43:15.982  3638  3655 D CompatibilityInfo: mCompatibilityFlags - 0
09-29 02:43:15.982  3638  3655 D CompatibilityInfo: applicationDensity - 640
09-29 02:43:15.982  3638  3655 D CompatibilityInfo: applicationScale - 1.0
09-29 02:43:15.986  3638  4855 D CompatibilityInfo: mCompatibilityFlags - 0
09-29 02:43:15.986  3638  4855 D CompatibilityInfo: applicationDensity - 640
09-29 02:43:15.986  3638  4855 D CompatibilityInfo: applicationScale - 1.0
09-29 02:43:15.989  6424  6545 E ...ntity.auth.device.aa: No account mapping found for any account, returning null
09-29 02:43:15.993  8726 12691 W NetworkScheduler: Error inserting service_kind=0 source=16 tag=Measurement.PackageMeasurementTaskService.UPLOAD_TASK_TAG target_package=com.google.android.gms requires_charging=0 source_version=203315000 required_network_type=0 flex_time=3530000 persistence_level=1 target_class=com.google.android.gms.measurement.PackageMeasurementTaskService runtime=1601327595989 retry_strategy={"maximum_backoff_seconds":{"3600":0},"initial_backoff_seconds":{"30":0},"retry_policy":{"0":0}} preferred_network_type=1 required_idleness_state=0 preferred_charging_state=1 period=7061000 last_runtime=0 task_type=0 job_id=-1 user_id=0, error message: UNIQUE constraint failed: pending_ops.tag, pending_ops.target_class, pending_ops.target_package, pending_ops.user_id (code 2067)
09-29 02:43:15.993  8726 12691 W NetworkScheduler: #################################################################
09-29 02:43:15.993  8726 12691 W NetworkScheduler: Error Code : 2067 (SQLITE_CONSTRAINT_UNIQUE)
09-29 02:43:15.993  8726 12691 W NetworkScheduler: Caused By : Abort due to constraint violation.
09-29 02:43:15.993  8726 12691 W NetworkScheduler: 	(UNIQUE constraint failed: pending_ops.tag, pending_ops.target_class, pending_ops.target_package, pending_ops.user_id (code 2067))
09-29 02:43:15.993  8726 12691 W NetworkScheduler: #################################################################
09-29 02:43:15.993  8726 12691 W NetworkScheduler: [CONTEXT service_id=218 ]
09-29 02:43:16.001 17355  6461 I AppsFlyer_5.0.0: url: https://launches.appsflyer.com/api/v4.11/androidevent?app_id=com.bsbportal.music&buildnumber=5.0.0&channel=playstore
09-29 02:43:16.001 17355  6461 I AppsFlyer_5.0.0: data: {"device":"zerolte","firstLaunchDate":"2020-09-28_122940+0000","installDate":"2020-09-28_122222+0000","sdk":"24","open_referrer":"android-app:\/\/com.bsbportal.music","carrier":"","date1":"2020-09-28_175222+0530","cksm_v1":"4e8535137b7e7c870f3d3ba377ca6f330a","tokenRefreshConfigured":false,"af_preinstalled":"false","advertiserIdEnabled":"true","kef7965":"4b550e59ce10d8ee481912130c531a0d5919190d5a1f1e","iaecounter":"2","sc_o":"p","appsflyerKey":"j********************G","lang_code":"en","ivc":false,"registeredUninstall":true,"installer_package":"com.android.vending","app_version_name":"3.9.1.0","lang":"English","timepassedsincelastlaunch":"89","currency":"INR","advertiserId":"7c7ec7cb-d7ff-4a9a-bc61-33b100cc0c17","isGaidWithGps":"true","deviceData":{"dim":{"x_px":"1440","y_px":"2560","size":"2","xdp":"580.571","d_dpi":"640","ydp":"580.571"},"btch":"usb","btl":"91.0","cpu_abi2":"","arch":"","build_display_id":"NRD90M.G925IDVU4FRF3","cpu_abi":"arm64-v8a"},"appUserId":"8LFbfVgzJtBuUgpMw0IOjxICFvg2","af_v2":"fe79337207a3ccd1b64da3e03d07c6a93c379029","deviceType":"user","af_v":"9af034698bcf7983ad7c27ae52d76451a8d925cb","app_version_code":"387","af_events_api":"1","network":"WIFI","platformextension":"android_native","operator":"","country":"US","date2":"2020-09-28_175222+0530","brand":"samsung","af_timestamp":"1601327595808","uid":"1601296180462-5128508145131232741","isFirstCall":"false","cell":{"mnc":0,"mcc":0},"counter":"4","model":"SM-G925I","product":"zeroltedv"}
09-29 02:43:16.001 17355  6461 I System.out: (HTTPLog)-Static: isSBSettingEnabled false
09-29 02:43:16.002 17355  6461 I System.out: (HTTPLog)-Static: isSBSettingEnabled false
09-29 02:43:16.004  3119  3627 D EnterpriseController: netId is 0
09-29 02:43:16.004  3119  3627 D Netd    : getNetworkForDns: using netid 502 for uid 10431
09-29 02:43:16.004  3119  3627 D DnsProxyListener: DNSDBG::dns addrinfo af 2
09-29 02:43:16.011  6424  6424 I chromium: [INFO:aw_field_trial_creator.cc(52)] First-WebView-Experiment found, group=Enabled
09-29 02:43:16.021  3638 12146 D ActivityManager: The following uid has registered to recieve broadcast for proxy related updates 10432
09-29 02:43:16.021  3638 12146 W ContextImpl: Calling a method in the system process without a qualified user: android.app.ContextImpl.sendBroadcast:921 com.android.server.am.ActivityManagerService.requestKnoxVpnToSendProxyBroadcast:26869 com.android.server.am.ActivityManagerService.registerReceiver:21699 android.app.ActivityManagerNative.onTransact:466 com.android.server.am.ActivityManagerService.onTransact:3613 
09-29 02:43:16.022  3638  3638 D KnoxVpnEngineService: Vpn Receiver : com.samsung.android.knox.intent.action.VPN_PROXY_BROADCAST_INTERNAL
09-29 02:43:16.022  3638  3822 I KnoxVpnEngineService: vpn handle : Message received
09-29 02:43:16.032  6424  6424 I art     : Rejecting re-init on previously-failed class java.lang.Class<ul>: java.lang.NoClassDefFoundError: Failed resolution of: Landroid/webkit/SafeBrowsingResponse;
09-29 02:43:16.032  6424  6424 I art     :   at xf com.android.webview.chromium.WebViewChromiumFactoryProvider.a(android.webkit.WebView, android.content.Context) (SourceFile:209)
09-29 02:43:16.032  6424  6424 I art     :   at void com.android.webview.chromium.WebViewChromium.init(java.util.Map, boolean) (SourceFile:63)
09-29 02:43:16.032  6424  6424 I art     :   at void android.webkit.WebView.<init>(android.content.Context, android.util.AttributeSet, int, int, java.util.Map, boolean) (WebView.java:636)
