09-29 02:43:15.216  3638  4854 W ResourceType: ResTable_typeSpec entry count inconsistent: given 183, previously 916
09-29 02:43:15.217  3638  4854 W ResourceType: For resource 0x7f120369, entry index(873) is beyond type entryCount(183)
09-29 02:43:15.219 17355 17355 D ViewRootImpl@6c4e962[RegistrationActivity]: mHardwareRenderer.destroy()#1
09-29 02:43:15.219  3638  4854 V WindowManager: rotationForOrientationLw(orient=1, last=0); user=0 USER_ROTATION_LOCKED sensorRotation=-1 mLidState=-1 mDockMode=0 mHdmiPlugged=false
09-29 02:43:15.221  3638 11963 V WindowManager: Relayout Window{e05232cd0 u0 com.bsbportal.music/com.bsbportal.music.bottomdialog.RegistrationActivity}: viewVisibility=4 req=1440x2560 WM.LayoutParams{(0,0)(fillxfill) sim=#22 ty=1 fl=#81810102 pfl=0x20000 fmt=-2 wanim=0x1030000 vsysui=0x600 needsMenuKey=2 naviIconColor=0}
09-29 02:43:15.222  6424  6424 D TimaKeyStoreProvider: TimaKeyStore is not enabled: cannot add TimaSignature Service and generateKeyPair Service
09-29 02:43:15.222  3638 12146 D ActivityManager: cleanUpApplicationRecord -- 3724
09-29 02:43:15.228  4358  4358 D CarrierSvcBindHelper: No carrier app for: 0
09-29 02:43:15.233  3638  3655 D CompatibilityInfo: mCompatibilityFlags - 0
09-29 02:43:15.233  3638  3655 D CompatibilityInfo: applicationDensity - 640
09-29 02:43:15.233  3638  3655 D CompatibilityInfo: applicationScale - 1.0
09-29 02:43:15.233  3638  5113 D CompatibilityInfo: mCompatibilityFlags - 0
09-29 02:43:15.233  3638  5113 D CompatibilityInfo: applicationDensity - 640
09-29 02:43:15.233  3638  5113 D CompatibilityInfo: applicationScale - 1.0
09-29 02:43:15.233  3638  5113 I ActivityManager: DSS on for com.amazon.mShop.android.shopping and scale is 1.0
09-29 02:43:15.233  4777  4777 D RegisteredServicesCache: invalidateCache
09-29 02:43:15.234  3638  5113 D CompatibilityInfo: mCompatibilityFlags - 0
09-29 02:43:15.234  3638  5113 D CompatibilityInfo: applicationDensity - 640
09-29 02:43:15.234  3638  5113 D CompatibilityInfo: applicationScale - 1.0
09-29 02:43:15.235 17355 17355 D ViewRootImpl@6c4e962[RegistrationActivity]: Relayout returned: oldFrame=[0,0][1440,2560] newFrame=[0,0][1440,2560] result=0x0 surface={isValid=false 0} surfaceGenerationChanged=false
09-29 02:43:15.237  3638  5113 I ActivityManager: KPU : put [com.mygalaxy] : 74028 K
09-29 02:43:15.237  3638  5113 I ActivityManager: Killing 3774:com.mygalaxy/u0a194 (adj 906): DHA:empty #31
09-29 02:43:15.238  3638  3638 D SamsungAlarmManager: Remove alarm for next reason : android.intent.action.PACKAGE_RESTARTED : package: com.amazon.mShop.android.shopping
09-29 02:43:15.239  3638  3667 D KnoxTimeoutHandler: notifyActivityDrawn [MsgParam] userId: 0 fullscreen is false showWhenlocked is false isMutiwindowRecord is false multiwindowstyle is 1
09-29 02:43:15.240  3638  3667 D KnoxTimeoutHandler: notifyActivityDrawn [MsgParam] userId: 0 fullscreen is true showWhenlocked is false isMutiwindowRecord is false multiwindowstyle is 1
09-29 02:43:15.242  4777  4777 D ApduServiceInfo: seId: 0
09-29 02:43:15.242 17355 17355 I FirebasePerformance: Session ID - a76d4220a480421f9a89be0f7e73fe09
09-29 02:43:15.249  3638  3638 D CompatibilityInfo: mCompatibilityFlags - 0
09-29 02:43:15.249  3638  3638 D CompatibilityInfo: applicationDensity - 640
09-29 02:43:15.249  3638  3638 D CompatibilityInfo: applicationScale - 1.0
09-29 02:43:15.251  4777  4807 D ForegroundUtils: could not check pending caller
09-29 02:43:15.251  3638  6261 D GamePkgDataHelper: getGamePkgData(). com.bsbportal.music
09-29 02:43:15.251 18317 18317 D [WeatherWidget(15331)]  ClearDataReceiver: {[2B4A2AC40B5A9FD87A06E8EADDAC90149450B281952438798C09FE26B63B4828D5F14E5258F3A650127AC845F4C1177503CEA9BBF2A83714FBBE78987D5FB70604019314A9E6FB475D592C1F768929365F9282DDDF99A459CFD84623E57515CD70FBADAB626F916A79ED5014E2007C6F65AC0E65D150CBC80333211D5B8709C0]}
09-29 02:43:15.252  3638  6261 D GameManagerService: identifyGamePackage. com.bsbportal.music
09-29 02:43:15.252  3638  6261 D GameManagerService: identifyGamePackage. com.bsbportal.music
09-29 02:43:15.253  3638  6261 D GameManagerService: identifyGamePackage. com.bsbportal.music
09-29 02:43:15.253  3638  6261 D GameManagerService: identifyGamePackage. com.bsbportal.music
09-29 02:43:15.254  4777  4777 D ApduServiceInfo: seId: 0
09-29 02:43:15.254  4777  4806 D ForegroundUtils: could not check pending caller
09-29 02:43:15.254  4777  4777 D RegisteredOthersCache: start invalidate
09-29 02:43:15.254  4777  4777 D RegisteredOthersCache: update valid otherService: ComponentInfo{com.google.android.gms/com.google.android.gms.nearby.mediums.nearfieldcommunication.NfcAdvertisingService} AIDs: [F00000FE2C]
09-29 02:43:15.254  4777  4777 D RegisteredOthersCache: Existed other serivcee
09-29 02:43:15.254  4777  4777 D RegisteredPoliciesCache: invalidate
09-29 02:43:15.254  4777  4777 D RegisteredAidCache: onServicePolicyUpdated
09-29 02:43:15.254  4777  4777 D RegisteredAidCache: generateAidPolicyMapLocked
09-29 02:43:15.255  4777  4777 D AidPolicyManager: print policy
09-29 02:43:15.255  3638  3638 D KnoxTimeoutHandler: activityDrawn [MsgParam] userId: 0 fullscreen is false showWhenlocked is false isMutiwindowRecord is false multiwindowstyle is 1
09-29 02:43:15.255  4777  4777 D AidPolicyManager: table size : 0
09-29 02:43:15.256  4777  6505 D ForegroundUtils: could not check pending caller
09-29 02:43:15.256  3638  3638 I KnoxTimeoutHandler: SD activityfalse
09-29 02:43:15.256  3638  3638 D KnoxTimeoutHandler: activityDrawn [MsgParam] userId: 0 fullscreen is true showWhenlocked is false isMutiwindowRecord is false multiwindowstyle is 1
09-29 02:43:15.257  3638  3638 I KnoxTimeoutHandler: SD activityfalse
09-29 02:43:15.257  3638  3638 I KnoxTimeoutHandler: Fullscreen and mCurrent is not KNOX user. Hence hide keyguard
09-29 02:43:15.272  3638  3836 D CompatibilityInfo: mCompatibilityFlags - 0
09-29 02:43:15.272  3638  3836 D CompatibilityInfo: applicationDensity - 640
09-29 02:43:15.273  3638  3836 D CompatibilityInfo: applicationScale - 1.0
09-29 02:43:15.281  4777  4777 D RegisteredNfcFServicesCache: Service unchanged, not updating
09-29 02:43:15.283  4588  4588 D io_stats: !@   8,0 r 1702883 58686972 w 385765 9739888 d 47551 8546004 f 153387 153346 iot 799070 552200 th 61440 0 0 pt 0 inp 3 0 46962.013
09-29 02:43:15.303  3638  4854 D GraphicsStats: Buffer count: 12
09-29 02:43:15.303  3638  3831 D InputTransport: Input channel destroyed: fd=473
09-29 02:43:15.303  3638 12145 D ConnectivityService: ConnectivityService NetworkRequestInfo binderDied(NetworkRequest [ id=480, legacyType=-1, [ Capabilities: INTERNET&NOT_RESTRICTED&TRUSTED] ], android.os.BinderProxy@eb8d4e0)
09-29 02:43:15.304  4705  4705 D InputTransport: Input channel destroyed: fd=84
09-29 02:43:15.304  3638  4852 D ConnectivityService: ConnectivityService NetworkRequestInfo binderDied(NetworkRequest [ id=481, legacyType=-1, [ Capabilities: INTERNET&NOT_RESTRICTED&TRUSTED] ], android.os.BinderProxy@acf1399)
09-29 02:43:15.305  3638  3855 D ConnectivityService: releasing NetworkRequest NetworkRequest [ id=480, legacyType=-1, [ Capabilities: INTERNET&NOT_RESTRICTED&TRUSTED] ]
09-29 02:43:15.306  3638  3855 D ConnectivityService: sending notification RELEASED for NetworkRequest [ id=480, legacyType=-1, [ Capabilities: INTERNET&NOT_RESTRICTED&TRUSTED] ]
09-29 02:43:15.306  3638  3870 I WindowManager: WIN DEATH: Window{11e011d0 u0 com.amazon.mShop.android.shopping/com.amazon.mShop.search.RetailSearchActivity}
09-29 02:43:15.306  3638  3870 D WindowManager: disposeInputChannel mInputChannel: 11e011 com.amazon.mShop.android.shopping/com.amazon.mShop.search.RetailSearchActivity (server)
09-29 02:43:15.307  3638  3855 E ConnectivityService: RemoteException caught trying to send a callback msg for NetworkRequest [ id=480, legacyType=-1, [ Capabilities: INTERNET&NOT_RESTRICTED&TRUSTED] ]
09-29 02:43:15.307  3638  3855 D ConnectivityService: releasing NetworkRequest NetworkRequest [ id=481, legacyType=-1, [ Capabilities: INTERNET&NOT_RESTRICTED&TRUSTED] ]
09-29 02:43:15.307 17355 17355 D InputMethodManager: HSI from window - flag : 0 Pid : 17355
09-29 02:43:15.307  3638  3855 D ConnectivityService: sending notification RELEASED for NetworkRequest [ id=481, legacyType=-1, [ Capabilities: INTERNET&NOT_RESTRICTED&TRUSTED] ]
09-29 02:43:15.308  3638  3855 E ConnectivityService: RemoteException caught trying to send a callback msg for NetworkRequest [ id=481, legacyType=-1, [ Capabilities: INTERNET&NOT_RESTRICTED&TRUSTED] ]
09-29 02:43:15.310  6424  6424 V ApplicationStateListener: Application is created at time: 1601327595310
09-29 02:43:15.311 17355 17355 I InputMethodManager: HSI ignore mServedView == null or mServedView.getWindowToken() != windowToken, mServedView :com.bsbportal.music.typefacedviews.TypefacedEditText{11b596f VFED..CL. .F....ID 354,32-1257,128 #7f090153 app:id/et_number}
09-29 02:43:15.318  3638  3870 I WindowManager_SurfaceController: Destroying surface Surface(name=com.amazon.mShop.android.shopping/com.amazon.mShop.search.RetailSearchActivity) called by com.android.server.wm.WindowStateAnimator.destroySurface:2907 com.android.server.wm.WindowStateAnimator.destroySurfaceLocked:1120 com.android.server.wm.WindowState.removeLocked:1856 com.android.server.wm.WindowManagerService.removeWindowInnerLocked:2934 com.android.server.wm.WindowManagerService.removeWindowLocked:2865 com.android.server.wm.WindowState$DeathRecipient.binderDied:2296 android.os.BinderProxy.sendDeathNotice:701 <bottom of call stack> 
09-29 02:43:15.318  3076  4720 I SurfaceFlinger: id=1299 Removed SetailSearc (6/10)
09-29 02:43:15.319  3076  3141 I SurfaceFlinger: id=1299 Removed SetailSearc (-2/10)
09-29 02:43:15.326  6424  6424 I com.amazon.device.crashmanager.CrashDetectionHelper: Installing crash detector as default exception handler.
09-29 02:43:15.330  6424  6449 I DPLogger: DPLogger - Name was too long. Truncating; original name: AbstractDetArtifactProcessor, truncated name: AbstractDetArtifactProc
09-29 02:43:15.330  6424  6449 I DPLogger: DPLogger - Name was too long. Truncating; original name: JavaCrashArtifactProcessor, truncated name: JavaCrashArtifactProces
09-29 02:43:15.333 17355 17355 D DynamitePackage: Instantiating com.google.android.gms.ads.ChimeraNativeAdViewDelegateCreatorImpl
09-29 02:43:15.334  3638  3870 D InputTransport: Input channel destroyed: fd=420
09-29 02:43:15.334  3638 12146 I WindowManager: WIN DEATH: Window{d6a5044d0 u0 com.amazon.mShop.android.shopping/com.amazon.mShop.search.RetailSearchActivity}
09-29 02:43:15.334  3638 12146 D WindowManager: disposeInputChannel mInputChannel: d6a5044 com.amazon.mShop.android.shopping/com.amazon.mShop.search.RetailSearchActivity (server)
09-29 02:43:15.335  3638 12146 I WindowManager_SurfaceController: Destroying surface Surface(name=com.amazon.mShop.android.shopping/com.amazon.mShop.search.RetailSearchActivity) called by com.android.server.wm.WindowStateAnimator.destroySurface:2907 com.android.server.wm.WindowStateAnimator.destroySurfaceLocked:1120 com.android.server.wm.WindowState.removeLocked:1856 com.android.server.wm.WindowManagerService.removeWindowInnerLocked:2934 com.android.server.wm.WindowManagerService.removeWindowLocked:2865 com.android.server.wm.WindowState$DeathRecipient.binderDied:2296 android.os.BinderProxy.sendDeathNotice:701 <bottom of call stack> 
09-29 02:43:15.335  3076  3785 I SurfaceFlinger: id=1301 Removed SetailSearc (1/9)
09-29 02:43:15.335  3076  3785 I SurfaceFlinger: id=1301 Removed SetailSearc (-2/9)
09-29 02:43:15.335  6424  6449 I ArtifactUploader: ArtifactUploader - Finished uploading artifacts. Uploaded 0 artifacts.;
09-29 02:43:15.338 17355 17355 D TextView: setTypeface with style : 0
09-29 02:43:15.339 17355 17355 D TextView: setTypeface with style : 0
09-29 02:43:15.351  3638  8725 D ConnectivityService: ConnectivityService NetworkRequestInfo binderDied(NetworkRequest [ id=476, legacyType=-1, [ Capabilities: INTERNET&NOT_RESTRICTED&TRUSTED] ], android.os.BinderProxy@7ae2b5b)
09-29 02:43:15.351  3638 12146 D InputTransport: Input channel destroyed: fd=494
09-29 02:43:15.351  3638 12140 D ConnectivityService: ConnectivityService NetworkRequestInfo binderDied(NetworkRequest [ id=475, legacyType=-1, [ Capabilities: INTERNET&NOT_RESTRICTED&TRUSTED] ], android.os.BinderProxy@9c05ff8)
09-29 02:43:15.352  3638  3855 D ConnectivityService: releasing NetworkRequest NetworkRequest [ id=476, legacyType=-1, [ Capabilities: INTERNET&NOT_RESTRICTED&TRUSTED] ]
09-29 02:43:15.352  3638 11963 D ActivityManager: cleanUpApplicationRecord -- 3774
09-29 02:43:15.352  3638  3827 I WindowManager: WIN DEATH: Window{9fad3bfd0 u0 com.amazon.mShop.android.shopping/com.amazon.mShop.home.web.MShopWebGatewayActivity}
09-29 02:43:15.352  3638  3827 D WindowManager: disposeInputChannel mInputChannel: 9fad3bf com.amazon.mShop.android.shopping/com.amazon.mShop.home.web.MShopWebGatewayActivity (server)
09-29 02:43:15.353  3638  3855 D ConnectivityService: sending notification RELEASED for NetworkRequest [ id=476, legacyType=-1, [ Capabilities: INTERNET&NOT_RESTRICTED&TRUSTED] ]
09-29 02:43:15.354  3638  3855 E ConnectivityService: RemoteException caught trying to send a callback msg for NetworkRequest [ id=476, legacyType=-1, [ Capabilities: INTERNET&NOT_RESTRICTED&TRUSTED] ]
09-29 02:43:15.354  3638  3855 D ConnectivityService: releasing NetworkRequest NetworkRequest [ id=475, legacyType=-1, [ Capabilities: INTERNET&NOT_RESTRICTED&TRUSTED] ]
09-29 02:43:15.354  4777  4806 D ForegroundUtils: could not check pending caller
09-29 02:43:15.355  3638  3855 D ConnectivityService: sending notification RELEASED for NetworkRequest [ id=475, legacyType=-1, [ Capabilities: INTERNET&NOT_RESTRICTED&TRUSTED] ]
09-29 02:43:15.355  3638  3855 E ConnectivityService: RemoteException caught trying to send a callback msg for NetworkRequest [ id=475, legacyType=-1, [ Capabilities: INTERNET&NOT_RESTRICTED&TRUSTED] ]
09-29 02:43:15.362 17355 17355 I FirebasePerformance: Session ID - a76d4220a480421f9a89be0f7e73fe09
09-29 02:43:15.366 17355 17355 D InputMethodManager: HSI from window - flag : 0 Pid : 17355
09-29 02:43:15.367  3638  3827 D InputTransport: Input channel destroyed: fd=424
09-29 02:43:15.370  3638  8724 V InputMethodManagerService: Client requesting input be hidden, flags : 0
09-29 02:43:15.370  3638  8724 D InputMethodManagerService: mDesktopModeManager null!
09-29 02:43:15.370  6424  6424 D PluginParser: Loading configuration with prefix com.amazon.platform.plugin.
09-29 02:43:15.371 17355 17355 D FirebasePerformance: Fetched value: '1.08E-13' for key: 'sessions_sampling_percentage' from Firebase Remote Config.
09-29 02:43:15.371 17355 17355 D FirebasePerformance: Creating a new Non Verbose Session: 7af562d95b2b4790827aa81875be6a1e
09-29 02:43:15.373 17355 17355 W FirebaseRemoteConfig: No value of type 'FirebaseRemoteConfigValue' exists for parameter key 'fpr_session_max_duration_min'.
09-29 02:43:15.373 17355  6460 D FirebasePerformance: Fetched value: '' for key: 'fpr_disabled_android_versions' from Firebase Remote Config.
09-29 02:43:15.373 17355  6460 D FirebasePerformance: Fetched value: 'true' for key: 'fpr_enabled' from Firebase Remote Config.
09-29 02:43:15.374 17355 17355 I AppsFlyer_5.0.0: onBecameForeground
09-29 02:43:15.374 17355  6460 D FirebasePerformance: Fetched value: '' for key: 'fpr_disabled_android_versions' from Firebase Remote Config.
09-29 02:43:15.374 17355  6460 D FirebasePerformance: Fetched value: 'true' for key: 'fpr_enabled' from Firebase Remote Config.
09-29 02:43:15.375  3638  3886 D MdnieScenarioControlService:  packageName : com.bsbportal.music    className : com.bsbportal.music.bottomdialog.RegistrationActivity
09-29 02:43:15.376  6424  6424 D PluginParser: Adding configuration for meta-data key 'com.amazon.platform.plugin.httpUrlDeepLink' = com.amazon.mShop.android.shopping:array/deeplinking_plugins
09-29 02:43:15.376  6424  6424 D PluginParser: Loading configuration from com.amazon.mShop.android.shopping:array/deeplinking_plugins
09-29 02:43:15.376  6424  6424 W ResourceType: Requesting resource 0x7f080015 failed because it is complex
09-29 02:43:15.376  6424  6424 D PluginParser: Loading configuration from com.amazon.mShop.android.shopping:xml/deeplinking_plugin
09-29 02:43:15.377  6424  6424 D PluginParser: Adding access for plugin: com.amazon.mShop.appgrade.startup
09-29 02:43:15.377  6424  6424 D PluginParser: Loading configuration from com.amazon.mShop.android.shopping:xml/deeplinking_weblabs
09-29 02:43:15.378  6424  6424 D PluginParser: Adding configuration for meta-data key 'com.amazon.platform.plugin.amazonStore' = com.amazon.mShop.android.shopping:array/amazonstore_plugins
09-29 02:43:15.378  6424  6424 D PluginParser: Loading configuration from com.amazon.mShop.android.shopping:array/amazonstore_plugins
09-29 02:43:15.378  6424  6424 W ResourceType: Requesting resource 0x7f08000e failed because it is complex
09-29 02:43:15.378  6424  6424 D PluginParser: Loading configuration from com.amazon.mShop.android.shopping:xml/chrome_extension_plugin
09-29 02:43:15.379  6424  6424 D PluginParser: Loading configuration from com.amazon.mShop.android.shopping:xml/amazon_store_weblab_plugin
09-29 02:43:15.379 17355  6460 D FirebasePerformance: Fetched value: '0.722135' for key: 'trace_sampling_rate' from Firebase Remote Config.
09-29 02:43:15.379  6424  6424 D PluginParser: Adding configuration for meta-data key 'com.amazon.platform.plugin.inlineSearchSuggestionsLibPlugins' = com.amazon.mShop.android.shopping:array/iss_plugins
09-29 02:43:15.379  6424  6424 D PluginParser: Loading configuration from com.amazon.mShop.android.shopping:array/iss_plugins
09-29 02:43:15.379  6424  6424 W ResourceType: Requesting resource 0x7f080019 failed because it is complex
09-29 02:43:15.380  6424  6424 D PluginParser: Loading configuration from com.amazon.mShop.android.shopping:xml/iss_weblabs
09-29 02:43:15.380  6424  6424 D PluginParser: Adding configuration for meta-data key 'com.amazon.platform.plugin.regionmonitoring' = com.amazon.mShop.android.shopping:xml/regionmonitoring_plugin
09-29 02:43:15.380  6424  6424 D PluginParser: Loading configuration from com.amazon.mShop.android.shopping:xml/regionmonitoring_plugin
09-29 02:43:15.380 17355 17355 I AppsFlyer_5.0.0: Last Launch attempt: 2020/09/28 21:11:46.415 +0000;
09-29 02:43:15.380 17355 17355 I AppsFlyer_5.0.0: Last successful Launch event: 2020/09/28 21:11:47.747 +0000;
09-29 02:43:15.380 17355 17355 I AppsFlyer_5.0.0: Sending launch (+88959 ms)
09-29 02:43:15.380  6424  6424 D PluginParser: Adding configuration for meta-data key 'com.amazon.platform.plugin.packard' = com.amazon.mShop.android.shopping:xml/packard_weblabs
09-29 02:43:15.380  6424  6424 D PluginParser: Loading configuration from com.amazon.mShop.android.shopping:xml/packard_weblabs
09-29 02:43:15.381  6424  6424 D PluginParser: Adding configuration for meta-data key 'com.amazon.platform.plugin.ps_ssnap' = com.amazon.mShop.android.shopping:xml/ps_plugin
09-29 02:43:15.381  6424  6424 D PluginParser: Loading configuration from com.amazon.mShop.android.shopping:xml/ps_plugin
09-29 02:43:15.381  6424  6424 D PluginParser: Adding configuration for meta-data key 'com.amazon.platform.plugin.chrome' = com.amazon.mShop.android.shopping:array/chrome_plugins
09-29 02:43:15.381  6424  6424 D PluginParser: Loading configuration from com.amazon.mShop.android.shopping:array/chrome_plugins
09-29 02:43:15.381  6424  6424 W ResourceType: Requesting resource 0x7f080013 failed because it is complex
09-29 02:43:15.382  6424  6424 D PluginParser: Loading configuration from com.amazon.mShop.android.shopping:xml/chrome_startup_plugin
09-29 02:43:15.383  6424  6424 D PluginParser: Loading configuration from com.amazon.mShop.android.shopping:xml/chrome_plugin
09-29 02:43:15.384  6424  6424 D PluginParser: Loading configuration from com.amazon.mShop.android.shopping:xml/appx_weblabs
09-29 02:43:15.385  6424  6424 D PluginParser: Adding configuration for meta-data key 'com.amazon.platform.plugin.shortcut' = com.amazon.mShop.android.shopping:array/shortcut_plugins
09-29 02:43:15.385  6424  6424 D PluginParser: Loading configuration from com.amazon.mShop.android.shopping:array/shortcut_plugins
09-29 02:43:15.385  6424  6424 W ResourceType: Requesting resource 0x7f08002b failed because it is complex
09-29 02:43:15.385  6424  6424 D PluginParser: Loading configuration from com.amazon.mShop.android.shopping:xml/shortcut_startup_plugin
09-29 02:43:15.386  6424  6424 D PluginParser: Loading configuration from com.amazon.mShop.android.shopping:xml/shortcut_weblab_plugin
09-29 02:43:15.386  6424  6424 D PluginParser: Adding configuration for meta-data key 'com.amazon.platform.plugin.searchLibPlugins' = com.amazon.mShop.android.shopping:array/search_plugins
09-29 02:43:15.386  6424  6424 D PluginParser: Loading configuration from com.amazon.mShop.android.shopping:array/search_plugins
09-29 02:43:15.386  6424  6424 W ResourceType: Requesting resource 0x7f080029 failed because it is complex
09-29 02:43:15.386  6424  6424 D PluginParser: Loading configuration from com.amazon.mShop.android.shopping:xml/search_weblabs
09-29 02:43:15.387 17355 17355 V InputMethodManager: Starting input: tba=android.view.inputmethod.EditorInfo@73ee82d nm : com.bsbportal.music ic=com.android.internal.widget.EditableInputConnection@54c162
09-29 02:43:15.387 17355 17355 I InputMethodManager: [IMM] startInputInner - mService.startInputOrWindowGainedFocus
09-29 02:43:15.387  6424  6424 D PluginParser: Adding configuration for meta-data key 'com.amazon.platform.plugin.mshopmetrics' = com.amazon.mShop.android.shopping:xml/mshopmetrics_plugin
09-29 02:43:15.387  6424  6424 D PluginParser: Loading configuration from com.amazon.mShop.android.shopping:xml/mshopmetrics_plugin
09-29 02:43:15.387  6424  6424 D PluginParser: Adding configuration for meta-data key 'com.amazon.platform.plugin.a9vsPlugins' = com.amazon.mShop.android.shopping:array/weblab_plugins
09-29 02:43:15.387  6424  6424 D PluginParser: Loading configuration from com.amazon.mShop.android.shopping:array/weblab_plugins
09-29 02:43:15.387  6424  6424 W ResourceType: Requesting resource 0x7f080040 failed because it is complex
09-29 02:43:15.388  6424  6424 D PluginParser: Loading configuration from com.amazon.mShop.android.shopping:xml/modes_weblab_plugin
09-29 02:43:15.388  3638  5335 D InputTransport: Input channel constructed: fd=420
09-29 02:43:15.388  3638  5335 D InputTransport: Input channel destroyed: fd=420
09-29 02:43:15.388  6424  6424 D PluginParser: Adding configuration for meta-data key 'com.amazon.platform.plugin.core' = com.amazon.mShop.android.shopping:xml/core_plugin
09-29 02:43:15.388  6424  6424 D PluginParser: Loading configuration from com.amazon.mShop.android.shopping:xml/core_plugin
09-29 02:43:15.388  4705  4705 D SKBD    : IMPL finishInput
09-29 02:43:15.391 17355 17355 D InputTransport: Input channel constructed: fd=120
09-29 02:43:15.391  6424  6424 D PluginParser: Adding access for plugin: com.amazon.platform.core
09-29 02:43:15.391  6424  6424 D PluginParser: Adding access for plugin: com.amazon.mShop.android.startup
09-29 02:43:15.391  6424  6424 D PluginParser: Adding access for plugin: com.amazon.mShop.riolib
09-29 02:43:15.392  6424  6459 I WebViewFactory: Loading com.android.chrome version 68.0.3440.91 (code 344009152)
09-29 02:43:15.392  6424  6424 D PluginParser: Adding configuration for meta-data key 'com.amazon.platform.plugin.dash' = com.amazon.mShop.android.shopping:xml/dash_plugin
09-29 02:43:15.392  6424  6424 D PluginParser: Loading configuration from com.amazon.mShop.android.shopping:xml/dash_plugin
09-29 02:43:15.393  6424  6424 D PluginParser: Adding configuration for meta-data key 'com.amazon.platform.plugin.font' = com.amazon.mShop.android.shopping:array/fontplugins
09-29 02:43:15.393  6424  6424 D PluginParser: Loading configuration from com.amazon.mShop.android.shopping:array/fontplugins
09-29 02:43:15.393  6424  6424 W ResourceType: Requesting resource 0x7f080017 failed because it is complex
09-29 02:43:15.393  6424  6424 D PluginParser: Loading configuration from com.amazon.mShop.android.shopping:xml/ember_v2_weblab
09-29 02:43:15.395  6424  6424 D PluginParser: Adding configuration for meta-data key 'com.amazon.platform.plugin.vision' = com.amazon.mShop.android.shopping:xml/vision_plugin
09-29 02:43:15.395  6424  6424 D PluginParser: Loading configuration from com.amazon.mShop.android.shopping:xml/vision_plugin
09-29 02:43:15.395  6424  6424 D PluginParser: Adding configuration for meta-data key 'com.amazon.platform.plugin.weblab' = com.amazon.mShop.android.shopping:xml/weblab_plugin
09-29 02:43:15.395  6424  6424 D PluginParser: Loading configuration from com.amazon.mShop.android.shopping:xml/weblab_plugin
09-29 02:43:15.396  3638  8725 D ActivityManager: post active user change for 0 fullscreen false isHomeActivity() false
09-29 02:43:15.396  3638  8725 D KnoxTimeoutHandler: postActiveUserChange [MsgParam] userId: 0 fullscreen is false showWhenlocked is false isMutiwindowRecord is false multiwindowstyle is 0
09-29 02:43:15.396  3638  3638 D KnoxTimeoutHandler: handleActiveUserChange [MsgParam] userId: 0 fullscreen is false showWhenlocked is false isMutiwindowRecord is false multiwindowstyle is 0
09-29 02:43:15.397  6424  6424 D PluginParser: Adding configuration for meta-data key 'com.amazon.platform.plugin.issWidgetsPlugins' = com.amazon.mShop.android.shopping:array/iss_widgets_plugins
09-29 02:43:15.397  6424  6424 D PluginParser: Loading configuration from com.amazon.mShop.android.shopping:array/iss_widgets_plugins
09-29 02:43:15.397  3638  3638 I KnoxTimeoutHandler: Shared devices show user statefalse
09-29 02:43:15.397  3638  3638 I KnoxTimeoutHandler: Target Activity is not fullscreen. We will not show this activity0
09-29 02:43:15.399  6424  6424 W ResourceType: Requesting resource 0x7f08001a failed because it is complex
09-29 02:43:15.402  6424  6424 D PluginParser: Loading configuration from com.amazon.mShop.android.shopping:xml/iss_widgets_weblabs
09-29 02:43:15.402  3638  4854 V WindowManager: Relayout Window{dacece6d0 u0 com.bsbportal.music/com.bsbportal.music.v2.features.main.ui.HomeActivity}: viewVisibility=0 req=1440x2560 WM.LayoutParams{(0,0)(fillxfill) sim=#130 ty=1 fl=#81810100 pfl=0x20000 wanim=0x7f120369 vsysui=0x2600 needsMenuKey=2 naviIconColor=0}
09-29 02:43:15.403  6424  6424 D PluginParser: Adding configuration for meta-data key 'com.amazon.platform.plugin.aeeResolver' = com.amazon.mShop.android.shopping:array/aee_plugins
09-29 02:43:15.403  3638  3656 D WindowManager: set systemUiVisibility of statusbar : vis= 0x2608
09-29 02:43:15.403  6424  6424 D PluginParser: Loading configuration from com.amazon.mShop.android.shopping:array/aee_plugins
09-29 02:43:15.403  6424  6424 W ResourceType: Requesting resource 0x7f08000c failed because it is complex
09-29 02:43:15.403  6424  6424 D PluginParser: Loading configuration from com.amazon.mShop.android.shopping:xml/aee_resolver_startup_plugin
09-29 02:43:15.403  6424  6424 D PluginParser: Adding configuration for meta-data key 'com.amazon.platform.plugin.searchScopePlugins' = com.amazon.mShop.android.shopping:array/search_scope_plugins
09-29 02:43:15.403  6424  6424 D PluginParser: Loading configuration from com.amazon.mShop.android.shopping:array/search_scope_plugins
09-29 02:43:15.403  6424  6424 W ResourceType: Requesting resource 0x7f08002a failed because it is complex
09-29 02:43:15.403  3966  3966 D BarTransitions.PhoneStatusBarView: MODE_OPAQUE -> MODE_TRANSPARENT animate=true
09-29 02:43:15.404  6424  6424 D PluginParser: Loading configuration from com.amazon.mShop.android.shopping:xml/search_scope_weblabs
09-29 02:43:15.410  6424  6424 D PluginParser: Adding configuration for meta-data key 'com.amazon.platform.plugin.localizationService' = com.amazon.mShop.android.shopping:xml/ls_weblabs
09-29 02:43:15.410  6424  6424 D PluginParser: Loading configuration from com.amazon.mShop.android.shopping:xml/ls_weblabs
09-29 02:43:15.410  6424  6424 D PluginParser: Adding configuration for meta-data key 'com.amazon.platform.plugin.outboundMarketingPlugins' = com.amazon.mShop.android.shopping:array/outbound_marketing_plugins
09-29 02:43:15.410  6424  6424 D PluginParser: Loading configuration from com.amazon.mShop.android.shopping:array/outbound_marketing_plugins
09-29 02:43:15.410  6424  6424 W ResourceType: Requesting resource 0x7f080024 failed because it is complex
09-29 02:43:15.411  6424  6424 D PluginParser: Loading configuration from com.amazon.mShop.android.shopping:xml/outbound_marketing_weblab
09-29 02:43:15.411  6424  6424 D PluginParser: Adding configuration for meta-data key 'com.amazon.platform.plugin.a9vsARViewPlugins' = com.amazon.mShop.android.shopping:array/arview_weblab_plugins
09-29 02:43:15.411  6424  6424 D PluginParser: Loading configuration from com.amazon.mShop.android.shopping:array/arview_weblab_plugins
09-29 02:43:15.411  6424  6424 W ResourceType: Requesting resource 0x7f080012 failed because it is complex
09-29 02:43:15.411  6424  6424 D PluginParser: Loading configuration from com.amazon.mShop.android.shopping:xml/a9vs_weblab_plugin
09-29 02:43:15.411  6424  6424 D PluginParser: Adding configuration for meta-data key 'com.amazon.platform.plugin.shoppingaids' = com.amazon.mShop.android.shopping:xml/shopping_aids_weblabs
09-29 02:43:15.412  6424  6424 D PluginParser: Loading configuration from com.amazon.mShop.android.shopping:xml/shopping_aids_weblabs
09-29 02:43:15.413  6424  6424 D PluginParser: Adding configuration for meta-data key 'com.amazon.platform.plugin.searchBarPlugins' = com.amazon.mShop.android.shopping:array/search_bar_plugins
09-29 02:43:15.413  6424  6424 D PluginParser: Loading configuration from com.amazon.mShop.android.shopping:array/search_bar_plugins
09-29 02:43:15.413  6424  6424 W ResourceType: Requesting resource 0x7f080028 failed because it is complex
09-29 02:43:15.414  6424  6424 D PluginParser: Loading configuration from com.amazon.mShop.android.shopping:xml/search_bar_weblabs
09-29 02:43:15.414  6424  6424 D PluginParser: Adding configuration for meta-data key 'com.amazon.platform.plugin.appgrade' = com.amazon.mShop.android.shopping:array/appgrade_plugins
09-29 02:43:15.414  6424  6424 D PluginParser: Loading configuration from com.amazon.mShop.android.shopping:array/appgrade_plugins
09-29 02:43:15.414  6424  6424 W ResourceType: Requesting resource 0x7f080010 failed because it is complex
09-29 02:43:15.414  6424  6424 D PluginParser: Loading configuration from com.amazon.mShop.android.shopping:xml/appgrade_plugin
09-29 02:43:15.415  6424  6424 D PluginParser: Loading configuration from com.amazon.mShop.android.shopping:xml/appgrade_weblabs
09-29 02:43:15.415  6424  6424 D PluginParser: Adding configuration for meta-data key 'com.amazon.platform.plugin.i18n_smash' = com.amazon.mShop.android.shopping:xml/i18n_smash_plugin
09-29 02:43:15.415  6424  6424 D PluginParser: Loading configuration from com.amazon.mShop.android.shopping:xml/i18n_smash_plugin
09-29 02:43:15.415  6424  6424 D PluginParser: Adding configuration for meta-data key 'com.amazon.platform.plugin.phoneLibPlugins' = com.amazon.mShop.android.shopping:array/plugins
09-29 02:43:15.415  6424  6424 D PluginParser: Loading configuration from com.amazon.mShop.android.shopping:array/plugins
09-29 02:43:15.415  6424  6424 W ResourceType: Requesting resource 0x7f080025 failed because it is complex
09-29 02:43:15.416  6424  6424 D PluginParser: Loading configuration from com.amazon.mShop.android.shopping:xml/phonelib_plugin
09-29 02:43:15.416  6424  6424 D PluginParser: Loading configuration from com.amazon.mShop.android.shopping:xml/startup_plugin
09-29 02:43:15.417  6424  6424 D PluginParser: Adding access for plugin: com.amazon.mShop.android.net
09-29 02:43:15.417  6424  6424 D PluginParser: Adding access for plugin: com.amazon.mShop.android.startup
09-29 02:43:15.417  6424  6424 D PluginParser: Adding access for plugin: com.amazon.mShop.fling.startup
09-29 02:43:15.417  6424  6424 D PluginParser: Adding access for plugin: com.amazon.mShop.pushnotification.startup
09-29 02:43:15.417  6424  6424 D PluginParser: Adding access for plugin: com.amazon.mShop.CustomerInfo
09-29 02:43:15.417  6424  6424 D PluginParser: Adding access for plugin: com.amazon.mShop.freshLib.startup
09-29 02:43:15.417  6424  6424 D PluginParser: Adding access for plugin: com.amazon.mShop.chrome.startup
09-29 02:43:15.417  6424  6424 D PluginParser: Adding access for plugin: com.amazon.mShop.appgrade.startup
09-29 02:43:15.417  6424  6424 D PluginParser: Adding access for plugin: com.amazon.mShop.shortcut.startup
09-29 02:43:15.417  6424  6424 D PluginParser: Adding access for plugin: com.amazon.mShop.aeeResolver.startup
09-29 02:43:15.417  6424  6424 D PluginParser: Adding access for plugin: com.amazon.mShop.permission.v2.plugin
09-29 02:43:15.417  6424  6424 D PluginParser: Loading configuration from com.amazon.mShop.android.shopping:xml/networking_plugin
09-29 02:43:15.418  6424  6424 D PluginParser: Loading configuration from com.amazon.mShop.android.shopping:xml/core_team_weblabs
09-29 02:43:15.418  3638  4854 D InputDispatcher: Focus entered window: 17355
09-29 02:43:15.419  6424  6424 D PluginParser: Loading configuration from com.amazon.mShop.android.shopping:xml/push_notification_weblabs
09-29 02:43:15.420  6424  6424 D PluginParser: Loading configuration from com.amazon.mShop.android.shopping:xml/i18n_weblabs
09-29 02:43:15.420 17355 17355 D ViewRootImpl@c44b678[HomeActivity]: Relayout returned: oldFrame=[0,0][1440,2560] newFrame=[0,0][1440,2560] result=0x2 surface={isValid=true 496126007808} surfaceGenerationChanged=true
09-29 02:43:15.420 17355 17355 D ViewRootImpl@c44b678[HomeActivity]: mHardwareRenderer.initialize() mSurface={isValid=true 496126007808} hwInitialized=true
09-29 02:43:15.420  6424  6424 D PluginParser: Loading configuration from com.amazon.mShop.android.shopping:xml/push_notification_startup_plugin
09-29 02:43:15.421  6424  6424 D PluginParser: Loading configuration from com.amazon.mShop.android.shopping:xml/customer_info_plugin
09-29 02:43:15.421  6424  6424 D PluginParser: Loading configuration from com.amazon.mShop.android.shopping:xml/alexa_plugin
09-29 02:43:15.421  6424  6424 D PluginParser: Loading configuration from com.amazon.mShop.android.shopping:xml/contextual_navigation
09-29 02:43:15.421  6424  6424 D PluginParser: Loading configuration from com.amazon.mShop.android.shopping:xml/real_name_verification_weblabs
09-29 02:43:15.422  3638  3827 D WindowManager: adjustSystemUiVisibilityLw : vis= 0x2608
09-29 02:43:15.422  6424  6424 D PluginParser: Loading configuration from com.amazon.mShop.android.shopping:xml/upi_weblabs
09-29 02:43:15.424  6424  6424 D PluginParser: Loading configuration from com.amazon.mShop.android.shopping:xml/appnav_search_bar_weblabs
09-29 02:43:15.425  6424  6424 D PluginParser: Loading configuration from com.amazon.mShop.android.shopping:xml/mash_weblabs
09-29 02:43:15.425  6424  6424 D PluginParser: Loading configuration from com.amazon.mShop.android.shopping:xml/ssnap_weblabs
09-29 02:43:15.426  6424  6424 D PluginParser: Loading configuration from com.amazon.mShop.android.shopping:xml/mobile_growth_weblabs
09-29 02:43:15.426  6424  6424 D PluginParser: Loading configuration from com.amazon.mShop.android.shopping:xml/bootstrap_sso_weblabs
09-29 02:43:15.426  6424  6424 D PluginParser: Loading configuration from com.amazon.mShop.android.shopping:xml/appx_team_weblabs
09-29 02:43:15.427  6424  6424 D PluginParser: Loading configuration from com.amazon.mShop.android.shopping:xml/account_switcher_weblabs
09-29 02:43:15.427  6424  6424 D PluginParser: Loading configuration from com.amazon.mShop.android.shopping:xml/user_listener_plugin
09-29 02:43:15.427  6424  6424 D PluginParser: Loading configuration from com.amazon.mShop.android.shopping:xml/localization_plugin
09-29 02:43:15.428  6424  6424 D PluginParser: Loading configuration from com.amazon.mShop.android.shopping:xml/signin_event_plugin
09-29 02:43:15.428  6424  6424 D PluginParser: Loading configuration from com.amazon.mShop.android.shopping:xml/mobile_metrics_plugin
09-29 02:43:15.428  6424  6424 D PluginParser: Adding configuration for meta-data key 'com.amazon.platform.plugin.trendingSearchesPlugins' = com.amazon.mShop.android.shopping:array/trending_searches_plugins
09-29 02:43:15.428  6424  6424 D PluginParser: Loading configuration from com.amazon.mShop.android.shopping:array/trending_searches_plugins
09-29 02:43:15.429  6424  6424 W ResourceType: Requesting resource 0x7f08002f failed because it is complex
09-29 02:43:15.429  6424  6424 D PluginParser: Loading configuration from com.amazon.mShop.android.shopping:xml/trending_searches_weblabs
09-29 02:43:15.429  6424  6424 D PluginParser: Adding configuration for meta-data key 'com.amazon.platform.plugin.location' = com.amazon.mShop.android.shopping:array/location_plugins_list
09-29 02:43:15.429  6424  6424 D PluginParser: Loading configuration from com.amazon.mShop.android.shopping:array/location_plugins_list
09-29 02:43:15.429  6424  6424 W ResourceType: Requesting resource 0x7f08001e failed because it is complex
09-29 02:43:15.429  6424  6424 D PluginParser: Loading configuration from com.amazon.mShop.android.shopping:xml/location_weblabs
09-29 02:43:15.429 17355 17463 D mali_winsys: EGLint new_window_surface(egl_winsys_display*, void*, EGLSurface, EGLConfig, egl_winsys_surface**, egl_color_buffer_format*, EGLBoolean) returns 0x3000,  [1440x2560]-format:1
09-29 02:43:15.430  6424  6424 D PluginParser: Loading configuration from com.amazon.mShop.android.shopping:xml/location_service_plugin
09-29 02:43:15.430  6424  6424 D PluginParser: Adding configuration for meta-data key 'com.amazon.platform.plugin.startPlugins' = com.amazon.mShop.android.shopping:xml/startup_weblabs
09-29 02:43:15.430  6424  6424 D PluginParser: Loading configuration from com.amazon.mShop.android.shopping:xml/startup_weblabs
09-29 02:43:15.430  6424  6424 D PluginParser: Adding configuration for meta-data key 'com.amazon.platform.plugin.mshop_mls' = com.amazon.mShop.android.shopping:xml/mshop_mls_plugin
09-29 02:43:15.430  6424  6424 D PluginParser: Loading configuration from com.amazon.mShop.android.shopping:xml/mshop_mls_plugin
09-29 02:43:15.431  6424  6424 D PluginParser: Adding configuration for meta-data key 'com.amazon.platform.plugin.clouddrive' = com.amazon.mShop.android.shopping:xml/cloud_drive_plugin
09-29 02:43:15.431  6424  6424 D PluginParser: Loading configuration from com.amazon.mShop.android.shopping:xml/cloud_drive_plugin
09-29 02:43:15.431  6424  6424 D PluginParser: Adding configuration for meta-data key 'com.amazon.platform.plugin.rviPlugins' = com.amazon.mShop.android.shopping:array/rvi_plugins
09-29 02:43:15.431  6424  6424 D PluginParser: Loading configuration from com.amazon.mShop.android.shopping:array/rvi_plugins
09-29 02:43:15.431  6424  6424 W ResourceType: Requesting resource 0x7f080027 failed because it is complex
09-29 02:43:15.431  6424  6424 D PluginParser: Loading configuration from com.amazon.mShop.android.shopping:xml/rvi_weblabs
09-29 02:43:15.431  6424  6424 D PluginParser: Adding configuration for meta-data key 'com.amazon.platform.plugin.permission.v2' = com.amazon.mShop.android.shopping:xml/permission_service_shopkit_plugin
09-29 02:43:15.431  6424  6424 D PluginParser: Loading configuration from com.amazon.mShop.android.shopping:xml/permission_service_shopkit_plugin
09-29 02:43:15.432  6424  6424 D PluginParser: Adding configuration for meta-data key 'com.amazon.platform.plugin.alexa' = com.amazon.mShop.android.shopping:array/alexa_plugins
09-29 02:43:15.432  6424  6424 D PluginParser: Loading configuration from com.amazon.mShop.android.shopping:array/alexa_plugins
09-29 02:43:15.432  6424  6424 W ResourceType: Requesting resource 0x7f08000d failed because it is complex
09-29 02:43:15.432  6424  6424 D PluginParser: Loading configuration from com.amazon.mShop.android.shopping:xml/alexa_weblabs
09-29 02:43:15.432  6424  6424 D PluginParser: Adding configuration for meta-data key 'com.amazon.platform.plugin.fling' = com.amazon.mShop.android.shopping:array/fling_plugins
09-29 02:43:15.432  6424  6424 D PluginParser: Loading configuration from com.amazon.mShop.android.shopping:array/fling_plugins
09-29 02:43:15.432  6424  6424 W ResourceType: Requesting resource 0x7f080016 failed because it is complex
09-29 02:43:15.433  6424  6424 D PluginParser: Loading configuration from com.amazon.mShop.android.shopping:xml/fling_startup_plugin
09-29 02:43:15.433  6424  6424 D PluginParser: Loading configuration from com.amazon.mShop.android.shopping:xml/fling_weblab_plugin
09-29 02:43:15.434  6424  6424 D PluginParser: Adding configuration for meta-data key 'com.amazon.platform.plugin.nexus' = com.amazon.mShop.android.shopping:xml/nexus_weblabs
09-29 02:43:15.434  6424  6424 D PluginParser: Loading configuration from com.amazon.mShop.android.shopping:xml/nexus_weblabs
09-29 02:43:15.434  6424  6424 D PluginParser: Adding configuration for meta-data key 'com.amazon.platform.plugin.qtips' = com.amazon.mShop.android.shopping:xml/qtips_weblabs
09-29 02:43:15.434  6424  6424 D PluginParser: Loading configuration from com.amazon.mShop.android.shopping:xml/qtips_weblabs
09-29 02:43:15.434  6424  6424 D PluginParser: Adding configuration for meta-data key 'com.amazon.platform.plugin.smile' = com.amazon.mShop.android.shopping:xml/smile_plugin
09-29 02:43:15.435  6424  6424 D PluginParser: Loading configuration from com.amazon.mShop.android.shopping:xml/smile_plugin
09-29 02:43:15.435  6424  6424 D PluginParser: Adding configuration for meta-data key 'com.amazon.platform.plugin.ssnap' = com.amazon.mShop.android.shopping:xml/ssnap_plugin
09-29 02:43:15.435  6424  6424 D PluginParser: Loading configuration from com.amazon.mShop.android.shopping:xml/ssnap_plugin
09-29 02:43:15.436  6424  6424 D PluginParser: Adding configuration for meta-data key 'com.amazon.platform.plugin.freshLib' = com.amazon.mShop.android.shopping:array/fresh_plugins
09-29 02:43:15.436  6424  6424 D PluginParser: Loading configuration from com.amazon.mShop.android.shopping:array/fresh_plugins
09-29 02:43:15.436  6424  6424 W ResourceType: Requesting resource 0x7f080018 failed because it is complex
09-29 02:43:15.436  6424  6424 D PluginParser: Loading configuration from com.amazon.mShop.android.shopping:xml/fresh_startup_plugin
09-29 02:43:15.437  6424  6424 D PluginParser: Loading configuration from com.amazon.mShop.android.shopping:xml/f3_weblab_plugin
09-29 02:43:15.438  6424  6424 D PluginParser: Done loading configuration with prefix com.amazon.platform.plugin.
09-29 02:43:15.438  6424  6424 I RegistryFactory: ExtensionRegistryImpl{18 extension points, 97 extensions} initialized in 42ms
09-29 02:43:15.450  3638 12048 V WindowManager: Relayout Window{e05232cd0 u0 com.bsbportal.music/com.bsbportal.music.bottomdialog.RegistrationActivity}: viewVisibility=0 req=1440x2560 WM.LayoutParams{(0,0)(fillxfill) sim=#112 ty=1 fl=#81810102 pfl=0x20000 fmt=-2 wanim=0x1030000 vsysui=0x600 needsMenuKey=2 naviIconColor=0}
09-29 02:43:15.450  3638  3656 D WindowManager: set systemUiVisibility of statusbar : vis= 0x608
09-29 02:43:15.454  6424  6459 I cr_LibraryLoader: Time to load native libraries: 3 ms (timestamps 2181-2184)
09-29 02:43:15.458  6424  6468 E cr_VariationsUtils: Failed reading seed file "/data/user/0/com.amazon.mShop.android.shopping/app_webview/variations_seed_new": /data/user/0/com.amazon.mShop.android.shopping/app_webview/variations_seed_new (No such file or directory)
09-29 02:43:15.459  6424  6459 I chromium: [INFO:library_loader_hooks.cc(36)] Chromium logging enabled: level = 0, default verbosity = 0
09-29 02:43:15.460  6424  6459 I cr_LibraryLoader: Expected native library version number "68.0.3440.91", actual native library version number "68.0.3440.91"
09-29 02:43:15.468  3638 12048 D InputDispatcher: Focus left window: 17355
09-29 02:43:15.468  3638 12048 D InputDispatcher: Focus entered window: 17355
09-29 02:43:15.469 17355 17355 D ViewRootImpl@6c4e962[RegistrationActivity]: Relayout returned: oldFrame=[0,0][1440,2560] newFrame=[0,0][1440,2560] result=0x2 surface={isValid=true 496126018560} surfaceGenerationChanged=true
09-29 02:43:15.469 17355 17355 D ViewRootImpl@6c4e962[RegistrationActivity]: mHardwareRenderer.initialize() mSurface={isValid=true 496126018560} hwInitialized=true
09-29 02:43:15.469  3638  5109 D WindowManager: adjustSystemUiVisibilityLw : vis= 0x608
09-29 02:43:15.472  3638  3667 D CustomFrequencyManagerService: releaseDVFSLockLocked : Getting Lock type frm List : DVFS_MIN_LIMIT  frequency : 1300000  uid : 1000  pid : 3638  tag : AMS_ACT_RESUME@CPU_MIN@7
09-29 02:43:15.472  3638  3667 D ActivityManagerPerformance: AMP_release() ACT_RESUME
09-29 02:43:15.476 17355 17463 D mali_winsys: EGLint new_window_surface(egl_winsys_display*, void*, EGLSurface, EGLConfig, egl_winsys_surface**, egl_color_buffer_format*, EGLBoolean) returns 0x3000,  [1440x2560]-format:1
09-29 02:43:15.477  3638 12047 I ActivityManager: START u0 {act=null typ=null flg=0x10000000 cmp=ComponentInfo{com.amazon.mShop.android.shopping/com.amazon.mShop.splashscreen.StartupActivity}} from uid 2000 on display 0
09-29 02:43:15.479  3638 12047 D ActivityManager: ActivityRecord() Constructor : multiScreenAttrs=MultiScreenAttrs{mDisplayId=0, mBaseDisplayId=0, mBaseActivity=false}
09-29 02:43:15.480  3638 12047 D CustomFrequencyManagerService: acquireDVFSLockLocked : type : DVFS_MIN_LIMIT  frequency : 2100000  uid : 1000  pid : 3638  pkgName : AMS_APP_SWITCH@CPU_MIN@25
09-29 02:43:15.481  3638  6261 D TelephonyManager: getAllCellInfo : Caller (PID / UID / TID): 3638 / 1000 / 6261
09-29 02:43:15.481  3638 12047 D ActivityManagerPerformance: AMP_acquire() APP_SWITCH
09-29 02:43:15.482  3638 12047 D ActivityTrigger: Activity is Triggerred in full screen 
09-29 02:43:15.483  3638 12047 D CompatibilityInfo: mCompatibilityFlags - 0
09-29 02:43:15.483  3638 12047 D CompatibilityInfo: applicationDensity - 640
09-29 02:43:15.483  3638 12047 D CompatibilityInfo: applicationScale - 1.0
09-29 02:43:15.483  3638 12047 D ActivityManager: moveToFront() : reason=startedActivity setFocusedActivity isAttached=true TaskRecord{32ae30ed0 #2564 A=com.amazon.mShop.android.shopping U=0 StackId=1 sz=1}
09-29 02:43:15.484  3638 12047 D InputDispatcher: Focused application set to: xxxx
09-29 02:43:15.485  3638 12047 D InputDispatcher: Focus left window: 17355
09-29 02:43:15.486  3638  3667 D WindowManager: addWindow: android.view.ViewRootImpl$W@7e5a33c displayId=0
09-29 02:43:15.486  3638 12047 D ActivityManager: resumeTopActivityInnerLocked() : #1 prevTask=TaskRecord{32ae30ed0 #2564 A=com.amazon.mShop.android.shopping U=0 StackId=1 sz=1} next=ActivityRecord{ff9bcc2d0 u0 com.amazon.mShop.android.shopping/com.amazon.mShop.splashscreen.StartupActivity t2564} mFocusedStack=ActivityStack{13cd44fd0 stackId=1, 10 tasks}
09-29 02:43:15.486  3638 12047 D ActivityTrigger: ActivityTrigger activityPauseTrigger 
09-29 02:43:15.486  3638 12047 D GameManagerService: sem_perfomance_mode: 3
09-29 02:43:15.487  3638  3667 D InputTransport: Input channel constructed: fd=420
09-29 02:43:15.487  3638  3667 D InputTransport: Input channel constructed: fd=424
09-29 02:43:15.487  3638  3667 D WindowManager: openInputChannel mInputChannel: eaf8c5 Starting com.amazon.mShop.android.shopping (server)
09-29 02:43:15.491  3638  3667 D ViewRootImpl@545212f[shopping]: setView = DecorView@936221a[shopping] touchMode=false
09-29 02:43:15.493  3638  3667 D ViewRootImpl@545212f[shopping]: dispatchAttachedToWindow
09-29 02:43:15.494  3638  3667 V WindowManager: Relayout Window{eaf8c5d0 u0 Starting com.amazon.mShop.android.shopping}: viewVisibility=0 req=1440x2464 WM.LayoutParams{(0,0)(fillxfill) sim=#20 ty=3 fl=#1830118 pfl=0x20011 wanim=0x7f0b00b0 vsysui=0x400 needsMenuKey=2 naviIconColor=0}
09-29 02:43:15.495  3076  3076 I SurfaceFlinger: id=1304 createSurf (1x1),1 flag=404, thopping
09-29 02:43:15.498 17355 17355 D ViewRootImpl@c44b678[HomeActivity]: MSG_WINDOW_FOCUS_CHANGED 1
09-29 02:43:15.498 17355 17355 D ViewRootImpl@c44b678[HomeActivity]: mHardwareRenderer.initializeIfNeeded()#2 mSurface={isValid=true 496126007808}
09-29 02:43:15.500 17355  5264 I System.out: (HTTPLog)-Static: isSBSettingEnabled false
09-29 02:43:15.500 17355  5264 I System.out: (HTTPLog)-Static: isSBSettingEnabled false
09-29 02:43:15.520  3638  3667 D ViewRootImpl@545212f[shopping]: Relayout returned: oldFrame=[0,0][0,0] newFrame=[0,0][1440,2560] result=0x26 surface={isValid=true 508992297472} surfaceGenerationChanged=true
09-29 02:43:15.521 17355 17355 V InputMethodManager: Starting input: tba=android.view.inputmethod.EditorInfo@94da66a nm : com.bsbportal.music ic=null
09-29 02:43:15.521 17355 17355 I InputMethodManager: [IMM] startInputInner - mService.startInputOrWindowGainedFocus
09-29 02:43:15.522  3638  4385 D InputMethodManagerService: windowGainedFocus mCurrentFocusedUserId - 0 and mSecureKeypadEnabled-false
09-29 02:43:15.522  3638  4385 V InputMethodManagerService: windowGainedFocus: reason=WINDOW_FOCUS_GAIN client=android.os.BinderProxy@ca807c9 inputContext=null missingMethods= attribute=android.view.inputmethod.EditorInfo@68445e6 nm = com.bsbportal.music controlFlags=#105 softInputMode=#130 windowFlags=#81810100
09-29 02:43:15.522  3638  4385 V InputMethodManagerService: Unspecified window will hide input
09-29 02:43:15.522  3638  4385 D InputMethodManagerService: mDesktopModeManager null!
09-29 02:43:15.523  3638  4385 D InputTransport: Input channel constructed: fd=473
09-29 02:43:15.523  4705  4705 D SKBD    : IMPL finishInput
09-29 02:43:15.523  3638  4385 D InputTransport: Input channel destroyed: fd=473
