09-29 02:43:16.464  3638 11962 D CompatibilityInfo: applicationDensity - 640
09-29 02:43:16.464  3638 11962 D CompatibilityInfo: applicationScale - 1.0
09-29 02:43:16.466  6424  6424 I SmileMarketplaceChecker: Marketplace not supported for smile: A21TJRUUN4KGV
09-29 02:43:16.467  6424  6596 E ...ntity.auth.device.aa: No account mapping found for any account, returning null
09-29 02:43:16.472  6424  6424 I ....android.shopping/li: Using the ThirdPartyPlatformDCPMetricsCollector
09-29 02:43:16.472  6424  6596 E ...ntity.auth.device.aa: No account mapping found for any account, returning null
09-29 02:43:16.472  6424  6424 I ...mDCPMetricsCollector: Successfully create ThirdPartyPlatformDCPMetricsCollector
09-29 02:43:16.473  6424  6424 D AbstractMetricsFactoryImpl: record : No valid data points in metrics event
09-29 02:43:16.473  6424  6424 I ....android.shopping/li: Using the ThirdPartyPlatformDCPMetricsCollector
09-29 02:43:16.474  6424  6424 I ...mDCPMetricsCollector: Successfully create ThirdPartyPlatformDCPMetricsCollector
09-29 02:43:16.474  6424  6424 I ...ntity.auth.device.gz: com.amazon.mShop.android.shopping is trying to get device type
09-29 02:43:16.474  6424  6424 I ...onInformationQueryer: Populate change for remote MAP info.
09-29 02:43:16.474  6424  6424 I ...onInformationQueryer: CacheContainsPartialResults? true
09-29 02:43:16.476  6424  6424 I ...ntity.auth.device.cf: Caching feature OverrideDeviceAttributes as true
09-29 02:43:16.478  6424  6424 I ...onInformationQueryer: Get map info for com.amazon.mShop.android.shopping, device type: A1MPSLFC7L5AFK
09-29 02:43:16.478  6424  6424 D AbstractMetricsFactoryImpl: record : No valid data points in metrics event
09-29 02:43:16.493  6424  6424 D InteractionNavigationListener: Received forward navigation
09-29 02:43:16.494  6424  6424 D InteractionMonitor: Creating new interaction for context com.amazon.mShop.web.MShopWebView{f7b6e7c VFEDH.C.. .F....I. 0,0-0,0}
09-29 02:43:16.509  6424  6459 D RemoteConfigurationManager: Skipping default configuration saving
09-29 02:43:16.511  6424  6459 I System.out: (HTTPLog)-Static: isSBSettingEnabled false
09-29 02:43:16.511  6424  6459 I System.out: (HTTPLog)-Static: isSBSettingEnabled false
09-29 02:43:16.519  6424  6613 I System.out: (HTTPLog)-Static: isSBSettingEnabled false
09-29 02:43:16.520  6424  6613 I System.out: (HTTPLog)-Static: isSBSettingEnabled false
09-29 02:43:16.530  6424  6424 D SmashBootstrapper: Bootstrapping registered with asset cordova-mash-full-1.11.js
09-29 02:43:16.538  6424  6424 D AmazonBooksInStoreHandler: Created bookstore URL handler!
09-29 02:43:16.544  6424  6424 W Amazon  : missing associate tag : 
09-29 02:43:16.551  6424  6615 E libEGL  : validate_display:99 error 3008 (EGL_BAD_DISPLAY)
09-29 02:43:16.571  6424  6615 D libEGL  : loaded /vendor/lib/egl/libGLES_mali.so
09-29 02:43:16.575  6424  6424 E ...ntity.auth.device.aa: No account mapping found for any account, returning null
09-29 02:43:16.576  6424  6424 E ...ntity.auth.device.aa: No account mapping found for any account, returning null
09-29 02:43:16.581  6424  6564 W chromium: [WARNING:jni_string.cc(29)] ConvertJavaStringToUTF8 called with null string.
09-29 02:43:16.584  6424  6424 E ...ntity.auth.device.aa: No account mapping found for any account, returning null
09-29 02:43:16.585  6424  6424 I CountryDetector: Getting network based country iso: in
09-29 02:43:16.586  6424  6424 D DCMMetricsRecorder: Sending intech.ls.appStarted metrics event.
09-29 02:43:16.587  6424  6582 D LogMetricsUtil: Metrics recorded for Navigation to both PMET and Clickstream: [ [msp_ap_am_nav_session_start,1.0,1] ,  [HTTP_USER_AGENT,AMZN(Smartphone/SM-G925I/A1MPSLFC7L5AFK,Android/7.0,Amazon_Android/MShop/18.14.0.100),1] ,  [appVersion,7.0,1] ,  [locale,en_IN,1] ,  [ref-override,msp_ap_am_nav_session_start,1] ,  [page-type,Navigation-DataOnly,1] ,  [hitType,dataOnly,1] ,  [team-name,Navigation,1] ,  [site_variant,Android App,1] ,  [RequestId,B384B344304428BA233A,1] ]
09-29 02:43:16.590  6424  6582 D LogMetricsUtil: Metrics recorded for Navigation to both PMET and Clickstream: [ [msp_ap_am_nav_session_start_so,1.0,1] ,  [HTTP_USER_AGENT,AMZN(Smartphone/SM-G925I/A1MPSLFC7L5AFK,Android/7.0,Amazon_Android/MShop/18.14.0.100),1] ,  [appVersion,7.0,1] ,  [locale,en_IN,1] ,  [ref-override,msp_ap_am_nav_session_start_so,1] ,  [page-type,Navigation-DataOnly,1] ,  [hitType,dataOnly,1] ,  [team-name,Navigation,1] ,  [site_variant,Android App,1] ,  [RequestId,74132B56F3E61CEDFEAA,1] ]
09-29 02:43:16.591  6424  6582 D LogMetricsUtil: Metrics recorded for Navigation to both PMET and Clickstream: [ [msp_ap_am_loc_perm_none,1.0,1] ,  [HTTP_USER_AGENT,AMZN(Smartphone/SM-G925I/A1MPSLFC7L5AFK,Android/7.0,Amazon_Android/MShop/18.14.0.100),1] ,  [appVersion,7.0,1] ,  [locale,en_IN,1] ,  [ref-override,msp_ap_am_loc_perm_none,1] ,  [page-type,Navigation-DataOnly,1] ,  [hitType,dataOnly,1] ,  [team-name,Navigation,1] ,  [site_variant,Android App,1] ,  [RequestId,7AE324C040659F9D34C8,1] ]
09-29 02:43:16.593  6424  6582 D LogMetricsUtil: Metrics recorded for Navigation to both PMET and Clickstream: [ [msp_ap_am_loc_perm_none_so,1.0,1] ,  [HTTP_USER_AGENT,AMZN(Smartphone/SM-G925I/A1MPSLFC7L5AFK,Android/7.0,Amazon_Android/MShop/18.14.0.100),1] ,  [appVersion,7.0,1] ,  [locale,en_IN,1] ,  [ref-override,msp_ap_am_loc_perm_none_so,1] ,  [page-type,Navigation-DataOnly,1] ,  [hitType,dataOnly,1] ,  [team-name,Navigation,1] ,  [site_variant,Android App,1] ,  [RequestId,254514C4296BB264C4BA,1] ]
09-29 02:43:16.596  6424  6449 I ArtifactUploader: ArtifactUploader - Finished uploading artifacts. Uploaded 0 artifacts.;
09-29 02:43:16.596  6424  6424 E ...ntity.auth.device.aa: No account mapping found for any account, returning null
09-29 02:43:16.597  6424  6582 D LogMetricsUtil: Metrics recorded for Navigation to both PMET and Clickstream: [ [msp_ap_am_loc_on_net_gps,1.0,1] ,  [HTTP_USER_AGENT,AMZN(Smartphone/SM-G925I/A1MPSLFC7L5AFK,Android/7.0,Amazon_Android/MShop/18.14.0.100),1] ,  [appVersion,7.0,1] ,  [locale,en_IN,1] ,  [ref-override,msp_ap_am_loc_on_net_gps,1] ,  [page-type,Navigation-DataOnly,1] ,  [hitType,dataOnly,1] ,  [team-name,Navigation,1] ,  [site_variant,Android App,1] ,  [RequestId,EBFEE71067204DA88E98,1] ]
09-29 02:43:16.598  6424  6424 E ...ntity.auth.device.aa: No account mapping found for any account, returning null
09-29 02:43:16.598  6424  6424 I SmileMarketplaceChecker: Marketplace not supported for smile: A21TJRUUN4KGV
09-29 02:43:16.601  6424  6424 D ViewRootImpl@825b30c[MShopWebGatewayActivity]: ThreadedRenderer.create() translucent=false
09-29 02:43:16.601  6424  6582 D LogMetricsUtil: Metrics recorded for Navigation to both PMET and Clickstream: [ [msp_ap_am_loc_on_net_gps_so,1.0,1] ,  [HTTP_USER_AGENT,AMZN(Smartphone/SM-G925I/A1MPSLFC7L5AFK,Android/7.0,Amazon_Android/MShop/18.14.0.100),1] ,  [appVersion,7.0,1] ,  [locale,en_IN,1] ,  [ref-override,msp_ap_am_loc_on_net_gps_so,1] ,  [page-type,Navigation-DataOnly,1] ,  [hitType,dataOnly,1] ,  [team-name,Navigation,1] ,  [site_variant,Android App,1] ,  [RequestId,1B8CE4D88A9BD2B0768D,1] ]
09-29 02:43:16.601  3638  5109 D WindowManager: addWindow: android.view.IWindow$Stub$Proxy@96cf0eb displayId=0
09-29 02:43:16.602  3638  5109 D InputTransport: Input channel constructed: fd=497
09-29 02:43:16.602  3638  5109 D InputTransport: Input channel constructed: fd=498
09-29 02:43:16.602  3638  5109 D WindowManager: openInputChannel mInputChannel: 52e44e1 com.amazon.mShop.android.shopping/com.amazon.mShop.home.web.MShopWebGatewayActivity (server)
09-29 02:43:16.602  3638  5109 D InputTransport: Input channel destroyed: fd=498
09-29 02:43:16.602  6424  6424 D InputTransport: Input channel constructed: fd=123
09-29 02:43:16.603  6424  6424 D ViewRootImpl@825b30c[MShopWebGatewayActivity]: setView = DecorView@be31455[MShopWebGatewayActivity] touchMode=false
09-29 02:43:16.603  3638 12140 D ActivityManager: post active user change for 0 fullscreen true isHomeActivity() false
09-29 02:43:16.603  3638 12140 D KnoxTimeoutHandler: postActiveUserChange [MsgParam] userId: 0 fullscreen is true showWhenlocked is false isMutiwindowRecord is false multiwindowstyle is 0
09-29 02:43:16.604  3638  3638 D KnoxTimeoutHandler: handleActiveUserChange [MsgParam] userId: 0 fullscreen is true showWhenlocked is false isMutiwindowRecord is false multiwindowstyle is 0
09-29 02:43:16.604  6424  6635 E ...ntity.auth.device.aa: No account mapping found for any account, returning null
09-29 02:43:16.604  3638  3638 I KnoxTimeoutHandler: Shared devices show user statefalse
09-29 02:43:16.612  6424  6582 D LogMetricsUtil: Metrics recorded for Navigation to both PMET and Clickstream: [ [msp_ap_am_anm_remote_s,1.0,1] ,  [HTTP_USER_AGENT,AMZN(Smartphone/SM-G925I/A1MPSLFC7L5AFK,Android/7.0,Amazon_Android/MShop/18.14.0.100),1] ,  [appVersion,7.0,1] ,  [locale,en_IN,1] ,  [ref-override,msp_ap_am_anm_remote_s,1] ,  [page-type,Navigation-DataOnly,1] ,  [hitType,dataOnly,1] ,  [team-name,Navigation,1] ,  [site_variant,Android App,1] ,  [RequestId,CDFEC4A6C84EC1FA30F3,1] ]
09-29 02:43:16.615  6424  6582 D LogMetricsUtil: Metrics recorded for Navigation to both PMET and Clickstream: [ [msp_ap_am_anm_remote_s_so,1.0,1] ,  [HTTP_USER_AGENT,AMZN(Smartphone/SM-G925I/A1MPSLFC7L5AFK,Android/7.0,Amazon_Android/MShop/18.14.0.100),1] ,  [appVersion,7.0,1] ,  [locale,en_IN,1] ,  [ref-override,msp_ap_am_anm_remote_s_so,1] ,  [page-type,Navigation-DataOnly,1] ,  [hitType,dataOnly,1] ,  [team-name,Navigation,1] ,  [site_variant,Android App,1] ,  [RequestId,7817CA4C0D964E679CA3,1] ]
09-29 02:43:16.617  6424  6582 D LogMetricsUtil: Metrics recorded for Navigation to both PMET and Clickstream: [ [msp_ap_am_nav_lt_cps,1.0,1] ,  [HTTP_USER_AGENT,AMZN(Smartphone/SM-G925I/A1MPSLFC7L5AFK,Android/7.0,Amazon_Android/MShop/18.14.0.100),1] ,  [appVersion,7.0,1] ,  [locale,en_IN,1] ,  [ref-override,msp_ap_am_nav_lt_cps,1] ,  [page-type,Navigation-DataOnly,1] ,  [hitType,dataOnly,1] ,  [team-name,Navigation,1] ,  [site_variant,Android App,1] ,  [RequestId,B43177AC4457EAC89FEB,1] ]
09-29 02:43:16.618  6424  6424 D MASHWebView: Clearing timeout
09-29 02:43:16.618  6424  6637 I MShopGCMRegistrationIntentService: Executing GCM registration intent service for Intent { cmp=com.amazon.mShop.android.shopping/com.amazon.mShop.pushnotification.gcm.MShopGCMRegistrationOrchestrator$MShopGCMRegistrationIntentService launchParam=MultiScreenLaunchParams { mDisplayId=0 mFlags=0 } }
09-29 02:43:16.619  6424  6582 D LogMetricsUtil: Metrics recorded for Navigation to both PMET and Clickstream: [ [msp_ap_am_nav_lt_cps_so,1.0,1] ,  [HTTP_USER_AGENT,AMZN(Smartphone/SM-G925I/A1MPSLFC7L5AFK,Android/7.0,Amazon_Android/MShop/18.14.0.100),1] ,  [appVersion,7.0,1] ,  [locale,en_IN,1] ,  [ref-override,msp_ap_am_nav_lt_cps_so,1] ,  [page-type,Navigation-DataOnly,1] ,  [hitType,dataOnly,1] ,  [team-name,Navigation,1] ,  [site_variant,Android App,1] ,  [RequestId,F99FF47F08CF5B587DB4,1] ]
09-29 02:43:16.620  6424  6637 I MShopGCMRegistrationOrchestrator: GCM Registration Token: fJuyhHnZdf0:APA91bErm9aHZxrX5vwE5RHwmDnhfGjDb6pzSxgyq2fB3sbFtGs6B0jg0X9nZbIaIb5nV_aGzM22KAZ3atNV9uxit2Hv49bgjkfJjT-7WWSY6SNQHSEAA8kSkxiUE3OerzetMjnZ1O40
09-29 02:43:16.631  6424  6424 E ...ntity.auth.device.aa: No account mapping found for any account, returning null
09-29 02:43:16.631  6424  6424 W Amazon  : missing associate tag : 
09-29 02:43:16.632  6424  6615 W AudioCapabilities: Unsupported mime audio/mpeg-L1
09-29 02:43:16.632  6424  6615 W AudioCapabilities: Unsupported mime audio/mpeg-L2
09-29 02:43:16.634  6424  6615 W AudioCapabilities: Unsupported mime audio/x-ms-wma
09-29 02:43:16.634  6424  6615 W AudioCapabilities: Unsupported mime audio/x-ima
09-29 02:43:16.636  6424  6615 W VideoCapabilities: Unrecognized profile/level 1/32 for video/mp4v-es
09-29 02:43:16.636  6424  6615 W VideoCapabilities: Unrecognized profile/level 32768/2 for video/mp4v-es
09-29 02:43:16.636  6424  6615 W VideoCapabilities: Unrecognized profile/level 32768/64 for video/mp4v-es
09-29 02:43:16.639  6424  6615 W VideoCapabilities: Unrecognized profile 2130706433 for video/avc
09-29 02:43:16.639  6424  6615 W VideoCapabilities: Unrecognized profile 2130706433 for video/avc
09-29 02:43:16.639  6424  6615 W VideoCapabilities: Unrecognized profile 2130706433 for video/avc
09-29 02:43:16.639  6424  6615 W VideoCapabilities: Unrecognized profile 2130706433 for video/avc
09-29 02:43:16.639  6424  6615 W VideoCapabilities: Unrecognized profile 2130706433 for video/avc
09-29 02:43:16.639  6424  6615 W VideoCapabilities: Unrecognized profile 2130706433 for video/avc
09-29 02:43:16.639  6424  6615 W VideoCapabilities: Unrecognized profile 2130706433 for video/avc
09-29 02:43:16.639  6424  6615 W VideoCapabilities: Unrecognized profile 2130706433 for video/avc
09-29 02:43:16.639  6424  6615 W VideoCapabilities: Unrecognized profile 2130706433 for video/avc
09-29 02:43:16.639  6424  6615 W VideoCapabilities: Unrecognized profile 2130706433 for video/avc
09-29 02:43:16.639  6424  6615 W VideoCapabilities: Unrecognized profile 2130706433 for video/avc
09-29 02:43:16.639  6424  6615 W VideoCapabilities: Unrecognized profile 2130706433 for video/avc
09-29 02:43:16.639  6424  6615 W VideoCapabilities: Unrecognized profile 2130706433 for video/avc
09-29 02:43:16.639  6424  6615 W VideoCapabilities: Unrecognized profile 2130706433 for video/avc
09-29 02:43:16.639  6424  6615 W VideoCapabilities: Unrecognized profile 2130706433 for video/avc
09-29 02:43:16.639  6424  6615 W VideoCapabilities: Unrecognized profile 2130706433 for video/avc
09-29 02:43:16.639  6424  6615 W VideoCapabilities: Unrecognized profile 2130706434 for video/avc
09-29 02:43:16.640  6424  6615 W VideoCapabilities: Unrecognized profile 2130706433 for video/avc
09-29 02:43:16.640  6424  6615 W VideoCapabilities: Unrecognized profile 2130706433 for video/avc
09-29 02:43:16.640  6424  6615 W VideoCapabilities: Unrecognized profile 2130706433 for video/avc
09-29 02:43:16.640  6424  6615 W VideoCapabilities: Unrecognized profile 2130706433 for video/avc
09-29 02:43:16.640  6424  6615 W VideoCapabilities: Unrecognized profile 2130706433 for video/avc
09-29 02:43:16.640  6424  6615 W VideoCapabilities: Unrecognized profile 2130706433 for video/avc
09-29 02:43:16.640  6424  6615 W VideoCapabilities: Unrecognized profile 2130706433 for video/avc
09-29 02:43:16.640  6424  6615 W VideoCapabilities: Unrecognized profile 2130706433 for video/avc
09-29 02:43:16.640  6424  6615 W VideoCapabilities: Unrecognized profile 2130706433 for video/avc
09-29 02:43:16.640  6424  6615 W VideoCapabilities: Unrecognized profile 2130706433 for video/avc
09-29 02:43:16.640  6424  6615 W VideoCapabilities: Unrecognized profile 2130706433 for video/avc
09-29 02:43:16.641  6424  6615 W VideoCapabilities: Unrecognized profile 2130706433 for video/avc
09-29 02:43:16.641  6424  6615 W VideoCapabilities: Unrecognized profile 2130706433 for video/avc
09-29 02:43:16.641  6424  6615 W VideoCapabilities: Unrecognized profile 2130706433 for video/avc
09-29 02:43:16.641  6424  6615 W VideoCapabilities: Unrecognized profile 2130706433 for video/avc
09-29 02:43:16.641  6424  6615 W VideoCapabilities: Unrecognized profile 2130706433 for video/avc
09-29 02:43:16.641  6424  6615 W VideoCapabilities: Unrecognized profile 2130706434 for video/avc
09-29 02:43:16.646  6424  6615 W VideoCapabilities: Unsupported mime video/wvc1
09-29 02:43:16.647  6424  6615 W VideoCapabilities: Unsupported mime video/x-ms-wmv
09-29 02:43:16.649 17355  6461 I AppsFlyer_5.0.0: response code: 200
09-29 02:43:16.650 17355  6461 D AppsFlyer_5.0.0: Uninstall Token exists: dG-CD5U4RlCt4Vr9vZPx3z:APA91bGB-6EURDDHmoPrZpw0xENZWe0vYouweiT3qsszBkzl4WOeD9HcrVjwpkkYl5o4coa1fWut34IYL518DWK0tyoct10v5yDvcj1X5gJB3eQSydjU9mD9g0TEypesbMmNcu861ezz
09-29 02:43:16.650 17355  6461 D AppsFlyer_5.0.0: Calling onInstallConversionDataLoaded with:
09-29 02:43:16.650 17355  6461 D AppsFlyer_5.0.0: {install_time=2020-09-28 12:29:44.212, af_message=organic install, af_status=Organic, is_first_launch=false}
09-29 02:43:16.658  6424  6615 W VideoCapabilities: Unrecognized profile/level 1/32 for video/mp4v-es
09-29 02:43:16.659  6424  6615 W VideoCapabilities: Unrecognized profile/level 32768/2 for video/mp4v-es
09-29 02:43:16.659  6424  6615 W VideoCapabilities: Unrecognized profile/level 32768/64 for video/mp4v-es
09-29 02:43:16.660  6424  6615 W VideoCapabilities: Unsupported mime video/wvc1
09-29 02:43:16.662  6424  6615 W VideoCapabilities: Unsupported mime video/x-ms-wmv
09-29 02:43:16.663  6424  6429 I art     : Do full code cache collection, code=114KB, data=123KB
09-29 02:43:16.663  6424  6615 W VideoCapabilities: Unsupported mime video/x-ms-wmv7
09-29 02:43:16.663  6424  6429 I art     : After code cache collection, code=84KB, data=74KB
09-29 02:43:16.665  6424  6615 W VideoCapabilities: Unsupported mime video/x-ms-wmv8
09-29 02:43:16.666  6424  6615 W VideoCapabilities: Unsupported mime video/mp43
09-29 02:43:16.669  6424  6615 W AudioCapabilities: Unsupported mime audio/mpeg-L1
09-29 02:43:16.675  6424  6615 W AudioCapabilities: Unsupported mime audio/mpeg-L2
09-29 02:43:16.676  6424  6615 W VideoCapabilities: Unrecognized profile 2130706433 for video/avc
09-29 02:43:16.676  6424  6615 W VideoCapabilities: Unrecognized profile 2130706433 for video/avc
09-29 02:43:16.676  6424  6615 W VideoCapabilities: Unrecognized profile 2130706433 for video/avc
09-29 02:43:16.676  6424  6615 W VideoCapabilities: Unrecognized profile 2130706433 for video/avc
09-29 02:43:16.676  6424  6615 W VideoCapabilities: Unrecognized profile 2130706433 for video/avc
09-29 02:43:16.676  6424  6615 W VideoCapabilities: Unrecognized profile 2130706433 for video/avc
09-29 02:43:16.676  6424  6615 W VideoCapabilities: Unrecognized profile 2130706433 for video/avc
09-29 02:43:16.676  6424  6615 W VideoCapabilities: Unrecognized profile 2130706433 for video/avc
09-29 02:43:16.676  6424  6615 W VideoCapabilities: Unrecognized profile 2130706433 for video/avc
09-29 02:43:16.676  6424  6615 W VideoCapabilities: Unrecognized profile 2130706433 for video/avc
09-29 02:43:16.676  6424  6615 W VideoCapabilities: Unrecognized profile 2130706433 for video/avc
09-29 02:43:16.676  6424  6615 W VideoCapabilities: Unrecognized profile 2130706433 for video/avc
09-29 02:43:16.676  6424  6615 W VideoCapabilities: Unrecognized profile 2130706433 for video/avc
09-29 02:43:16.676  6424  6615 W VideoCapabilities: Unrecognized profile 2130706433 for video/avc
09-29 02:43:16.676  6424  6615 W VideoCapabilities: Unrecognized profile 2130706433 for video/avc
09-29 02:43:16.676  6424  6615 W VideoCapabilities: Unrecognized profile 2130706433 for video/avc
09-29 02:43:16.676  6424  6615 W VideoCapabilities: Unrecognized profile 2130706434 for video/avc
09-29 02:43:16.679  6424  6615 W VideoCapabilities: Unrecognized profile/level 1/32 for video/mp4v-es
09-29 02:43:16.679  6424  6615 W VideoCapabilities: Unrecognized profile/level 32768/2 for video/mp4v-es
09-29 02:43:16.679  6424  6615 W VideoCapabilities: Unrecognized profile/level 32768/64 for video/mp4v-es
09-29 02:43:16.684  6424  6424 E ...ntity.auth.device.aa: No account mapping found for any account, returning null
09-29 02:43:16.685  6424  6424 D ViewRootImpl@825b30c[MShopWebGatewayActivity]: dispatchAttachedToWindow
09-29 02:43:16.696  6424  6615 I VideoCapabilities: Unsupported profile 4 for video/mp4v-es
09-29 02:43:16.700  3638  5113 V WindowManager: Relayout Window{52e44e1d0 u0 com.amazon.mShop.android.shopping/com.amazon.mShop.home.web.MShopWebGatewayActivity}: viewVisibility=0 req=1440x2464 WM.LayoutParams{(0,0)(fillxfill) sim=#113 ty=1 fl=#1810100 pfl=0x20000 wanim=0x7f0b00b0 vsysui=0x400 needsMenuKey=2 naviIconColor=0}
09-29 02:43:16.700  3076  3076 I SurfaceFlinger: id=1305 createSurf (1x1),1 flag=404, NShopWebGat
09-29 02:43:16.706  6424  6615 W VideoCapabilities: Unsupported mime video/sorenson
09-29 02:43:16.707  6424  6596 E ...ntity.auth.device.aa: No account mapping found for any account, returning null
09-29 02:43:16.711  6424  6596 E ...ntity.auth.device.aa: No account mapping found for any account, returning null
09-29 02:43:16.713  6424  6596 E ...ntity.auth.device.aa: No account mapping found for any account, returning null
09-29 02:43:16.716  3638  5113 D InputDispatcher: Focus entered window: 6424
09-29 02:43:16.718  6424  6424 D ViewRootImpl@825b30c[MShopWebGatewayActivity]: Relayout returned: oldFrame=[0,0][0,0] newFrame=[0,0][1440,2560] result=0x26 surface={isValid=true -1190875136} surfaceGenerationChanged=true
09-29 02:43:16.718  6424  6424 D ViewRootImpl@825b30c[MShopWebGatewayActivity]: mHardwareRenderer.initialize() mSurface={isValid=true -1190875136} hwInitialized=true
09-29 02:43:16.718  6424  6578 I OpenGLRenderer: Initialized EGL, version 1.4
09-29 02:43:16.718  6424  6578 D OpenGLRenderer: Swap behavior 1
09-29 02:43:16.723  6424  6578 D mali_winsys: EGLint new_window_surface(egl_winsys_display*, void*, EGLSurface, EGLConfig, egl_winsys_surface**, egl_color_buffer_format*, EGLBoolean) returns 0x3000,  [1440x2560]-format:1
09-29 02:43:16.760 17923  9371 I PlayCommon: [874] asmy.c(23): Preparing logs for uploading
09-29 02:43:16.767 17923  9371 W PlayCommon: [874] asmy.a(1): No account for auth token provided
09-29 02:43:16.767  6424  6424 D AbsListView:  onsize change 
09-29 02:43:16.768 17923  9371 I PlayCommon: [874] asmy.c(171): Connecting to server: https://play.googleapis.com/play/log?format=raw&proto_v2=true
09-29 02:43:16.770 17923  9371 I System.out: (HTTPLog)-Static: isSBSettingEnabled false
09-29 02:43:16.770  6424  6424 D ViewRootImpl@377f371[StartupActivity]: mHardwareRenderer.destroy()#1
09-29 02:43:16.770 17923  9371 I System.out: (HTTPLog)-Static: isSBSettingEnabled false
09-29 02:43:16.770  3638  8724 V WindowManager: Relayout Window{a2ae293d0 u0 com.amazon.mShop.android.shopping/com.amazon.mShop.splashscreen.StartupActivity}: viewVisibility=8 req=1440x2560 WM.LayoutParams{(0,0)(fillxfill) sim=#120 ty=1 fl=#1810100 pfl=0x20000 wanim=0x7f0b00b0 vsysui=0x400 needsMenuKey=2 naviIconColor=0}
09-29 02:43:16.772  3119  3627 D EnterpriseController: netId is 0
09-29 02:43:16.772  3119  3627 D Netd    : getNetworkForDns: using netid 502 for uid 10038
09-29 02:43:16.772  3119  3627 D DnsProxyListener: DNSDBG::dns addrinfo af 2
09-29 02:43:16.773  6424  6424 D ViewRootImpl@377f371[StartupActivity]: Relayout returned: oldFrame=[0,0][1440,2560] newFrame=[0,0][1440,2560] result=0x0 surface={isValid=false 0} surfaceGenerationChanged=false
09-29 02:43:16.774  6424  6424 D MobileLoggingSuite: MLS backup uploader job started
09-29 02:43:16.775  6424  6424 D MobileLoggingSuite: Not executing backup job because it was called to soon after it was scheduled
09-29 02:43:16.776  6424  6424 W Amazon  : missing associate tag : 
09-29 02:43:16.777  6424  6424 I AmazonMobileAds AmazonOOAdRegistration: Transport Layer Security enabled by default.
09-29 02:43:16.778  6424  6582 D LogMetricsUtil: Metrics recorded for Navigation to both PMET and Clickstream: [ [msp_ap_am_cspromo_fetch_s,1.0,1] ,  [HTTP_USER_AGENT,AMZN(Smartphone/SM-G925I/A1MPSLFC7L5AFK,Android/7.0,Amazon_Android/MShop/18.14.0.100),1] ,  [appVersion,7.0,1] ,  [locale,en_IN,1] ,  [ref-override,msp_ap_am_cspromo_fetch_s,1] ,  [page-type,Navigation-DataOnly,1] ,  [hitType,dataOnly,1] ,  [team-name,Navigation,1] ,  [site_variant,Android App,1] ,  [RequestId,9DD4DE382C7EAC2050F6,1] ]
09-29 02:43:16.781  6424  6582 D LogMetricsUtil: Metrics recorded for Navigation to both PMET and Clickstream: [ [msp_ap_am_cspromo_fetch_s_so,1.0,1] ,  [HTTP_USER_AGENT,AMZN(Smartphone/SM-G925I/A1MPSLFC7L5AFK,Android/7.0,Amazon_Android/MShop/18.14.0.100),1] ,  [appVersion,7.0,1] ,  [locale,en_IN,1] ,  [ref-override,msp_ap_am_cspromo_fetch_s_so,1] ,  [page-type,Navigation-DataOnly,1] ,  [hitType,dataOnly,1] ,  [team-name,Navigation,1] ,  [site_variant,Android App,1] ,  [RequestId,4F7F1C7C574DA2A88929,1] ]
09-29 02:43:16.792  3638  3831 D CompatibilityInfo: mCompatibilityFlags - 0
09-29 02:43:16.792  3638  3831 D CompatibilityInfo: applicationDensity - 640
09-29 02:43:16.792  3638  3831 D CompatibilityInfo: applicationScale - 1.0
09-29 02:43:16.816  3638  5109 D WindowManager: finishDrawingWindow: Window{52e44e1d0 u0 com.amazon.mShop.android.shopping/com.amazon.mShop.home.web.MShopWebGatewayActivity} mDrawState=DRAW_PENDING
09-29 02:43:16.817  6424  6424 D ViewRootImpl@825b30c[MShopWebGatewayActivity]: MSG_RESIZED_REPORT: ci=Rect(0, 96 - 0, 0) vi=Rect(0, 96 - 0, 0) or=1
09-29 02:43:16.818  6424  6424 D ViewRootImpl@825b30c[MShopWebGatewayActivity]: MSG_WINDOW_FOCUS_CHANGED 1
09-29 02:43:16.818  6424  6424 D ViewRootImpl@825b30c[MShopWebGatewayActivity]: mHardwareRenderer.initializeIfNeeded()#2 mSurface={isValid=true -1190875136}
09-29 02:43:16.819  6424  6582 D LogMetricsUtil: Metrics recorded for Navigation to both PMET and Clickstream: [ [msp_ap_am_anm_fetch_s,1.0,1] ,  [HTTP_USER_AGENT,AMZN(Smartphone/SM-G925I/A1MPSLFC7L5AFK,Android/7.0,Amazon_Android/MShop/18.14.0.100),1] ,  [appVersion,7.0,1] ,  [locale,en_IN,1] ,  [ref-override,msp_ap_am_anm_fetch_s,1] ,  [page-type,Navigation-DataOnly,1] ,  [hitType,dataOnly,1] ,  [team-name,Navigation,1] ,  [site_variant,Android App,1] ,  [RequestId,FFFF74FE84732A4F47C6,1] ]
09-29 02:43:16.820  3638  3667 D KnoxTimeoutHandler: notifyActivityDrawn [MsgParam] userId: 0 fullscreen is true showWhenlocked is false isMutiwindowRecord is false multiwindowstyle is 1
09-29 02:43:16.820  3638  3638 D KnoxTimeoutHandler: activityDrawn [MsgParam] userId: 0 fullscreen is true showWhenlocked is false isMutiwindowRecord is false multiwindowstyle is 1
09-29 02:43:16.821  3638  3638 I KnoxTimeoutHandler: SD activityfalse
09-29 02:43:16.821  3638  3638 I KnoxTimeoutHandler: Fullscreen and mCurrent is not KNOX user. Hence hide keyguard
09-29 02:43:16.822  3638  3667 I ActivityManager: Displayed com.amazon.mShop.android.shopping/com.amazon.mShop.home.web.MShopWebGatewayActivity: +679ms (total +1s647ms)
09-29 02:43:16.824  6424  6582 D LogMetricsUtil: Metrics recorded for Navigation to both PMET and Clickstream: [ [msp_ap_am_anm_fetch_s_so,1.0,1] ,  [HTTP_USER_AGENT,AMZN(Smartphone/SM-G925I/A1MPSLFC7L5AFK,Android/7.0,Amazon_Android/MShop/18.14.0.100),1] ,  [appVersion,7.0,1] ,  [locale,en_IN,1] ,  [ref-override,msp_ap_am_anm_fetch_s_so,1] ,  [page-type,Navigation-DataOnly,1] ,  [hitType,dataOnly,1] ,  [team-name,Navigation,1] ,  [site_variant,Android App,1] ,  [RequestId,8EA1401B802246B8C521,1] ]
09-29 02:43:16.825  6414  6414 D AndroidRuntime: Shutting down VM
09-29 02:43:16.825  3638  3667 D CustomFrequencyManagerService: acquireDVFSLockLocked : type : DVFS_MIN_LIMIT  frequency : 1800000  uid : 1000  pid : 3638  pkgName : AMS_RESUME_TAIL@CPU_MIN@19
09-29 02:43:16.825  3638  3667 D ActivityManagerPerformance: AMP_acquire() TAIL
09-29 02:43:16.826  3638  3667 D CustomFrequencyManagerService: releaseDVFSLockLocked : Getting Lock type frm List : DVFS_MIN_LIMIT  frequency : 2100000  uid : 1000  pid : 3638  tag : AMS_APP_SWITCH@CPU_MIN@25
09-29 02:43:16.826  3638  3667 D ActivityManagerPerformance: AMP_release() APP_SWITCH
09-29 02:43:16.827  3638  3667 D ViewRootImpl@545212f[shopping]: dispatchDetachedFromWindow
09-29 02:43:16.827  3638  3667 D WindowManager: disposeInputChannel mInputChannel: eaf8c5 Starting com.amazon.mShop.android.shopping (server)
09-29 02:43:16.828  6424  6582 D LogMetricsUtil: Metrics recorded for Navigation to both PMET and Clickstream: [ [msp_ap_am_nav_err_lt_rs,1.0,1] ,  [HTTP_USER_AGENT,AMZN(Smartphone/SM-G925I/A1MPSLFC7L5AFK,Android/7.0,Amazon_Android/MShop/18.14.0.100),1] ,  [appVersion,7.0,1] ,  [locale,en_IN,1] ,  [ref-override,msp_ap_am_nav_err_lt_rs,1] ,  [page-type,Navigation-DataOnly,1] ,  [hitType,dataOnly,1] ,  [team-name,Navigation,1] ,  [site_variant,Android App,1] ,  [RequestId,BC54750ADE9250D2444B,1] ]
09-29 02:43:16.830  3638  3667 D InputTransport: Input channel destroyed: fd=420
09-29 02:43:16.830  3638  3667 D InputTransport: Input channel destroyed: fd=424
09-29 02:43:16.830  3638  3667 D ViewRootImpl@21c9eeb[ContainerKeyguardScrim]: mHardwareRenderer.destroy()#1
09-29 02:43:16.830  6424  6424 D SEM_CLIP_SemClipboardManager: isCocktailBarDisplayed : false
09-29 02:43:16.833  6424  6582 D LogMetricsUtil: Metrics recorded for Navigation to both PMET and Clickstream: [ [msp_ap_am_nav_err_lt_rs_so,1.0,1] ,  [HTTP_USER_AGENT,AMZN(Smartphone/SM-G925I/A1MPSLFC7L5AFK,Android/7.0,Amazon_Android/MShop/18.14.0.100),1] ,  [appVersion,7.0,1] ,  [locale,en_IN,1] ,  [ref-override,msp_ap_am_nav_err_lt_rs_so,1] ,  [page-type,Navigation-DataOnly,1] ,  [hitType,dataOnly,1] ,  [team-name,Navigation,1] ,  [site_variant,Android App,1] ,  [RequestId,43650830E3DE4BFA92CD,1] ]
09-29 02:43:16.833  6424  6424 D SEM_CLIP_SemClipboardManager: isCocktailBarDisplayed : false
09-29 02:43:16.834  6424  6424 V InputMethodManager: Starting input: tba=android.view.inputmethod.EditorInfo@2d8591d nm : com.amazon.mShop.android.shopping ic=null
09-29 02:43:16.834  6424  6424 I InputMethodManager: [IMM] startInputInner - mService.startInputOrWindowGainedFocus
09-29 02:43:16.834  3638 12146 D InputMethodManagerService: windowGainedFocus mCurrentFocusedUserId - 0 and mSecureKeypadEnabled-false
09-29 02:43:16.835  3638 12146 V InputMethodManagerService: windowGainedFocus: reason=WINDOW_FOCUS_GAIN client=android.os.BinderProxy@1cb7464 inputContext=null missingMethods= attribute=android.view.inputmethod.EditorInfo@b8feadb nm = com.amazon.mShop.android.shopping controlFlags=#105 softInputMode=#113 windowFlags=#1810100
09-29 02:43:16.835  3638 12146 V InputMethodManagerService: Window asks to hide input
09-29 02:43:16.835  3638 12146 D InputMethodManagerService: mDesktopModeManager null!
09-29 02:43:16.835  3638 12146 V InputMethodManagerService: Creating new session for client ClientState{637e978 uid 10432 pid 6424}
09-29 02:43:16.835  3638 12146 D InputTransport: Input channel constructed: fd=420
09-29 02:43:16.835  3638 12146 D InputTransport: Input channel constructed: fd=424
09-29 02:43:16.836  3638 12146 D InputTransport: Input channel destroyed: fd=424
09-29 02:43:16.836  4705  5389 D InputTransport: Input channel constructed: fd=84
09-29 02:43:16.837 17355 17355 D InputTransport: Input channel destroyed: fd=149
09-29 02:43:16.837  3638 12005 D InputTransport: Input channel constructed: fd=424
09-29 02:43:16.838  3638 12005 D InputTransport: Input channel destroyed: fd=424
09-29 02:43:16.838  4705  4705 D SKBD    : IMPL finishInput
09-29 02:43:16.838  6424  6538 D InputTransport: Input channel constructed: fd=145
09-29 02:43:16.840 17355 17355 W IInputConnectionWrapper: reportFullscreenMode on inexistent InputConnection
09-29 02:43:16.840 17355 17355 W IInputConnectionWrapper: finishComposingText on inactive InputConnection
09-29 02:43:16.840  3638 12146 D CompatibilityInfo: mCompatibilityFlags - 0
09-29 02:43:16.840  3638 12146 D CompatibilityInfo: applicationDensity - 640
09-29 02:43:16.841  3638 12146 D CompatibilityInfo: applicationScale - 1.0
09-29 02:43:16.857  6414  6414 I TMSDISP : AcsAndroidVirtualDisplayIntfImpl::~AcsAndroidVirtualDisplayIntfImpl - Enter
09-29 02:43:16.857  6414  6414 I TMSDISP : AcsAndroidVirtualDisplayIntfImpl::~AcsAndroidVirtualDisplayIntfImpl - Enter2
09-29 02:43:16.857  6414  6414 I TMSDISP : AcsAndroidVirtualDisplayIntfImpl::~AcsAndroidVirtualDisplayIntfImpl - mSource2
09-29 02:43:16.858  6414  6414 I TMSDISP : AcsAndroidVirtualDisplayIntfImpl::~AcsAndroidVirtualDisplayIntfImpl - Exit
09-29 02:43:16.858  3638  8724 D WindowManager: finishDrawingWindow: Window{52e44e1d0 u0 com.amazon.mShop.android.shopping/com.amazon.mShop.home.web.MShopWebGatewayActivity} mDrawState=HAS_DRAWN
09-29 02:43:16.859  6424  6424 I ARCore-InstallService: Install service connected
09-29 02:43:16.863  6424  6424 V InputMethodManager: Starting input: tba=android.view.inputmethod.EditorInfo@f66c38d nm : com.amazon.mShop.android.shopping ic=null
09-29 02:43:16.872  6424  6648 E ...ntity.auth.device.aa: No account mapping found for any account, returning null
09-29 02:43:16.878 17923  6652 E Finsky  : [1385] osm.a(20): com.google.ar.core not available.
09-29 02:43:16.880  3638  4853 D CompatibilityInfo: mCompatibilityFlags - 0
09-29 02:43:16.880  3638  4853 D CompatibilityInfo: applicationDensity - 640
09-29 02:43:16.880  3638  4853 D CompatibilityInfo: applicationScale - 1.0
09-29 02:43:16.880  6424  6435 E ARCore-InstallService: The device is not supported.
09-29 02:43:16.882  6388  6410 I appium  : channel read invoked!
09-29 02:43:16.883  6388  6410 I appium  : channel read: GET /wd/hub/session/65ed71e0-d4f5-4feb-bab7-09fcc56fc42a/appium/device/pixel_ratio
09-29 02:43:16.883  6388  6410 I appium  : Get device pixel ratio
09-29 02:43:16.884  6388  6410 I appium  : AppiumResponse: {"sessionId":"65ed71e0-d4f5-4feb-bab7-09fcc56fc42a","value":4}
09-29 02:43:16.892  6388  6410 I appium  : channel read invoked!
09-29 02:43:16.893  6388  6410 I appium  : channel read: GET /wd/hub/session/65ed71e0-d4f5-4feb-bab7-09fcc56fc42a/appium/device/system_bars
09-29 02:43:16.893  6388  6410 I appium  : Get status bar height of the device
09-29 02:43:16.894  6388  6410 I appium  : AppiumResponse: {"sessionId":"65ed71e0-d4f5-4feb-bab7-09fcc56fc42a","value":{"statusBar":96}}
09-29 02:43:16.910  6388  6410 I appium  : channel read invoked!
09-29 02:43:16.910  6388  6410 I appium  : channel read: GET /wd/hub/session/65ed71e0-d4f5-4feb-bab7-09fcc56fc42a/window/current/size
09-29 02:43:16.910  6388  6410 I appium  : Get window size of the device
09-29 02:43:16.911  6388  6410 I appium  : AppiumResponse: {"sessionId":"65ed71e0-d4f5-4feb-bab7-09fcc56fc42a","value":{"height":2560,"width":1440}}
09-29 02:43:16.947 17923  9371 I PlayCommon: [874] asmy.c(203): Successfully uploaded logs.
09-29 02:43:17.019  3638  3667 I WindowManager_SurfaceController: Destroying surface Surface(name=Starting com.amazon.mShop.android.shopping) called by com.android.server.wm.WindowStateAnimator.destroySurface:2907 com.android.server.wm.WindowStateAnimator.destroySurfaceLocked:1120 com.android.server.wm.WindowState.destroyOrSaveSurface:2654 com.android.server.wm.AppWindowToken.destroySurfaces:424 com.android.server.wm.AppWindowToken.destroySurfaces:388 com.android.server.wm.WindowStateAnimator.finishExit:686 com.android.server.wm.WindowStateAnimator.stepAnimationLocked:570 com.android.server.wm.WindowAnimator.updateWindowsLocked:439 
09-29 02:43:17.019  3076  3143 I SurfaceFlinger: id=1304 Removed thopping (6/10)
09-29 02:43:17.023  3076  3143 I SurfaceFlinger: id=1304 Removed thopping (-2/10)
09-29 02:43:17.125  3638  3638 D CustomFrequencyManagerService: releaseDVFSLockLocked : Getting Lock type frm List : DVFS_MIN_LIMIT  frequency : 1800000  uid : 1000  pid : 3638  tag : AMS_RESUME_TAIL@CPU_MIN@19
09-29 02:43:17.160  6424  6434 I art     : Background partial concurrent mark sweep GC freed 51647(2MB) AllocSpace objects, 33(2MB) LOS objects, 39% free, 19MB/32MB, paused 8.283ms total 61.978ms
09-29 02:43:17.172  6424  6657 D SmashBootstrapper: Initializing local loading using cordova-mash-full-1.11.js
09-29 02:43:17.247  3638  3834 D WifiStateMachine: Current network is: "GNXS-2611F8" , ID is: 46
09-29 02:43:17.247  3638  3834 D WifiStateMachine: 24GHz mQnsLowerRssiThreshold is recovered, currentRssi = -59
09-29 02:43:17.289  6424  6424 E ...ntity.auth.device.aa: No account mapping found for any account, returning null
09-29 02:43:17.299  6424  6424 E ...ntity.auth.device.aa: No account mapping found for any account, returning null
09-29 02:43:17.314  6424  6657 D SmashBootstrapper: Loaded cordova-mash-full-1.11.js in 24ms
09-29 02:43:17.317  6424  6596 E ...ntity.auth.device.aa: No account mapping found for any account, returning null
09-29 02:43:17.320  6424  6596 E ...ntity.auth.device.aa: No account mapping found for any account, returning null
09-29 02:43:17.323  6424  6596 E ...ntity.auth.device.aa: No account mapping found for any account, returning null
09-29 02:43:17.351  6424  6614 E chromium: [ERROR:budget_service.cc(145)] Unable to connect to the Mojo BudgetService.
09-29 02:43:17.417  6424  6657 D CordovaNetworkManager: toLower : wifi
09-29 02:43:17.417  6424  6657 D CordovaNetworkManager: wifi : wifi
09-29 02:43:17.417  6424  6657 D CordovaNetworkManager: Connection Type: wifi
09-29 02:43:17.417  6424  6657 D CordovaNetworkManager: Connection Extra Info: "GNXS-2611F8"
09-29 02:43:17.426  6424  6424 D CordovaNetworkManager: toLower : wifi
09-29 02:43:17.426  6424  6424 D CordovaNetworkManager: wifi : wifi
09-29 02:43:17.426  6424  6424 D CordovaNetworkManager: Connection Type: wifi
09-29 02:43:17.426  6424  6424 D CordovaNetworkManager: Connection Extra Info: "GNXS-2611F8"
09-29 02:43:17.429  3638  5114 D ActivityTrigger: ActivityTrigger activityStopTrigger 
09-29 02:43:17.430  3638  5114 D ActivityTrigger: ActivityTrigger activityStopTrigger 
09-29 02:43:17.437 17355 17355 W FirebaseRemoteConfig: No value of type 'FirebaseRemoteConfigValue' exists for parameter key 'fpr_session_max_duration_min'.
09-29 02:43:17.437 17355  6460 D FirebasePerformance: Fetched value: '' for key: 'fpr_disabled_android_versions' from Firebase Remote Config.
09-29 02:43:17.437 17355  6460 D FirebasePerformance: Fetched value: 'true' for key: 'fpr_enabled' from Firebase Remote Config.
09-29 02:43:17.437 17355 17355 W FirebaseRemoteConfig: No value of type 'FirebaseRemoteConfigValue' exists for parameter key 'fpr_session_max_duration_min'.
09-29 02:43:17.437 17355  6460 D FirebasePerformance: Fetched value: '' for key: 'fpr_disabled_android_versions' from Firebase Remote Config.
09-29 02:43:17.437 17355 17355 W FirebaseRemoteConfig: No value of type 'FirebaseRemoteConfigValue' exists for parameter key 'fpr_session_max_duration_min'.
09-29 02:43:17.437 17355  6460 D FirebasePerformance: Fetched value: 'true' for key: 'fpr_enabled' from Firebase Remote Config.
09-29 02:43:17.437 17355  6460 D FirebasePerformance: Fetched value: '0.722135' for key: 'trace_sampling_rate' from Firebase Remote Config.
09-29 02:43:17.438 17355  6460 D FirebasePerformance: Fetched value: '' for key: 'fpr_disabled_android_versions' from Firebase Remote Config.
09-29 02:43:17.439 17355  6460 D FirebasePerformance: Fetched value: 'true' for key: 'fpr_enabled' from Firebase Remote Config.
09-29 02:43:17.439 17355  6460 D FirebasePerformance: Fetched value: '' for key: 'fpr_disabled_android_versions' from Firebase Remote Config.
09-29 02:43:17.439 17355  6460 D FirebasePerformance: Fetched value: 'true' for key: 'fpr_enabled' from Firebase Remote Config.
09-29 02:43:17.439 17355  6460 D FirebasePerformance: Fetched value: '0.722135' for key: 'trace_sampling_rate' from Firebase Remote Config.
09-29 02:43:17.443  3638  4855 V WindowManager: Relayout Window{e05232cd0 u0 com.bsbportal.music/com.bsbportal.music.bottomdialog.RegistrationActivity}: viewVisibility=8 req=1440x2560 WM.LayoutParams{(0,0)(fillxfill) sim=#22 ty=1 fl=#81810102 pfl=0x20000 fmt=-2 wanim=0x1030000 vsysui=0x600 needsMenuKey=2 naviIconColor=0}
09-29 02:43:17.446 17355 17355 D ViewRootImpl@6c4e962[RegistrationActivity]: Relayout returned: oldFrame=[0,0][1440,2560] newFrame=[0,0][1440,2560] result=0x0 surface={isValid=false 0} surfaceGenerationChanged=false
09-29 02:43:17.449  4777  4807 D ForegroundUtils: could not check pending caller
09-29 02:43:17.462  3119  3627 D EnterpriseController: netId is 0
09-29 02:43:17.462  3119  3627 D Netd    : getNetworkForDns: using netid 502 for uid 10432
09-29 02:43:17.462  3119  3627 D DnsProxyListener: DNSDBG::dns addrinfo af 2
09-29 02:43:17.579  3638  3886 D MdnieScenarioControlService:  packageName : com.amazon.mShop.android.shopping    className : com.amazon.mShop.home.web.MShopWebGatewayActivity
09-29 02:43:17.607  6424  6424 V ApplicationStateListener: ApplicationCreateTime:1601327595310 IsApplicationCreatedInForeground:true ActivityCreateTime:1601327595907
09-29 02:43:17.634  3119  3627 D EnterpriseController: netId is 0
09-29 02:43:17.634  3119  3627 D Netd    : getNetworkForDns: using netid 502 for uid 10432
09-29 02:43:17.634  3119  3627 D DnsProxyListener: DNSDBG::dns addrinfo af 2
09-29 02:43:17.768  3638  5114 D SamsungAlarmManager: Cancel Alarm calling from uid:10014 pid :2363 / op:PendingIntent{a1d40cb: PendingIntentRecord{e5ff496 com.google.android.gms broadcastIntent}}
09-29 02:43:17.773  3638  3655 D CompatibilityInfo: mCompatibilityFlags - 0
09-29 02:43:17.773  3638  3655 D CompatibilityInfo: applicationDensity - 640
09-29 02:43:17.773  3638  3655 D CompatibilityInfo: applicationScale - 1.0
09-29 02:43:17.777  3638  4852 D CompatibilityInfo: mCompatibilityFlags - 0
09-29 02:43:17.777  3638  4852 D CompatibilityInfo: applicationDensity - 640
09-29 02:43:17.777  3638  4852 D CompatibilityInfo: applicationScale - 1.0
09-29 02:43:17.786  8726 26201 W NetworkScheduler: Error inserting service_kind=0 source=16 tag=Measurement.PackageMeasurementTaskService.UPLOAD_TASK_TAG target_package=com.google.android.gms requires_charging=0 source_version=203315000 required_network_type=0 flex_time=3528000 persistence_level=1 target_class=com.google.android.gms.measurement.PackageMeasurementTaskService runtime=1601327597780 retry_strategy={"maximum_backoff_seconds":{"3600":0},"initial_backoff_seconds":{"30":0},"retry_policy":{"0":0}} preferred_network_type=1 required_idleness_state=0 preferred_charging_state=1 period=7057000 last_runtime=0 task_type=0 job_id=-1 user_id=0, error message: UNIQUE constraint failed: pending_ops.tag, pending_ops.target_class, pending_ops.target_package, pending_ops.user_id (code 2067)
09-29 02:43:17.786  8726 26201 W NetworkScheduler: #################################################################
09-29 02:43:17.786  8726 26201 W NetworkScheduler: Error Code : 2067 (SQLITE_CONSTRAINT_UNIQUE)
09-29 02:43:17.786  8726 26201 W NetworkScheduler: Caused By : Abort due to constraint violation.
09-29 02:43:17.786  8726 26201 W NetworkScheduler: 	(UNIQUE constraint failed: pending_ops.tag, pending_ops.target_class, pending_ops.target_package, pending_ops.user_id (code 2067))
09-29 02:43:17.786  8726 26201 W NetworkScheduler: #################################################################
09-29 02:43:17.786  8726 26201 W NetworkScheduler: [CONTEXT service_id=218 ]
09-29 02:43:17.941  3119  3627 D EnterpriseController: netId is 0
09-29 02:43:17.941  3119  3627 D Netd    : getNetworkForDns: using netid 502 for uid 10432
09-29 02:43:17.941  3119  3627 D DnsProxyListener: DNSDBG::dns addrinfo af 2
09-29 02:43:18.235  3119  3627 D EnterpriseController: netId is 0
09-29 02:43:18.235  3119  3627 D Netd    : getNetworkForDns: using netid 502 for uid 10432
09-29 02:43:18.235  3119  3627 D DnsProxyListener: DNSDBG::dns addrinfo af 2
09-29 02:43:18.241  3119  3627 D EnterpriseController: netId is 0
09-29 02:43:18.241  3119  3627 D Netd    : getNetworkForDns: using netid 502 for uid 10432
09-29 02:43:18.241  3119  3627 D DnsProxyListener: DNSDBG::dns addrinfo af 2
09-29 02:43:18.405  3638  3744 D SamsungAlarmManager: Expired : 4
09-29 02:43:18.405  3638  3744 I SamsungAlarmManager: setLocked to kernel - T:2 / 20200929T024352, SetElapsed=188527106, nowELAPSED=188492841
09-29 02:43:18.405  3638  3744 V SamsungAlarmManager: Sending to uid : 1000 listener=android.app.AlarmManager$ListenerWrapper@d30ed08 alarm=Alarm{34a0a8 type 2 when 188492841 android}
09-29 02:43:18.406  3638  3638 D SamsungAlarmManager: setInexact Listener (T:2/F:0/AC:false) 20200929T024334 - CU:1000/CP:3638
09-29 02:43:18.406  3638  3638 I SamsungAlarmManager: setLocked to kernel - T:2 / 20200929T024334, SetElapsed=188509424, nowELAPSED=188492842
09-29 02:43:18.411  3638  3638 D CompatibilityInfo: mCompatibilityFlags - 0
09-29 02:43:18.411  3638  3638 D CompatibilityInfo: applicationDensity - 640
09-29 02:43:18.411  3638  3638 D CompatibilityInfo: applicationScale - 1.0
09-29 02:43:18.432 17355  3474 I System.out: (HTTPLog)-Static: isSBSettingEnabled false
09-29 02:43:18.432 17355  3474 I System.out: (HTTPLog)-Static: isSBSettingEnabled false
09-29 02:43:18.652  3119  3627 D EnterpriseController: netId is 0
09-29 02:43:18.652  3119  3627 D Netd    : getNetworkForDns: using netid 502 for uid 10432
09-29 02:43:18.652  3119  3627 D DnsProxyListener: DNSDBG::dns addrinfo af 2
09-29 02:43:18.684  3638  8725 I SamsungAlarmManager: setLocked to kernel - T:2 / 20200929T024352, SetElapsed=188527106, nowELAPSED=188493120
09-29 02:43:18.684  3638  8725 D SamsungAlarmManager: setInexact Listener (T:2/F:0/AC:false) 20200929T024334 - CU:1000/CP:3638
09-29 02:43:18.684  3638  8725 I SamsungAlarmManager: setLocked to kernel - T:2 / 20200929T024334, SetElapsed=188509424, nowELAPSED=188493120
09-29 02:43:18.685  3638  8725 I SamsungAlarmManager: setLocked to kernel - T:2 / 20200929T024336, SetElapsed=188511152, nowELAPSED=188493121
09-29 02:43:18.685  3638  8725 D SamsungAlarmManager: setInexact Listener (T:2/F:0/AC:false) 20200929T041307 - CU:1000/CP:3638
09-29 02:43:18.696  3638  3638 I SamsungAlarmManager: setLocked to kernel - T:2 / 20200929T024352, SetElapsed=188527106, nowELAPSED=188493132
09-29 02:43:18.696  3638  3638 D SamsungAlarmManager: setInexact Listener (T:2/F:0/AC:false) 20200929T024334 - CU:1000/CP:3638
09-29 02:43:18.696  3638  3638 I SamsungAlarmManager: setLocked to kernel - T:2 / 20200929T024334, SetElapsed=188509424, nowELAPSED=188493132
09-29 02:43:18.697  3638  3638 I SamsungAlarmManager: setLocked to kernel - T:2 / 20200929T024336, SetElapsed=188511152, nowELAPSED=188493133
09-29 02:43:18.697  3638  3638 D SamsungAlarmManager: setInexact Listener (T:2/F:0/AC:false) 20200929T041307 - CU:1000/CP:3638
09-29 02:43:18.995  6424  6424 W nAnnotationIntrospector: Unable to load JDK7 annotation types; will have to skip
09-29 02:43:19.082  6424  6675 I System.out: (HTTPLog)-Static: isSBSettingEnabled false
09-29 02:43:19.082  6424  6424 E ...ntity.auth.device.aa: No account mapping found for any account, returning null
09-29 02:43:19.084  6424  6556 D com.amazon.mShop.startup.task.FFSServiceTaskDescriptor: scheduleFFSStart
09-29 02:43:19.089  6424  6675 I System.out: (HTTPLog)-Static: isSBSettingEnabled false
09-29 02:43:19.093  3638  3651 D PackageManager: setEnabledSetting : userId = 0 packageName = com.amazon.mShop.android.shopping cmp = com.amazon.mShop.httpUrlDeepLink.HttpUrlDeepLinkingActivity newState = 1 callingPackage = 10432
09-29 02:43:19.101  3119  3627 D EnterpriseController: netId is 0
09-29 02:43:19.102  3119  3627 D Netd    : getNetworkForDns: using netid 502 for uid 10432
09-29 02:43:19.102  3119  3627 D DnsProxyListener: DNSDBG::dns addrinfo af 2
09-29 02:43:19.105  6424  6680 D FeatureIntegrationFileManager: Downloading new FIF from https://m.media-amazon.com/images/S/ssnap-msa/prod/featureInteg/android/v5/prod-feature-integration.json
09-29 02:43:19.106  3119  3627 D EnterpriseController: netId is 0
09-29 02:43:19.106  3119  3627 D Netd    : getNetworkForDns: using netid 502 for uid 10432
09-29 02:43:19.106  3119  3627 D DnsProxyListener: DNSDBG::dns addrinfo af 2
09-29 02:43:19.111  6424  6549 D MobileLoggingSuite: Updating MLS weblab MLS_APRIL_BACKGROUND_UPLOADER_206952 with treatment T1
09-29 02:43:19.111  6424  6523 D GoalsOrchestrator: Handling intent with action MODULE_START_ACTION
09-29 02:43:19.112  6424  6549 D MobileLoggingSuite: Updating MLS weblab MLS_NEXUS_FREQUENCY_MARCH_199907 with treatment T4
09-29 02:43:19.112  6424  6549 D MobileLoggingSuite: Updating MLS weblab MLS_SLA_164569 with treatment C_Client
09-29 02:43:19.115  3638  4855 D CompatibilityInfo: mCompatibilityFlags - 0
09-29 02:43:19.115  3638  4855 D CompatibilityInfo: applicationDensity - 640
09-29 02:43:19.115  3638  4855 D CompatibilityInfo: applicationScale - 1.0
09-29 02:43:19.117  3119  3627 D EnterpriseController: netId is 0
09-29 02:43:19.117  3119  3627 D Netd    : getNetworkForDns: using netid 502 for uid 10432
09-29 02:43:19.117  3119  3627 D DnsProxyListener: DNSDBG::dns addrinfo af 2
09-29 02:43:19.117  3638  4852 D PackageManager: setEnabledSetting : userId = 0 packageName = com.amazon.mShop.android.shopping cmp = com.amazon.mShop.httpUrlDeepLink.HttpUrlDeepLinkingActivity newState = 2 callingPackage = 10432
09-29 02:43:19.118  3119  3627 D EnterpriseController: netId is 0
09-29 02:43:19.118  3119  3627 D Netd    : getNetworkForDns: using netid 502 for uid 10432
09-29 02:43:19.118  3119  3627 D DnsProxyListener: DNSDBG::dns addrinfo af 2
09-29 02:43:19.126  6424  6424 V Javascript: Running Jacascript: ((function(args) {var badPageElement = []; var badPageDescription = []; if (document.getElementById('navbar')) { badPageElement.push('navbar'); badPageDescription.push('double nav bar for the mshop page'); } return ({ bad_page: badPageElement, bad_page_description: badPageDescription });})({})||{})
09-29 02:43:19.129  6424  6424 D LatencyEventLogger: dump events
09-29 02:43:19.143  6424  6548 W System.err: WARNING: could not load Java7 Path class
09-29 02:43:19.154  3119  3627 D EnterpriseController: netId is 0
09-29 02:43:19.154  3119  3627 D Netd    : getNetworkForDns: using netid 502 for uid 10432
09-29 02:43:19.154  3119  3627 D DnsProxyListener: DNSDBG::dns addrinfo af 2
09-29 02:43:19.178  6424  6429 I art     : Do partial code cache collection, code=109KB, data=119KB
09-29 02:43:19.181  6424  6429 I art     : After code cache collection, code=108KB, data=119KB
09-29 02:43:19.181  6424  6429 I art     : Increasing code cache capacity to 512KB
09-29 02:43:19.229  6424  6697 V fb-UnpackingSoSource: locked dso store /data/user/0/com.amazon.mShop.android.shopping/lib-main
09-29 02:43:19.229  6424  6697 I fb-UnpackingSoSource: dso store is up-to-date: /data/user/0/com.amazon.mShop.android.shopping/lib-main
